--------- beginning of /dev/log/system
W/NativeCrashListener( 1560): Couldn't find ProcessRecord for pid 2017
I/BootReceiver( 1560): Copying /data/tombstones/tombstone_00 to DropBox (SYSTEM_TOMBSTONE)
W/NativeCrashListener( 1560): Couldn't find ProcessRecord for pid 2028
I/BootReceiver( 1560): Copying /data/tombstones/tombstone_01 to DropBox (SYSTEM_TOMBSTONE)
W/NativeCrashListener( 1560): Couldn't find ProcessRecord for pid 2038
I/BootReceiver( 1560): Copying /data/tombstones/tombstone_02 to DropBox (SYSTEM_TOMBSTONE)
W/NativeCrashListener( 1560): Couldn't find ProcessRecord for pid 2048
I/BootReceiver( 1560): Copying /data/tombstones/tombstone_03 to DropBox (SYSTEM_TOMBSTONE)
W/NativeCrashListener( 1560): Couldn't find ProcessRecord for pid 2058
I/BootReceiver( 1560): Copying /data/tombstones/tombstone_04 to DropBox (SYSTEM_TOMBSTONE)
W/NativeCrashListener( 1560): Couldn't find ProcessRecord for pid 2068
I/BootReceiver( 1560): Copying /data/tombstones/tombstone_05 to DropBox (SYSTEM_TOMBSTONE)
W/NativeCrashListener( 1560): Couldn't find ProcessRecord for pid 2078
I/BootReceiver( 1560): Copying /data/tombstones/tombstone_06 to DropBox (SYSTEM_TOMBSTONE)
W/NativeCrashListener( 1560): Couldn't find ProcessRecord for pid 2088
I/BootReceiver( 1560): Copying /data/tombstones/tombstone_07 to DropBox (SYSTEM_TOMBSTONE)
W/NativeCrashListener( 1560): Couldn't find ProcessRecord for pid 2098
I/BootReceiver( 1560): Copying /data/tombstones/tombstone_08 to DropBox (SYSTEM_TOMBSTONE)
W/NativeCrashListener( 1560): Couldn't find ProcessRecord for pid 2108
I/BootReceiver( 1560): Copying /data/tombstones/tombstone_09 to DropBox (SYSTEM_TOMBSTONE)
W/NativeCrashListener( 1560): Couldn't find ProcessRecord for pid 2118
I/BootReceiver( 1560): Copying /data/tombstones/tombstone_00 to DropBox (SYSTEM_TOMBSTONE)
W/NativeCrashListener( 1560): Couldn't find ProcessRecord for pid 2128
I/BootReceiver( 1560): Copying /data/tombstones/tombstone_01 to DropBox (SYSTEM_TOMBSTONE)
W/NativeCrashListener( 1560): Couldn't find ProcessRecord for pid 2138
I/BootReceiver( 1560): Copying /data/tombstones/tombstone_02 to DropBox (SYSTEM_TOMBSTONE)
W/NativeCrashListener( 1560): Couldn't find ProcessRecord for pid 2148
I/BootReceiver( 1560): Copying /data/tombstones/tombstone_03 to DropBox (SYSTEM_TOMBSTONE)
W/NativeCrashListener( 1560): Couldn't find ProcessRecord for pid 2158
I/BootReceiver( 1560): Copying /data/tombstones/tombstone_04 to DropBox (SYSTEM_TOMBSTONE)
W/NativeCrashListener( 1560): Couldn't find ProcessRecord for pid 2168
I/BootReceiver( 1560): Copying /data/tombstones/tombstone_05 to DropBox (SYSTEM_TOMBSTONE)
W/NativeCrashListener( 1560): Couldn't find ProcessRecord for pid 2178
I/BootReceiver( 1560): Copying /data/tombstones/tombstone_06 to DropBox (SYSTEM_TOMBSTONE)
W/NativeCrashListener( 1560): Couldn't find ProcessRecord for pid 2188
I/BootReceiver( 1560): Copying /data/tombstones/tombstone_00 to DropBox (SYSTEM_TOMBSTONE)
W/NativeCrashListener( 1560): Couldn't find ProcessRecord for pid 2198
I/BootReceiver( 1560): Copying /data/tombstones/tombstone_07 to DropBox (SYSTEM_TOMBSTONE)
W/NativeCrashListener( 1560): Couldn't find ProcessRecord for pid 2208
I/BootReceiver( 1560): Copying /data/tombstones/tombstone_08 to DropBox (SYSTEM_TOMBSTONE)
W/NativeCrashListener( 1560): Couldn't find ProcessRecord for pid 2218
I/BootReceiver( 1560): Copying /data/tombstones/tombstone_09 to DropBox (SYSTEM_TOMBSTONE)
W/NativeCrashListener( 1560): Couldn't find ProcessRecord for pid 2228
I/BootReceiver( 1560): Copying /data/tombstones/tombstone_01 to DropBox (SYSTEM_TOMBSTONE)
W/NativeCrashListener( 1560): Couldn't find ProcessRecord for pid 2238
I/BootReceiver( 1560): Copying /data/tombstones/tombstone_02 to DropBox (SYSTEM_TOMBSTONE)
W/NativeCrashListener( 1560): Couldn't find ProcessRecord for pid 2248
I/BootReceiver( 1560): Copying /data/tombstones/tombstone_03 to DropBox (SYSTEM_TOMBSTONE)
W/NativeCrashListener( 1560): Couldn't find ProcessRecord for pid 2258
I/BootReceiver( 1560): Copying /data/tombstones/tombstone_00 to DropBox (SYSTEM_TOMBSTONE)
W/NativeCrashListener( 1560): Couldn't find ProcessRecord for pid 2278
I/BootReceiver( 1560): Copying /data/tombstones/tombstone_04 to DropBox (SYSTEM_TOMBSTONE)
W/NativeCrashListener( 1560): Couldn't find ProcessRecord for pid 2288
I/BootReceiver( 1560): Copying /data/tombstones/tombstone_05 to DropBox (SYSTEM_TOMBSTONE)
W/NativeCrashListener( 1560): Couldn't find ProcessRecord for pid 2298
I/BootReceiver( 1560): Copying /data/tombstones/tombstone_06 to DropBox (SYSTEM_TOMBSTONE)
W/NativeCrashListener( 1560): Couldn't find ProcessRecord for pid 2308
I/BootReceiver( 1560): Copying /data/tombstones/tombstone_07 to DropBox (SYSTEM_TOMBSTONE)
W/NativeCrashListener( 1560): Couldn't find ProcessRecord for pid 2318
I/BootReceiver( 1560): Copying /data/tombstones/tombstone_08 to DropBox (SYSTEM_TOMBSTONE)
W/NativeCrashListener( 1560): Couldn't find ProcessRecord for pid 2328
I/BootReceiver( 1560): Copying /data/tombstones/tombstone_09 to DropBox (SYSTEM_TOMBSTONE)
W/NativeCrashListener( 1560): Couldn't find ProcessRecord for pid 2338
I/BootReceiver( 1560): Copying /data/tombstones/tombstone_00 to DropBox (SYSTEM_TOMBSTONE)
W/NativeCrashListener( 1560): Couldn't find ProcessRecord for pid 2348
I/BootReceiver( 1560): Copying /data/tombstones/tombstone_01 to DropBox (SYSTEM_TOMBSTONE)
W/NativeCrashListener( 1560): Couldn't find ProcessRecord for pid 2368
I/BootReceiver( 1560): Copying /data/tombstones/tombstone_02 to DropBox (SYSTEM_TOMBSTONE)
W/NativeCrashListener( 1560): Couldn't find ProcessRecord for pid 2388
I/BootReceiver( 1560): Copying /data/tombstones/tombstone_03 to DropBox (SYSTEM_TOMBSTONE)
W/NativeCrashListener( 1560): Couldn't find ProcessRecord for pid 2398
I/BootReceiver( 1560): Copying /data/tombstones/tombstone_04 to DropBox (SYSTEM_TOMBSTONE)
W/NativeCrashListener( 1560): Couldn't find ProcessRecord for pid 2408
I/BootReceiver( 1560): Copying /data/tombstones/tombstone_05 to DropBox (SYSTEM_TOMBSTONE)
W/NativeCrashListener( 1560): Couldn't find ProcessRecord for pid 2428
I/BootReceiver( 1560): Copying /data/tombstones/tombstone_06 to DropBox (SYSTEM_TOMBSTONE)
W/NativeCrashListener( 1560): Couldn't find ProcessRecord for pid 2438
I/BootReceiver( 1560): Copying /data/tombstones/tombstone_07 to DropBox (SYSTEM_TOMBSTONE)
W/NativeCrashListener( 1560): Couldn't find ProcessRecord for pid 2448
I/BootReceiver( 1560): Copying /data/tombstones/tombstone_08 to DropBox (SYSTEM_TOMBSTONE)
W/NativeCrashListener( 1560): Couldn't find ProcessRecord for pid 2458
I/BootReceiver( 1560): Copying /data/tombstones/tombstone_00 to DropBox (SYSTEM_TOMBSTONE)
W/NativeCrashListener( 1560): Couldn't find ProcessRecord for pid 2478
I/BootReceiver( 1560): Copying /data/tombstones/tombstone_01 to DropBox (SYSTEM_TOMBSTONE)
W/NativeCrashListener( 1560): Couldn't find ProcessRecord for pid 2488
I/BootReceiver( 1560): Copying /data/tombstones/tombstone_09 to DropBox (SYSTEM_TOMBSTONE)
W/NativeCrashListener( 1560): Couldn't find ProcessRecord for pid 2498
I/BootReceiver( 1560): Copying /data/tombstones/tombstone_02 to DropBox (SYSTEM_TOMBSTONE)
W/NativeCrashListener( 1560): Couldn't find ProcessRecord for pid 2508
I/BootReceiver( 1560): Copying /data/tombstones/tombstone_03 to DropBox (SYSTEM_TOMBSTONE)
W/NativeCrashListener( 1560): Couldn't find ProcessRecord for pid 2518
I/BootReceiver( 1560): Copying /data/tombstones/tombstone_04 to DropBox (SYSTEM_TOMBSTONE)
W/NativeCrashListener( 1560): Couldn't find ProcessRecord for pid 2538
I/BootReceiver( 1560): Copying /data/tombstones/tombstone_05 to DropBox (SYSTEM_TOMBSTONE)
W/NativeCrashListener( 1560): Couldn't find ProcessRecord for pid 2548
I/BootReceiver( 1560): Copying /data/tombstones/tombstone_06 to DropBox (SYSTEM_TOMBSTONE)
W/NativeCrashListener( 1560): Couldn't find ProcessRecord for pid 2558
I/BootReceiver( 1560): Copying /data/tombstones/tombstone_07 to DropBox (SYSTEM_TOMBSTONE)
W/NativeCrashListener( 1560): Couldn't find ProcessRecord for pid 2568
I/BootReceiver( 1560): Copying /data/tombstones/tombstone_08 to DropBox (SYSTEM_TOMBSTONE)
W/NativeCrashListener( 1560): Couldn't find ProcessRecord for pid 2578
I/BootReceiver( 1560): Copying /data/tombstones/tombstone_00 to DropBox (SYSTEM_TOMBSTONE)
W/NativeCrashListener( 1560): Couldn't find ProcessRecord for pid 2588
I/BootReceiver( 1560): Copying /data/tombstones/tombstone_01 to DropBox (SYSTEM_TOMBSTONE)
W/NativeCrashListener( 1560): Couldn't find ProcessRecord for pid 2598
I/BootReceiver( 1560): Copying /data/tombstones/tombstone_02 to DropBox (SYSTEM_TOMBSTONE)
--------- beginning of /dev/log/main
I/DEBUG   ( 1141): *** *** *** *** *** *** *** *** *** *** *** *** *** *** *** ***
I/DEBUG   ( 1141): Build fingerprint: 'generic_x86/sdk_x86/generic_x86:4.4.2/KK/4174703:eng/test-keys'
I/DEBUG   ( 1141): Revision: '0'
I/DEBUG   ( 1141): pid: 2608, tid: 2608, name: dexdump  >>> /system/xbin/dexdump <<<
I/DEBUG   ( 1141): signal 11 (SIGSEGV), code 2 (SEGV_ACCERR), fault addr b7707006
I/DEBUG   ( 1141): 
I/DEBUG   ( 1141): backtrace:
I/DEBUG   ( 1141): AM write failure (32 / Broken pipe)
I/DEBUG   ( 1141):     #00  pc 00001500  /system/lib/libz.so (adler32+208)
I/DEBUG   ( 1141):     #01  pc 000101e1  /system/xbin/dexdump (dexSwapAndVerify(unsigned char*, int)+273)
I/DEBUG   ( 1141):     #02  pc 0000746b  /system/xbin/dexdump (dexOpenAndMap(char const*, char const*, MemMapping*, bool)+923)
I/DEBUG   ( 1141):     #03  pc 00006b9a  /system/xbin/dexdump (main+554)
I/DEBUG   ( 1141):     #04  pc 0000d52c  /system/lib/libc.so (__libc_init+108)
I/DEBUG   ( 1141):     #05  pc 00001771  /system/xbin/dexdump (_start+97)
I/DEBUG   ( 1141): 
I/DEBUG   ( 1141): stack:
I/DEBUG   ( 1141):          bfc7c860  b773f7bc  /system/bin/linker (__dl__ZN6soinfo16CallConstructorsEv.part.10+316)
I/DEBUG   ( 1141):          bfc7c864  b7645cfc  /system/lib/libm.so
I/DEBUG   ( 1141):          bfc7c868  b773b23c  
I/DEBUG   ( 1141):          bfc7c86c  00000003  
I/DEBUG   ( 1141):          bfc7c870  b7741c85  /system/bin/linker (__dl__ZL17soinfo_link_imageP6soinfo+2421)
I/DEBUG   ( 1141):          bfc7c874  b7760034  /system/xbin/dexdump
I/DEBUG   ( 1141):          bfc7c878  00000008  
I/DEBUG   ( 1141):          bfc7c87c  b7760000  /system/xbin/dexdump
I/DEBUG   ( 1141):          bfc7c880  00000000  
I/DEBUG   ( 1141):          bfc7c884  b775dfe4  /system/bin/linker
I/DEBUG   ( 1141):          bfc7c888  00000000  
I/DEBUG   ( 1141):          bfc7c88c  00000001  
I/DEBUG   ( 1141):          bfc7c890  b775727c  /system/bin/linker
I/DEBUG   ( 1141):          bfc7c894  00000000  
I/DEBUG   ( 1141):          bfc7c898  b773b474  
I/DEBUG   ( 1141):          bfc7c89c  b773b358  
I/DEBUG   ( 1141):     #00  bfc7c8a0  000c196d  
I/DEBUG   ( 1141):          bfc7c8a4  000c196d  
I/DEBUG   ( 1141):          bfc7c8a8  000c196d  
I/DEBUG   ( 1141):          bfc7c8ac  000c196d  
I/DEBUG   ( 1141):          bfc7c8b0  000c196d  
I/DEBUG   ( 1141):          bfc7c8b4  000c196d  
I/DEBUG   ( 1141):          bfc7c8b8  000c196d  
I/DEBUG   ( 1141):          bfc7c8bc  000c196d  
I/DEBUG   ( 1141):          bfc7c8c0  000c196d  
I/DEBUG   ( 1141):          bfc7c8c4  000c196d  
I/DEBUG   ( 1141):          bfc7c8c8  000c196d  
I/DEBUG   ( 1141):          bfc7c8cc  000c196d  
I/DEBUG   ( 1141):          bfc7c8d0  a39c0e6b  
I/DEBUG   ( 1141):          bfc7c8d4  b77070bc  
I/DEBUG   ( 1141):          bfc7c8d8  b763d7a9  /system/lib/liblog.so (__android_log_print+9)
I/DEBUG   ( 1141):          bfc7c8dc  b777af28  /system/xbin/dexdump
I/DEBUG   ( 1141):          ........  ........
I/DEBUG   ( 1141):     #01  bfc7c8f0  00000001  
I/DEBUG   ( 1141):          bfc7c8f4  b759500c  /data/local/tmp/sample60.dex_repaired.dex
I/DEBUG   ( 1141):          bfc7c8f8  ffe8df44  
I/DEBUG   ( 1141):          bfc7c8fc  00000000  
I/DEBUG   ( 1141):          bfc7c900  00086ba3  
I/DEBUG   ( 1141):          bfc7c904  b7595000  /data/local/tmp/sample60.dex_repaired.dex
I/DEBUG   ( 1141):          bfc7c908  b76aa325  /system/lib/libc.so (madvise+37)
I/DEBUG   ( 1141):          bfc7c90c  00000016  
I/DEBUG   ( 1141):          bfc7c910  00000003  
I/DEBUG   ( 1141):          bfc7c914  00008000  
I/DEBUG   ( 1141):          bfc7c918  b7709fcc  /system/lib/libc.so
I/DEBUG   ( 1141):          bfc7c91c  b7685e2c  /system/lib/libc.so (mmap+188)
I/DEBUG   ( 1141):          bfc7c920  b7595000  /data/local/tmp/sample60.dex_repaired.dex
I/DEBUG   ( 1141):          bfc7c924  00086ba3  
I/DEBUG   ( 1141):          bfc7c928  0000000c  
I/DEBUG   ( 1141):          bfc7c92c  00000000  
I/DEBUG   ( 1141):          ........  ........
I/DEBUG   ( 1141):     #02  bfc7c9a0  b7595000  /data/local/tmp/sample60.dex_repaired.dex
I/DEBUG   ( 1141):          bfc7c9a4  00086ba3  
I/DEBUG   ( 1141):          bfc7c9a8  00000001  
I/DEBUG   ( 1141):          bfc7c9ac  bfc7ca90  [stack]
I/DEBUG   ( 1141):          bfc7c9b0  b76f0c7c  /system/lib/libc.so
I/DEBUG   ( 1141):          bfc7c9b4  00000002  
I/DEBUG   ( 1141):          bfc7c9b8  bfc7cb24  [stack]
I/DEBUG   ( 1141):          bfc7c9bc  bfc7cb30  [stack]
I/DEBUG   ( 1141):          bfc7c9c0  00000003  
I/DEBUG   ( 1141):          bfc7c9c4  00000000  
I/DEBUG   ( 1141):          bfc7c9c8  00000000  
I/DEBUG   ( 1141):          bfc7c9cc  76f89e00  
I/DEBUG   ( 1141):          bfc7c9d0  00000000  
I/DEBUG   ( 1141):          bfc7c9d4  ffffffff  
I/DEBUG   ( 1141):          bfc7c9d8  b76b7c0b  /system/lib/libc.so (__vfprintf+11)
I/DEBUG   ( 1141):          bfc7c9dc  b7709fcc  /system/lib/libc.so
I/DEBUG   ( 1141):          ........  ........
I/DEBUG   ( 1141): 
I/DEBUG   ( 1141): memory map around fault addr b7707006:
I/DEBUG   ( 1141):     b766e000-b7707000 r-x /system/lib/libc.so
I/DEBUG   ( 1141):     b7707000-b7708000 --- 
I/DEBUG   ( 1141):     b7708000-b770a000 r-- /system/lib/libc.so
W/NativeCrashListener( 1560): Couldn't find ProcessRecord for pid 2608
I/BootReceiver( 1560): Copying /data/tombstones/tombstone_09 to DropBox (SYSTEM_TOMBSTONE)
F/CRASH_LOGGER( 2616): SIGSEGV : sample19.dex_repaired.dex 
W/dalvikvm( 2618): WARNING: Odd length: expected 0, got 549383
F/libc    ( 2618): Fatal signal 11 (SIGSEGV) at 0xb7742006 (code=2), thread 2618 (dexdump)
I/DEBUG   ( 1141): *** *** *** *** *** *** *** *** *** *** *** *** *** *** *** ***
I/DEBUG   ( 1141): Build fingerprint: 'generic_x86/sdk_x86/generic_x86:4.4.2/KK/4174703:eng/test-keys'
I/DEBUG   ( 1141): Revision: '0'
I/DEBUG   ( 1141): pid: 2618, tid: 2618, name: dexdump  >>> /system/xbin/dexdump <<<
I/DEBUG   ( 1141): signal 11 (SIGSEGV), code 2 (SEGV_ACCERR), fault addr b7742006
W/NativeCrashListener( 1560): Couldn't find ProcessRecord for pid 2618
I/DEBUG   ( 1141): 
I/DEBUG   ( 1141): backtrace:
I/DEBUG   ( 1141): AM write failure (32 / Broken pipe)
I/DEBUG   ( 1141):     #00  pc 00001500  /system/lib/libz.so (adler32+208)
I/DEBUG   ( 1141):     #01  pc 000101e1  /system/xbin/dexdump (dexSwapAndVerify(unsigned char*, int)+273)
I/DEBUG   ( 1141):     #02  pc 0000746b  /system/xbin/dexdump (dexOpenAndMap(char const*, char const*, MemMapping*, bool)+923)
I/DEBUG   ( 1141):     #03  pc 00006b9a  /system/xbin/dexdump (main+554)
I/DEBUG   ( 1141):     #04  pc 0000d52c  /system/lib/libc.so (__libc_init+108)
I/DEBUG   ( 1141):     #05  pc 00001771  /system/xbin/dexdump (_start+97)
I/DEBUG   ( 1141): 
I/DEBUG   ( 1141): stack:
I/DEBUG   ( 1141):          bf8d23c0  b777a7bc  /system/bin/linker (__dl__ZN6soinfo16CallConstructorsEv.part.10+316)
I/DEBUG   ( 1141):          bf8d23c4  b7680cfc  /system/lib/libm.so
I/DEBUG   ( 1141):          bf8d23c8  b777623c  
I/DEBUG   ( 1141):          bf8d23cc  00000003  
I/DEBUG   ( 1141):          bf8d23d0  b777cc85  /system/bin/linker (__dl__ZL17soinfo_link_imageP6soinfo+2421)
I/DEBUG   ( 1141):          bf8d23d4  b779b034  /system/xbin/dexdump
I/DEBUG   ( 1141):          bf8d23d8  00000008  
I/DEBUG   ( 1141):          bf8d23dc  b779b000  /system/xbin/dexdump
I/DEBUG   ( 1141):          bf8d23e0  00000000  
I/DEBUG   ( 1141):          bf8d23e4  b7798fe4  /system/bin/linker
I/DEBUG   ( 1141):          bf8d23e8  00000000  
I/DEBUG   ( 1141):          bf8d23ec  00000001  
I/DEBUG   ( 1141):          bf8d23f0  b779227c  /system/bin/linker
I/DEBUG   ( 1141):          bf8d23f4  00000000  
I/DEBUG   ( 1141):          bf8d23f8  b7776474  
I/DEBUG   ( 1141):          bf8d23fc  b7776358  
I/DEBUG   ( 1141):     #00  bf8d2400  000bbcb0  
I/DEBUG   ( 1141):          bf8d2404  000bbcb0  
I/DEBUG   ( 1141):          bf8d2408  000bbcb0  
I/DEBUG   ( 1141):          bf8d240c  000bbcb0  
I/DEBUG   ( 1141):          bf8d2410  000bbcb0  
I/DEBUG   ( 1141):          bf8d2414  000bbcb0  
I/DEBUG   ( 1141):          bf8d2418  000bbcb0  
I/DEBUG   ( 1141):          bf8d241c  000bbcb0  
I/DEBUG   ( 1141):          bf8d2420  000bbcb0  
I/DEBUG   ( 1141):          bf8d2424  000bbcb0  
I/DEBUG   ( 1141):          bf8d2428  000bbcb0  
I/DEBUG   ( 1141):          bf8d242c  000bbcb0  
I/DEBUG   ( 1141):          bf8d2430  9c06e237  
I/DEBUG   ( 1141):          bf8d2434  b77420bc  
I/DEBUG   ( 1141):          bf8d2438  b76787a9  /system/lib/liblog.so (__android_log_print+9)
I/DEBUG   ( 1141):          bf8d243c  b77b5f28  /system/xbin/dexdump
I/DEBUG   ( 1141):          ........  ........
I/DEBUG   ( 1141):     #01  bf8d2450  00000001  
I/DEBUG   ( 1141):          bf8d2454  b75d000c  /data/local/tmp/sample19.dex_repaired.dex
I/DEBUG   ( 1141):          bf8d2458  ffe8df44  
I/DEBUG   ( 1141):          bf8d245c  00000000  
I/DEBUG   ( 1141):          bf8d2460  00086207  
I/DEBUG   ( 1141):          bf8d2464  b75d0000  /data/local/tmp/sample19.dex_repaired.dex
I/DEBUG   ( 1141):          bf8d2468  b76e5325  /system/lib/libc.so (madvise+37)
I/DEBUG   ( 1141):          bf8d246c  00000016  
I/DEBUG   ( 1141):          bf8d2470  00000003  
I/DEBUG   ( 1141):          bf8d2474  00008000  
I/DEBUG   ( 1141):          bf8d2478  b7744fcc  /system/lib/libc.so
I/DEBUG   ( 1141):          bf8d247c  b76c0e2c  /system/lib/libc.so (mmap+188)
I/DEBUG   ( 1141):          bf8d2480  b75d0000  /data/local/tmp/sample19.dex_repaired.dex
I/DEBUG   ( 1141):          bf8d2484  00086207  
I/DEBUG   ( 1141):          bf8d2488  0000000c  
I/DEBUG   ( 1141):          bf8d248c  00000000  
I/DEBUG   ( 1141):          ........  ........
I/DEBUG   ( 1141):     #02  bf8d2500  b75d0000  /data/local/tmp/sample19.dex_repaired.dex
I/DEBUG   ( 1141):          bf8d2504  00086207  
I/DEBUG   ( 1141):          bf8d2508  00000001  
I/DEBUG   ( 1141):          bf8d250c  bf8d25f0  [stack]
I/DEBUG   ( 1141):          bf8d2510  b772bc7c  /system/lib/libc.so
I/DEBUG   ( 1141):          bf8d2514  00000002  
I/DEBUG   ( 1141):          bf8d2518  bf8d2684  [stack]
I/DEBUG   ( 1141):          bf8d251c  bf8d2690  [stack]
I/DEBUG   ( 1141):          bf8d2520  00000003  
I/DEBUG   ( 1141):          bf8d2524  00000000  
I/DEBUG   ( 1141):          bf8d2528  00000000  
I/DEBUG   ( 1141):          bf8d252c  53523f00  
I/DEBUG   ( 1141):          bf8d2530  00000000  
I/DEBUG   ( 1141):          bf8d2534  ffffffff  
I/DEBUG   ( 1141):          bf8d2538  b76f2c0b  /system/lib/libc.so (__vfprintf+11)
I/DEBUG   ( 1141):          bf8d253c  b7744fcc  /system/lib/libc.so
I/DEBUG   ( 1141):          ........  ........
I/DEBUG   ( 1141): 
I/DEBUG   ( 1141): memory map around fault addr b7742006:
I/DEBUG   ( 1141):     b76a9000-b7742000 r-x /system/lib/libc.so
I/DEBUG   ( 1141):     b7742000-b7743000 --- 
I/DEBUG   ( 1141):     b7743000-b7745000 r-- /system/lib/libc.so
I/BootReceiver( 1560): Copying /data/tombstones/tombstone_03 to DropBox (SYSTEM_TOMBSTONE)
D/dalvikvm( 1560): GC_FOR_ALLOC freed 428K, 14% free 5350K/6160K, paused 18ms, total 18ms
F/CRASH_LOGGER( 2626): SIGSEGV : sample50.dex_repaired.dex 
W/dalvikvm( 2628): WARNING: Odd length: expected 0, got 551897
F/libc    ( 2628): Fatal signal 11 (SIGSEGV) at 0xb773a006 (code=2), thread 2628 (dexdump)
I/DEBUG   ( 1141): *** *** *** *** *** *** *** *** *** *** *** *** *** *** *** ***
I/DEBUG   ( 1141): Build fingerprint: 'generic_x86/sdk_x86/generic_x86:4.4.2/KK/4174703:eng/test-keys'
I/DEBUG   ( 1141): Revision: '0'
I/DEBUG   ( 1141): pid: 2628, tid: 2628, name: dexdump  >>> /system/xbin/dexdump <<<
I/DEBUG   ( 1141): signal 11 (SIGSEGV), code 2 (SEGV_ACCERR), fault addr b773a006
I/DEBUG   ( 1141): 
I/DEBUG   ( 1141): backtrace:
I/DEBUG   ( 1141): AM write failure (32 / Broken pipe)
I/DEBUG   ( 1141):     #00  pc 00001500  /system/lib/libz.so (adler32+208)
I/DEBUG   ( 1141):     #01  pc 000101e1  /system/xbin/dexdump (dexSwapAndVerify(unsigned char*, int)+273)
I/DEBUG   ( 1141):     #02  pc 0000746b  /system/xbin/dexdump (dexOpenAndMap(char const*, char const*, MemMapping*, bool)+923)
I/DEBUG   ( 1141):     #03  pc 00006b9a  /system/xbin/dexdump (main+554)
I/DEBUG   ( 1141):     #04  pc 0000d52c  /system/lib/libc.so (__libc_init+108)
I/DEBUG   ( 1141):     #05  pc 00001771  /system/xbin/dexdump (_start+97)
I/DEBUG   ( 1141): 
I/DEBUG   ( 1141): stack:
I/DEBUG   ( 1141):          bff5d960  b77727bc  /system/bin/linker (__dl__ZN6soinfo16CallConstructorsEv.part.10+316)
I/DEBUG   ( 1141):          bff5d964  b7678cfc  /system/lib/libm.so
I/DEBUG   ( 1141):          bff5d968  b776e23c  
I/DEBUG   ( 1141):          bff5d96c  00000003  
I/DEBUG   ( 1141):          bff5d970  b7774c85  /system/bin/linker (__dl__ZL17soinfo_link_imageP6soinfo+2421)
I/DEBUG   ( 1141):          bff5d974  b7793034  /system/xbin/dexdump
I/DEBUG   ( 1141):          bff5d978  00000008  
I/DEBUG   ( 1141):          bff5d97c  b7793000  /system/xbin/dexdump
I/DEBUG   ( 1141):          bff5d980  00000000  
I/DEBUG   ( 1141):          bff5d984  b7790fe4  /system/bin/linker
I/DEBUG   ( 1141):          bff5d988  00000000  
I/DEBUG   ( 1141):          bff5d98c  00000001  
I/DEBUG   ( 1141):          bff5d990  b778a27c  /system/bin/linker
I/DEBUG   ( 1141):          bff5d994  00000000  
I/DEBUG   ( 1141):          bff5d998  b776e474  
I/DEBUG   ( 1141):          bff5d99c  b776e358  
I/DEBUG   ( 1141):     #00  bff5d9a0  000c326c  
I/DEBUG   ( 1141):          bff5d9a4  000c326c  
I/DEBUG   ( 1141):          bff5d9a8  000c326c  
I/DEBUG   ( 1141):          bff5d9ac  000c326c  
I/DEBUG   ( 1141):          bff5d9b0  000c326c  
I/DEBUG   ( 1141):          bff5d9b4  000c326c  
I/DEBUG   ( 1141):          bff5d9b8  000c326c  
I/DEBUG   ( 1141):          bff5d9bc  000c326c  
I/DEBUG   ( 1141):          bff5d9c0  000c326c  
I/DEBUG   ( 1141):          bff5d9c4  000c326c  
I/DEBUG   ( 1141):          bff5d9c8  000c326c  
I/DEBUG   ( 1141):          bff5d9cc  000c326c  
I/DEBUG   ( 1141):          bff5d9d0  a5a7f109  
I/DEBUG   ( 1141):          bff5d9d4  b773a0bc  
I/DEBUG   ( 1141):          bff5d9d8  b76707a9  /system/lib/liblog.so (__android_log_print+9)
I/DEBUG   ( 1141):          bff5d9dc  b77adf28  /system/xbin/dexdump
I/DEBUG   ( 1141):          ........  ........
I/DEBUG   ( 1141):     #01  bff5d9f0  00000001  
I/DEBUG   ( 1141):          bff5d9f4  b75c800c  /data/local/tmp/sample50.dex_repaired.dex
I/DEBUG   ( 1141):          bff5d9f8  ffe8df44  
I/DEBUG   ( 1141):          bff5d9fc  00000000  
I/DEBUG   ( 1141):          bff5da00  00086bd9  
I/DEBUG   ( 1141):          bff5da04  b75c8000  /data/local/tmp/sample50.dex_repaired.dex
I/DEBUG   ( 1141):          bff5da08  b76dd325  /system/lib/libc.so (madvise+37)
I/DEBUG   ( 1141):          bff5da0c  00000016  
I/DEBUG   ( 1141):          bff5da10  00000003  
I/DEBUG   ( 1141):          bff5da14  00008000  
I/DEBUG   ( 1141):          bff5da18  b773cfcc  /system/lib/libc.so
I/DEBUG   ( 1141):          bff5da1c  b76b8e2c  /system/lib/libc.so (mmap+188)
I/DEBUG   ( 1141):          bff5da20  b75c8000  /data/local/tmp/sample50.dex_repaired.dex
I/DEBUG   ( 1141):          bff5da24  00086bd9  
I/DEBUG   ( 1141):          bff5da28  0000000c  
I/DEBUG   ( 1141):          bff5da2c  00000000  
I/DEBUG   ( 1141):          ........  ........
I/DEBUG   ( 1141):     #02  bff5daa0  b75c8000  /data/local/tmp/sample50.dex_repaired.dex
I/DEBUG   ( 1141):          bff5daa4  00086bd9  
I/DEBUG   ( 1141):          bff5daa8  00000001  
I/DEBUG   ( 1141):          bff5daac  bff5db90  [stack]
I/DEBUG   ( 1141):          bff5dab0  b7723c7c  /system/lib/libc.so
I/DEBUG   ( 1141):          bff5dab4  00000002  
I/DEBUG   ( 1141):          bff5dab8  bff5dc24  [stack]
I/DEBUG   ( 1141):          bff5dabc  bff5dc30  [stack]
I/DEBUG   ( 1141):          bff5dac0  00000003  
I/DEBUG   ( 1141):          bff5dac4  00000000  
I/DEBUG   ( 1141):          bff5dac8  00000000  
I/DEBUG   ( 1141):          bff5dacc  9aaa4900  
I/DEBUG   ( 1141):          bff5dad0  00000000  
I/DEBUG   ( 1141):          bff5dad4  ffffffff  
I/DEBUG   ( 1141):          bff5dad8  b76eac0b  /system/lib/libc.so (__vfprintf+11)
I/DEBUG   ( 1141):          bff5dadc  b773cfcc  /system/lib/libc.so
I/DEBUG   ( 1141):          ........  ........
I/DEBUG   ( 1141): 
I/DEBUG   ( 1141): memory map around fault addr b773a006:
I/DEBUG   ( 1141):     b76a1000-b773a000 r-x /system/lib/libc.so
I/DEBUG   ( 1141):     b773a000-b773b000 --- 
I/DEBUG   ( 1141):     b773b000-b773d000 r-- /system/lib/libc.so
W/NativeCrashListener( 1560): Couldn't find ProcessRecord for pid 2628
I/BootReceiver( 1560): Copying /data/tombstones/tombstone_04 to DropBox (SYSTEM_TOMBSTONE)
F/CRASH_LOGGER( 2636): SIGSEGV : sample48.dex_repaired.dex 
W/dalvikvm( 2638): WARNING: Odd length: expected 0, got 547976
F/libc    ( 2638): Fatal signal 11 (SIGSEGV) at 0xb773f006 (code=2), thread 2638 (dexdump)
I/DEBUG   ( 1141): *** *** *** *** *** *** *** *** *** *** *** *** *** *** *** ***
I/DEBUG   ( 1141): Build fingerprint: 'generic_x86/sdk_x86/generic_x86:4.4.2/KK/4174703:eng/test-keys'
I/DEBUG   ( 1141): Revision: '0'
I/DEBUG   ( 1141): pid: 2638, tid: 2638, name: dexdump  >>> /system/xbin/dexdump <<<
I/DEBUG   ( 1141): signal 11 (SIGSEGV), code 2 (SEGV_ACCERR), fault addr b773f006
W/NativeCrashListener( 1560): Couldn't find ProcessRecord for pid 2638
I/DEBUG   ( 1141): 
I/DEBUG   ( 1141): backtrace:
I/DEBUG   ( 1141): AM write failure (32 / Broken pipe)
I/DEBUG   ( 1141):     #00  pc 00001500  /system/lib/libz.so (adler32+208)
I/DEBUG   ( 1141):     #01  pc 000101e1  /system/xbin/dexdump (dexSwapAndVerify(unsigned char*, int)+273)
I/DEBUG   ( 1141):     #02  pc 0000746b  /system/xbin/dexdump (dexOpenAndMap(char const*, char const*, MemMapping*, bool)+923)
I/DEBUG   ( 1141):     #03  pc 00006b9a  /system/xbin/dexdump (main+554)
I/DEBUG   ( 1141):     #04  pc 0000d52c  /system/lib/libc.so (__libc_init+108)
I/DEBUG   ( 1141):     #05  pc 00001771  /system/xbin/dexdump (_start+97)
I/DEBUG   ( 1141): 
I/DEBUG   ( 1141): stack:
I/DEBUG   ( 1141):          bfe99e90  b77777bc  /system/bin/linker (__dl__ZN6soinfo16CallConstructorsEv.part.10+316)
I/DEBUG   ( 1141):          bfe99e94  b767dcfc  /system/lib/libm.so
I/DEBUG   ( 1141):          bfe99e98  b777323c  
I/DEBUG   ( 1141):          bfe99e9c  00000003  
I/DEBUG   ( 1141):          bfe99ea0  b7779c85  /system/bin/linker (__dl__ZL17soinfo_link_imageP6soinfo+2421)
I/DEBUG   ( 1141):          bfe99ea4  b7798034  /system/xbin/dexdump
I/DEBUG   ( 1141):          bfe99ea8  00000008  
I/DEBUG   ( 1141):          bfe99eac  b7798000  /system/xbin/dexdump
I/DEBUG   ( 1141):          bfe99eb0  00000000  
I/DEBUG   ( 1141):          bfe99eb4  b7795fe4  /system/bin/linker
I/DEBUG   ( 1141):          bfe99eb8  00000000  
I/DEBUG   ( 1141):          bfe99ebc  00000001  
I/DEBUG   ( 1141):          bfe99ec0  b778f27c  /system/bin/linker
I/DEBUG   ( 1141):          bfe99ec4  00000000  
I/DEBUG   ( 1141):          bfe99ec8  b7773474  
I/DEBUG   ( 1141):          bfe99ecc  b7773358  
I/DEBUG   ( 1141):     #00  bfe99ed0  00004248  
I/DEBUG   ( 1141):          bfe99ed4  00004248  
I/DEBUG   ( 1141):          bfe99ed8  00004248  
I/DEBUG   ( 1141):          bfe99edc  00004248  
I/DEBUG   ( 1141):          bfe99ee0  00004248  
I/DEBUG   ( 1141):          bfe99ee4  00004248  
I/DEBUG   ( 1141):          bfe99ee8  00004248  
I/DEBUG   ( 1141):          bfe99eec  00004248  
I/DEBUG   ( 1141):          bfe99ef0  00004248  
I/DEBUG   ( 1141):          bfe99ef4  00004248  
I/DEBUG   ( 1141):          bfe99ef8  00004248  
I/DEBUG   ( 1141):          bfe99efc  00004248  
I/DEBUG   ( 1141):          bfe99f00  01479785  
I/DEBUG   ( 1141):          bfe99f04  b77400bc  /system/lib/libc.so
I/DEBUG   ( 1141):          bfe99f08  b76757a9  /system/lib/liblog.so (__android_log_print+9)
I/DEBUG   ( 1141):          bfe99f0c  b77b2f28  /system/xbin/dexdump
I/DEBUG   ( 1141):          ........  ........
I/DEBUG   ( 1141):     #01  bfe99f20  00000001  
I/DEBUG   ( 1141):          bfe99f24  b75ce00c  /data/local/tmp/sample48.dex_repaired.dex
I/DEBUG   ( 1141):          bfe99f28  ffe8df44  
I/DEBUG   ( 1141):          bfe99f2c  00000000  
I/DEBUG   ( 1141):          bfe99f30  00085c88  
I/DEBUG   ( 1141):          bfe99f34  b75ce000  /data/local/tmp/sample48.dex_repaired.dex
I/DEBUG   ( 1141):          bfe99f38  b76e2325  /system/lib/libc.so (madvise+37)
I/DEBUG   ( 1141):          bfe99f3c  00000016  
I/DEBUG   ( 1141):          bfe99f40  00000003  
I/DEBUG   ( 1141):          bfe99f44  00008000  
I/DEBUG   ( 1141):          bfe99f48  b7741fcc  /system/lib/libc.so
I/DEBUG   ( 1141):          bfe99f4c  b76bde2c  /system/lib/libc.so (mmap+188)
I/DEBUG   ( 1141):          bfe99f50  b75ce000  /data/local/tmp/sample48.dex_repaired.dex
I/DEBUG   ( 1141):          bfe99f54  00085c88  
I/DEBUG   ( 1141):          bfe99f58  0000000c  
I/DEBUG   ( 1141):          bfe99f5c  00000000  
I/DEBUG   ( 1141):          ........  ........
I/DEBUG   ( 1141):     #02  bfe99fd0  b75ce000  /data/local/tmp/sample48.dex_repaired.dex
I/DEBUG   ( 1141):          bfe99fd4  00085c88  
I/DEBUG   ( 1141):          bfe99fd8  00000001  
I/DEBUG   ( 1141):          bfe99fdc  bfe9a0c0  [stack]
I/DEBUG   ( 1141):          bfe99fe0  b7728c7c  /system/lib/libc.so
I/DEBUG   ( 1141):          bfe99fe4  00000002  
I/DEBUG   ( 1141):          bfe99fe8  bfe9a154  [stack]
I/DEBUG   ( 1141):          bfe99fec  bfe9a160  [stack]
I/DEBUG   ( 1141):          bfe99ff0  00000003  
I/DEBUG   ( 1141):          bfe99ff4  00000000  
I/DEBUG   ( 1141):          bfe99ff8  00000000  
I/DEBUG   ( 1141):          bfe99ffc  fa245800  
I/DEBUG   ( 1141):          bfe9a000  00000000  
I/DEBUG   ( 1141):          bfe9a004  ffffffff  
I/DEBUG   ( 1141):          bfe9a008  b76efc0b  /system/lib/libc.so (__vfprintf+11)
I/DEBUG   ( 1141):          bfe9a00c  b7741fcc  /system/lib/libc.so
I/DEBUG   ( 1141):          ........  ........
I/DEBUG   ( 1141): 
I/DEBUG   ( 1141): memory map around fault addr b773f006:
I/DEBUG   ( 1141):     b76a6000-b773f000 r-x /system/lib/libc.so
I/DEBUG   ( 1141):     b773f000-b7740000 --- 
I/DEBUG   ( 1141):     b7740000-b7742000 r-- /system/lib/libc.so
I/BootReceiver( 1560): Copying /data/tombstones/tombstone_05 to DropBox (SYSTEM_TOMBSTONE)
F/CRASH_LOGGER( 2646): SIGSEGV : sample18.dex_repaired.dex 
W/dalvikvm( 2648): WARNING: Odd length: expected 0, got 623369
F/libc    ( 2648): Fatal signal 11 (SIGSEGV) at 0xb7725006 (code=2), thread 2648 (dexdump)
I/DEBUG   ( 1141): *** *** *** *** *** *** *** *** *** *** *** *** *** *** *** ***
I/DEBUG   ( 1141): Build fingerprint: 'generic_x86/sdk_x86/generic_x86:4.4.2/KK/4174703:eng/test-keys'
I/DEBUG   ( 1141): Revision: '0'
I/DEBUG   ( 1141): pid: 2648, tid: 2648, name: dexdump  >>> /system/xbin/dexdump <<<
I/DEBUG   ( 1141): signal 11 (SIGSEGV), code 2 (SEGV_ACCERR), fault addr b7725006
I/DEBUG   ( 1141): 
I/DEBUG   ( 1141): backtrace:
I/DEBUG   ( 1141): AM write failure (32 / Broken pipe)
I/DEBUG   ( 1141):     #00  pc 00001500  /system/lib/libz.so (adler32+208)
I/DEBUG   ( 1141):     #01  pc 000101e1  /system/xbin/dexdump (dexSwapAndVerify(unsigned char*, int)+273)
I/DEBUG   ( 1141):     #02  pc 0000746b  /system/xbin/dexdump (dexOpenAndMap(char const*, char const*, MemMapping*, bool)+923)
I/DEBUG   ( 1141):     #03  pc 00006b9a  /system/xbin/dexdump (main+554)
I/DEBUG   ( 1141):     #04  pc 0000d52c  /system/lib/libc.so (__libc_init+108)
I/DEBUG   ( 1141):     #05  pc 00001771  /system/xbin/dexdump (_start+97)
I/DEBUG   ( 1141): 
I/DEBUG   ( 1141): stack:
I/DEBUG   ( 1141):          bf8cfdf0  b775d7bc  /system/bin/linker (__dl__ZN6soinfo16CallConstructorsEv.part.10+316)
I/DEBUG   ( 1141):          bf8cfdf4  b7663cfc  /system/lib/libm.so
I/DEBUG   ( 1141):          bf8cfdf8  b775923c  
I/DEBUG   ( 1141):          bf8cfdfc  00000003  
I/DEBUG   ( 1141):          bf8cfe00  b775fc85  /system/bin/linker (__dl__ZL17soinfo_link_imageP6soinfo+2421)
I/DEBUG   ( 1141):          bf8cfe04  b777e034  /system/xbin/dexdump
I/DEBUG   ( 1141):          bf8cfe08  00000008  
I/DEBUG   ( 1141):          bf8cfe0c  b777e000  /system/xbin/dexdump
I/DEBUG   ( 1141):          bf8cfe10  00000000  
I/DEBUG   ( 1141):          bf8cfe14  b777bfe4  /system/bin/linker
I/DEBUG   ( 1141):          bf8cfe18  00000000  
I/DEBUG   ( 1141):          bf8cfe1c  00000001  
I/DEBUG   ( 1141):          bf8cfe20  b777527c  /system/bin/linker
I/DEBUG   ( 1141):          bf8cfe24  00000000  
I/DEBUG   ( 1141):          bf8cfe28  b7759474  
I/DEBUG   ( 1141):          bf8cfe2c  b7759358  
I/DEBUG   ( 1141):     #00  bf8cfe30  00003493  
I/DEBUG   ( 1141):          bf8cfe34  00003493  
I/DEBUG   ( 1141):          bf8cfe38  00003493  
I/DEBUG   ( 1141):          bf8cfe3c  00003493  
I/DEBUG   ( 1141):          bf8cfe40  00003493  
I/DEBUG   ( 1141):          bf8cfe44  00003493  
I/DEBUG   ( 1141):          bf8cfe48  00003493  
I/DEBUG   ( 1141):          bf8cfe4c  00003493  
I/DEBUG   ( 1141):          bf8cfe50  00003493  
I/DEBUG   ( 1141):          bf8cfe54  00003493  
I/DEBUG   ( 1141):          bf8cfe58  00003493  
I/DEBUG   ( 1141):          bf8cfe5c  00003493  
I/DEBUG   ( 1141):          bf8cfe60  01178733  
I/DEBUG   ( 1141):          bf8cfe64  b772605c  /system/lib/libc.so
I/DEBUG   ( 1141):          bf8cfe68  b765b7a9  /system/lib/liblog.so (__android_log_print+9)
I/DEBUG   ( 1141):          bf8cfe6c  b7798f28  /system/xbin/dexdump
I/DEBUG   ( 1141):          ........  ........
I/DEBUG   ( 1141):     #01  bf8cfe80  00000001  
I/DEBUG   ( 1141):          bf8cfe84  b75a100c  /data/local/tmp/sample18.dex_repaired.dex
I/DEBUG   ( 1141):          bf8cfe88  ffe7afa4  
I/DEBUG   ( 1141):          bf8cfe8c  00000000  
I/DEBUG   ( 1141):          bf8cfe90  00098309  
I/DEBUG   ( 1141):          bf8cfe94  b75a1000  /data/local/tmp/sample18.dex_repaired.dex
I/DEBUG   ( 1141):          bf8cfe98  b76c8325  /system/lib/libc.so (madvise+37)
I/DEBUG   ( 1141):          bf8cfe9c  00000016  
I/DEBUG   ( 1141):          bf8cfea0  00000003  
I/DEBUG   ( 1141):          bf8cfea4  00008000  
I/DEBUG   ( 1141):          bf8cfea8  b7727fcc  /system/lib/libc.so
I/DEBUG   ( 1141):          bf8cfeac  b76a3e2c  /system/lib/libc.so (mmap+188)
I/DEBUG   ( 1141):          bf8cfeb0  b75a1000  /data/local/tmp/sample18.dex_repaired.dex
I/DEBUG   ( 1141):          bf8cfeb4  00098309  
I/DEBUG   ( 1141):          bf8cfeb8  0000000c  
I/DEBUG   ( 1141):          bf8cfebc  00000000  
I/DEBUG   ( 1141):          ........  ........
I/DEBUG   ( 1141):     #02  bf8cff30  b75a1000  /data/local/tmp/sample18.dex_repaired.dex
I/DEBUG   ( 1141):          bf8cff34  00098309  
I/DEBUG   ( 1141):          bf8cff38  00000001  
I/DEBUG   ( 1141):          bf8cff3c  bf8d0020  [stack]
I/DEBUG   ( 1141):          bf8cff40  b770ec7c  /system/lib/libc.so
I/DEBUG   ( 1141):          bf8cff44  00000002  
I/DEBUG   ( 1141):          bf8cff48  bf8d00b4  [stack]
I/DEBUG   ( 1141):          bf8cff4c  bf8d00c0  [stack]
I/DEBUG   ( 1141):          bf8cff50  00000003  
I/DEBUG   ( 1141):          bf8cff54  00000000  
I/DEBUG   ( 1141):          bf8cff58  00000000  
I/DEBUG   ( 1141):          bf8cff5c  c327ce00  
I/DEBUG   ( 1141):          bf8cff60  00000000  
I/DEBUG   ( 1141):          bf8cff64  ffffffff  
I/DEBUG   ( 1141):          bf8cff68  b76d5c0b  /system/lib/libc.so (__vfprintf+11)
I/DEBUG   ( 1141):          bf8cff6c  b7727fcc  /system/lib/libc.so
I/DEBUG   ( 1141):          ........  ........
I/DEBUG   ( 1141): 
I/DEBUG   ( 1141): memory map around fault addr b7725006:
I/DEBUG   ( 1141):     b768c000-b7725000 r-x /system/lib/libc.so
I/DEBUG   ( 1141):     b7725000-b7726000 --- 
I/DEBUG   ( 1141):     b7726000-b7728000 r-- /system/lib/libc.so
W/NativeCrashListener( 1560): Couldn't find ProcessRecord for pid 2648
I/BootReceiver( 1560): Copying /data/tombstones/tombstone_06 to DropBox (SYSTEM_TOMBSTONE)
F/CRASH_LOGGER( 2656): SIGSEGV : sample69.dex_repaired.dex 
W/dalvikvm( 2658): WARNING: Odd length: expected 0, got 551570
F/libc    ( 2658): Fatal signal 11 (SIGSEGV) at 0xb76d8006 (code=2), thread 2658 (dexdump)
I/DEBUG   ( 1141): *** *** *** *** *** *** *** *** *** *** *** *** *** *** *** ***
I/DEBUG   ( 1141): Build fingerprint: 'generic_x86/sdk_x86/generic_x86:4.4.2/KK/4174703:eng/test-keys'
I/DEBUG   ( 1141): Revision: '0'
I/DEBUG   ( 1141): pid: 2658, tid: 2658, name: dexdump  >>> /system/xbin/dexdump <<<
I/DEBUG   ( 1141): signal 11 (SIGSEGV), code 2 (SEGV_ACCERR), fault addr b76d8006
W/NativeCrashListener( 1560): Couldn't find ProcessRecord for pid 2658
I/DEBUG   ( 1141): 
I/DEBUG   ( 1141): backtrace:
I/DEBUG   ( 1141): AM write failure (32 / Broken pipe)
I/DEBUG   ( 1141):     #00  pc 00001500  /system/lib/libz.so (adler32+208)
I/DEBUG   ( 1141):     #01  pc 000101e1  /system/xbin/dexdump (dexSwapAndVerify(unsigned char*, int)+273)
I/DEBUG   ( 1141):     #02  pc 0000746b  /system/xbin/dexdump (dexOpenAndMap(char const*, char const*, MemMapping*, bool)+923)
I/DEBUG   ( 1141):     #03  pc 00006b9a  /system/xbin/dexdump (main+554)
I/DEBUG   ( 1141):     #04  pc 0000d52c  /system/lib/libc.so (__libc_init+108)
I/DEBUG   ( 1141):     #05  pc 00001771  /system/xbin/dexdump (_start+97)
I/DEBUG   ( 1141): 
I/DEBUG   ( 1141): stack:
I/DEBUG   ( 1141):          bfec7300  b77107bc  /system/bin/linker (__dl__ZN6soinfo16CallConstructorsEv.part.10+316)
I/DEBUG   ( 1141):          bfec7304  b7616cfc  /system/lib/libm.so
I/DEBUG   ( 1141):          bfec7308  b770c23c  
I/DEBUG   ( 1141):          bfec730c  00000003  
I/DEBUG   ( 1141):          bfec7310  b7712c85  /system/bin/linker (__dl__ZL17soinfo_link_imageP6soinfo+2421)
I/DEBUG   ( 1141):          bfec7314  b7731034  /system/xbin/dexdump
I/DEBUG   ( 1141):          bfec7318  00000008  
I/DEBUG   ( 1141):          bfec731c  b7731000  /system/xbin/dexdump
I/DEBUG   ( 1141):          bfec7320  00000000  
I/DEBUG   ( 1141):          bfec7324  b772efe4  /system/bin/linker
I/DEBUG   ( 1141):          bfec7328  00000000  
I/DEBUG   ( 1141):          bfec732c  00000001  
I/DEBUG   ( 1141):          bfec7330  b772827c  /system/bin/linker
I/DEBUG   ( 1141):          bfec7334  00000000  
I/DEBUG   ( 1141):          bfec7338  b770c474  
I/DEBUG   ( 1141):          bfec733c  b770c358  
I/DEBUG   ( 1141):     #00  bfec7340  000ca000  
I/DEBUG   ( 1141):          bfec7344  000ca000  
I/DEBUG   ( 1141):          bfec7348  000ca000  
I/DEBUG   ( 1141):          bfec734c  000ca000  
I/DEBUG   ( 1141):          bfec7350  000ca000  
I/DEBUG   ( 1141):          bfec7354  000ca000  
I/DEBUG   ( 1141):          bfec7358  000ca000  
I/DEBUG   ( 1141):          bfec735c  000ca000  
I/DEBUG   ( 1141):          bfec7360  000ca000  
I/DEBUG   ( 1141):          bfec7364  000ca000  
I/DEBUG   ( 1141):          bfec7368  000ca000  
I/DEBUG   ( 1141):          bfec736c  000ca000  
I/DEBUG   ( 1141):          bfec7370  ae9e0f39  
I/DEBUG   ( 1141):          bfec7374  b76d80bc  
I/DEBUG   ( 1141):          bfec7378  b760e7a9  /system/lib/liblog.so (__android_log_print+9)
I/DEBUG   ( 1141):          bfec737c  b774bf28  /system/xbin/dexdump
I/DEBUG   ( 1141):          ........  ........
I/DEBUG   ( 1141):     #01  bfec7390  00000001  
I/DEBUG   ( 1141):          bfec7394  b756600c  /data/local/tmp/sample69.dex_repaired.dex
I/DEBUG   ( 1141):          bfec7398  ffe8df44  
I/DEBUG   ( 1141):          bfec739c  00000000  
I/DEBUG   ( 1141):          bfec73a0  00086a92  
I/DEBUG   ( 1141):          bfec73a4  b7566000  /data/local/tmp/sample69.dex_repaired.dex
I/DEBUG   ( 1141):          bfec73a8  b767b325  /system/lib/libc.so (madvise+37)
I/DEBUG   ( 1141):          bfec73ac  00000016  
I/DEBUG   ( 1141):          bfec73b0  00000003  
I/DEBUG   ( 1141):          bfec73b4  00008000  
I/DEBUG   ( 1141):          bfec73b8  b76dafcc  /system/lib/libc.so
I/DEBUG   ( 1141):          bfec73bc  b7656e2c  /system/lib/libc.so (mmap+188)
I/DEBUG   ( 1141):          bfec73c0  b7566000  /data/local/tmp/sample69.dex_repaired.dex
I/DEBUG   ( 1141):          bfec73c4  00086a92  
I/DEBUG   ( 1141):          bfec73c8  0000000c  
I/DEBUG   ( 1141):          bfec73cc  00000000  
I/DEBUG   ( 1141):          ........  ........
I/DEBUG   ( 1141):     #02  bfec7440  b7566000  /data/local/tmp/sample69.dex_repaired.dex
I/DEBUG   ( 1141):          bfec7444  00086a92  
I/DEBUG   ( 1141):          bfec7448  00000001  
I/DEBUG   ( 1141):          bfec744c  bfec7530  [stack]
I/DEBUG   ( 1141):          bfec7450  b76c1c7c  /system/lib/libc.so
I/DEBUG   ( 1141):          bfec7454  00000002  
I/DEBUG   ( 1141):          bfec7458  bfec75c4  [stack]
I/DEBUG   ( 1141):          bfec745c  bfec75d0  [stack]
I/DEBUG   ( 1141):          bfec7460  00000003  
I/DEBUG   ( 1141):          bfec7464  00000000  
I/DEBUG   ( 1141):          bfec7468  00000000  
I/DEBUG   ( 1141):          bfec746c  3140d200  
I/DEBUG   ( 1141):          bfec7470  00000000  
I/DEBUG   ( 1141):          bfec7474  ffffffff  
I/DEBUG   ( 1141):          bfec7478  b7688c0b  /system/lib/libc.so (__vfprintf+11)
I/DEBUG   ( 1141):          bfec747c  b76dafcc  /system/lib/libc.so
I/DEBUG   ( 1141):          ........  ........
I/DEBUG   ( 1141): 
I/DEBUG   ( 1141): memory map around fault addr b76d8006:
I/DEBUG   ( 1141):     b763f000-b76d8000 r-x /system/lib/libc.so
I/DEBUG   ( 1141):     b76d8000-b76d9000 --- 
I/DEBUG   ( 1141):     b76d9000-b76db000 r-- /system/lib/libc.so
I/BootReceiver( 1560): Copying /data/tombstones/tombstone_00 to DropBox (SYSTEM_TOMBSTONE)
D/dalvikvm( 1560): GC_FOR_ALLOC freed 393K, 13% free 5381K/6160K, paused 14ms, total 14ms
F/CRASH_LOGGER( 2666): SIGSEGV : sample16.dex_repaired.dex 
W/dalvikvm( 2668): WARNING: Odd length: expected 0, got 551846
F/libc    ( 2668): Fatal signal 11 (SIGSEGV) at 0xb76ef006 (code=2), thread 2668 (dexdump)
I/DEBUG   ( 1141): *** *** *** *** *** *** *** *** *** *** *** *** *** *** *** ***
I/DEBUG   ( 1141): Build fingerprint: 'generic_x86/sdk_x86/generic_x86:4.4.2/KK/4174703:eng/test-keys'
I/DEBUG   ( 1141): Revision: '0'
I/DEBUG   ( 1141): pid: 2668, tid: 2668, name: dexdump  >>> /system/xbin/dexdump <<<
I/DEBUG   ( 1141): signal 11 (SIGSEGV), code 2 (SEGV_ACCERR), fault addr b76ef006
W/NativeCrashListener( 1560): Couldn't find ProcessRecord for pid 2668
I/DEBUG   ( 1141): 
I/DEBUG   ( 1141): backtrace:
I/DEBUG   ( 1141): AM write failure (32 / Broken pipe)
I/DEBUG   ( 1141):     #00  pc 00001500  /system/lib/libz.so (adler32+208)
I/DEBUG   ( 1141):     #01  pc 000101e1  /system/xbin/dexdump (dexSwapAndVerify(unsigned char*, int)+273)
I/DEBUG   ( 1141):     #02  pc 0000746b  /system/xbin/dexdump (dexOpenAndMap(char const*, char const*, MemMapping*, bool)+923)
I/DEBUG   ( 1141):     #03  pc 00006b9a  /system/xbin/dexdump (main+554)
I/DEBUG   ( 1141):     #04  pc 0000d52c  /system/lib/libc.so (__libc_init+108)
I/DEBUG   ( 1141):     #05  pc 00001771  /system/xbin/dexdump (_start+97)
I/DEBUG   ( 1141): 
I/DEBUG   ( 1141): stack:
I/DEBUG   ( 1141):          bfeb0590  b77277bc  /system/bin/linker (__dl__ZN6soinfo16CallConstructorsEv.part.10+316)
I/DEBUG   ( 1141):          bfeb0594  b762dcfc  /system/lib/libm.so
I/DEBUG   ( 1141):          bfeb0598  b772323c  
I/DEBUG   ( 1141):          bfeb059c  00000003  
I/DEBUG   ( 1141):          bfeb05a0  b7729c85  /system/bin/linker (__dl__ZL17soinfo_link_imageP6soinfo+2421)
I/DEBUG   ( 1141):          bfeb05a4  b7748034  /system/xbin/dexdump
I/DEBUG   ( 1141):          bfeb05a8  00000008  
I/DEBUG   ( 1141):          bfeb05ac  b7748000  /system/xbin/dexdump
I/DEBUG   ( 1141):          bfeb05b0  00000000  
I/DEBUG   ( 1141):          bfeb05b4  b7745fe4  /system/bin/linker
I/DEBUG   ( 1141):          bfeb05b8  00000000  
I/DEBUG   ( 1141):          bfeb05bc  00000001  
I/DEBUG   ( 1141):          bfeb05c0  b773f27c  /system/bin/linker
I/DEBUG   ( 1141):          bfeb05c4  00000000  
I/DEBUG   ( 1141):          bfeb05c8  b7723474  
I/DEBUG   ( 1141):          bfeb05cc  b7723358  
I/DEBUG   ( 1141):     #00  bfeb05d0  000c0aaa  
I/DEBUG   ( 1141):          bfeb05d4  000c0aaa  
I/DEBUG   ( 1141):          bfeb05d8  000c0aaa  
I/DEBUG   ( 1141):          bfeb05dc  000c0aaa  
I/DEBUG   ( 1141):          bfeb05e0  000c0aaa  
I/DEBUG   ( 1141):          bfeb05e4  000c0aaa  
I/DEBUG   ( 1141):          bfeb05e8  000c0aaa  
I/DEBUG   ( 1141):          bfeb05ec  000c0aaa  
I/DEBUG   ( 1141):          bfeb05f0  000c0aaa  
I/DEBUG   ( 1141):          bfeb05f4  000c0aaa  
I/DEBUG   ( 1141):          bfeb05f8  000c0aaa  
I/DEBUG   ( 1141):          bfeb05fc  000c0aaa  
I/DEBUG   ( 1141):          bfeb0600  a267e881  
I/DEBUG   ( 1141):          bfeb0604  b76ef0bc  
I/DEBUG   ( 1141):          bfeb0608  b76257a9  /system/lib/liblog.so (__android_log_print+9)
I/DEBUG   ( 1141):          bfeb060c  b7762f28  /system/xbin/dexdump
I/DEBUG   ( 1141):          ........  ........
I/DEBUG   ( 1141):     #01  bfeb0620  00000001  
I/DEBUG   ( 1141):          bfeb0624  b757d00c  /data/local/tmp/sample16.dex_repaired.dex
I/DEBUG   ( 1141):          bfeb0628  ffe8df44  
I/DEBUG   ( 1141):          bfeb062c  00000000  
I/DEBUG   ( 1141):          bfeb0630  00086ba6  
I/DEBUG   ( 1141):          bfeb0634  b757d000  /data/local/tmp/sample16.dex_repaired.dex
I/DEBUG   ( 1141):          bfeb0638  b7692325  /system/lib/libc.so (madvise+37)
I/DEBUG   ( 1141):          bfeb063c  00000016  
I/DEBUG   ( 1141):          bfeb0640  00000003  
I/DEBUG   ( 1141):          bfeb0644  00008000  
I/DEBUG   ( 1141):          bfeb0648  b76f1fcc  /system/lib/libc.so
I/DEBUG   ( 1141):          bfeb064c  b766de2c  /system/lib/libc.so (mmap+188)
I/DEBUG   ( 1141):          bfeb0650  b757d000  /data/local/tmp/sample16.dex_repaired.dex
I/DEBUG   ( 1141):          bfeb0654  00086ba6  
I/DEBUG   ( 1141):          bfeb0658  0000000c  
I/DEBUG   ( 1141):          bfeb065c  00000000  
I/DEBUG   ( 1141):          ........  ........
I/DEBUG   ( 1141):     #02  bfeb06d0  b757d000  /data/local/tmp/sample16.dex_repaired.dex
I/DEBUG   ( 1141):          bfeb06d4  00086ba6  
I/DEBUG   ( 1141):          bfeb06d8  00000001  
I/DEBUG   ( 1141):          bfeb06dc  bfeb07c0  [stack]
I/DEBUG   ( 1141):          bfeb06e0  b76d8c7c  /system/lib/libc.so
I/DEBUG   ( 1141):          bfeb06e4  00000002  
I/DEBUG   ( 1141):          bfeb06e8  bfeb0854  [stack]
I/DEBUG   ( 1141):          bfeb06ec  bfeb0860  [stack]
I/DEBUG   ( 1141):          bfeb06f0  00000003  
I/DEBUG   ( 1141):          bfeb06f4  00000000  
I/DEBUG   ( 1141):          bfeb06f8  00000000  
I/DEBUG   ( 1141):          bfeb06fc  40b57900  
I/DEBUG   ( 1141):          bfeb0700  00000000  
I/DEBUG   ( 1141):          bfeb0704  ffffffff  
I/DEBUG   ( 1141):          bfeb0708  b769fc0b  /system/lib/libc.so (__vfprintf+11)
I/DEBUG   ( 1141):          bfeb070c  b76f1fcc  /system/lib/libc.so
I/DEBUG   ( 1141):          ........  ........
I/DEBUG   ( 1141): 
I/DEBUG   ( 1141): memory map around fault addr b76ef006:
I/DEBUG   ( 1141):     b7656000-b76ef000 r-x /system/lib/libc.so
I/DEBUG   ( 1141):     b76ef000-b76f0000 --- 
I/DEBUG   ( 1141):     b76f0000-b76f2000 r-- /system/lib/libc.so
I/BootReceiver( 1560): Copying /data/tombstones/tombstone_01 to DropBox (SYSTEM_TOMBSTONE)
F/CRASH_LOGGER( 2676): SIGSEGV : sample53.dex_repaired.dex 
W/dalvikvm( 2678): WARNING: Odd length: expected 0, got 551915
F/libc    ( 2678): Fatal signal 11 (SIGSEGV) at 0xb7750006 (code=2), thread 2678 (dexdump)
I/DEBUG   ( 1141): *** *** *** *** *** *** *** *** *** *** *** *** *** *** *** ***
I/DEBUG   ( 1141): Build fingerprint: 'generic_x86/sdk_x86/generic_x86:4.4.2/KK/4174703:eng/test-keys'
I/DEBUG   ( 1141): Revision: '0'
I/DEBUG   ( 1141): pid: 2678, tid: 2678, name: dexdump  >>> /system/xbin/dexdump <<<
I/DEBUG   ( 1141): signal 11 (SIGSEGV), code 2 (SEGV_ACCERR), fault addr b7750006
W/NativeCrashListener( 1560): Couldn't find ProcessRecord for pid 2678
I/DEBUG   ( 1141): 
I/DEBUG   ( 1141): backtrace:
I/DEBUG   ( 1141): AM write failure (32 / Broken pipe)
I/DEBUG   ( 1141):     #00  pc 00001500  /system/lib/libz.so (adler32+208)
I/DEBUG   ( 1141):     #01  pc 000101e1  /system/xbin/dexdump (dexSwapAndVerify(unsigned char*, int)+273)
I/DEBUG   ( 1141):     #02  pc 0000746b  /system/xbin/dexdump (dexOpenAndMap(char const*, char const*, MemMapping*, bool)+923)
I/DEBUG   ( 1141):     #03  pc 00006b9a  /system/xbin/dexdump (main+554)
I/DEBUG   ( 1141):     #04  pc 0000d52c  /system/lib/libc.so (__libc_init+108)
I/DEBUG   ( 1141):     #05  pc 00001771  /system/xbin/dexdump (_start+97)
I/DEBUG   ( 1141): 
I/DEBUG   ( 1141): stack:
I/DEBUG   ( 1141):          bf88dad0  b77887bc  /system/bin/linker (__dl__ZN6soinfo16CallConstructorsEv.part.10+316)
I/DEBUG   ( 1141):          bf88dad4  b768ecfc  /system/lib/libm.so
I/DEBUG   ( 1141):          bf88dad8  b778423c  
I/DEBUG   ( 1141):          bf88dadc  00000003  
I/DEBUG   ( 1141):          bf88dae0  b778ac85  /system/bin/linker (__dl__ZL17soinfo_link_imageP6soinfo+2421)
I/DEBUG   ( 1141):          bf88dae4  b77a9034  /system/xbin/dexdump
I/DEBUG   ( 1141):          bf88dae8  00000008  
I/DEBUG   ( 1141):          bf88daec  b77a9000  /system/xbin/dexdump
I/DEBUG   ( 1141):          bf88daf0  00000000  
I/DEBUG   ( 1141):          bf88daf4  b77a6fe4  /system/bin/linker
