I/DEBUG   ( 1141):          bfd16ad0  b77207bc  /system/bin/linker (__dl__ZN6soinfo16CallConstructorsEv.part.10+316)
I/DEBUG   ( 1141):          bfd16ad4  b7626cfc  /system/lib/libm.so
I/DEBUG   ( 1141):          bfd16ad8  b771c23c  
I/DEBUG   ( 1141):          bfd16adc  00000003  
I/DEBUG   ( 1141):          bfd16ae0  b7722c85  /system/bin/linker (__dl__ZL17soinfo_link_imageP6soinfo+2421)
I/DEBUG   ( 1141):          bfd16ae4  b7741034  /system/xbin/dexdump
I/DEBUG   ( 1141):          bfd16ae8  00000008  
I/DEBUG   ( 1141):          bfd16aec  b7741000  /system/xbin/dexdump
I/DEBUG   ( 1141):          bfd16af0  00000000  
I/DEBUG   ( 1141):          bfd16af4  b773efe4  /system/bin/linker
I/DEBUG   ( 1141):          bfd16af8  00000000  
I/DEBUG   ( 1141):          bfd16afc  00000001  
I/DEBUG   ( 1141):          bfd16b00  b773827c  /system/bin/linker
I/DEBUG   ( 1141):          bfd16b04  00000000  
I/DEBUG   ( 1141):          bfd16b08  b771c474  
I/DEBUG   ( 1141):          bfd16b0c  b771c358  
I/DEBUG   ( 1141):     #00  bfd16b10  000bef0d  
I/DEBUG   ( 1141):          bfd16b14  000bef0d  
I/DEBUG   ( 1141):          bfd16b18  000bef0d  
I/DEBUG   ( 1141):          bfd16b1c  000bef0d  
I/DEBUG   ( 1141):          bfd16b20  000bef0d  
I/DEBUG   ( 1141):          bfd16b24  000bef0d  
I/DEBUG   ( 1141):          bfd16b28  000bef0d  
I/DEBUG   ( 1141):          bfd16b2c  000bef0d  
I/DEBUG   ( 1141):          bfd16b30  000bef0d  
I/DEBUG   ( 1141):          bfd16b34  000bef0d  
I/DEBUG   ( 1141):          bfd16b38  000bef0d  
I/DEBUG   ( 1141):          bfd16b3c  000bef0d  
I/DEBUG   ( 1141):          bfd16b40  a025776f  
I/DEBUG   ( 1141):          bfd16b44  b76e80bc  
I/DEBUG   ( 1141):          bfd16b48  b761e7a9  /system/lib/liblog.so (__android_log_print+9)
I/DEBUG   ( 1141):          bfd16b4c  b775bf28  /system/xbin/dexdump
I/DEBUG   ( 1141):          ........  ........
I/DEBUG   ( 1141):     #01  bfd16b60  00000001  
I/DEBUG   ( 1141):          bfd16b64  b757600c  /data/local/tmp/sample1.dex_repaired.dex
I/DEBUG   ( 1141):          bfd16b68  ffe8df44  
I/DEBUG   ( 1141):          bfd16b6c  00000000  
I/DEBUG   ( 1141):          bfd16b70  00086faa  
I/DEBUG   ( 1141):          bfd16b74  b7576000  /data/local/tmp/sample1.dex_repaired.dex
I/DEBUG   ( 1141):          bfd16b78  b768b325  /system/lib/libc.so (madvise+37)
I/DEBUG   ( 1141):          bfd16b7c  00000016  
I/DEBUG   ( 1141):          bfd16b80  00000003  
I/DEBUG   ( 1141):          bfd16b84  00008000  
I/DEBUG   ( 1141):          bfd16b88  b76eafcc  /system/lib/libc.so
I/DEBUG   ( 1141):          bfd16b8c  b7666e2c  /system/lib/libc.so (mmap+188)
I/DEBUG   ( 1141):          bfd16b90  b7576000  /data/local/tmp/sample1.dex_repaired.dex
I/DEBUG   ( 1141):          bfd16b94  00086faa  
I/DEBUG   ( 1141):          bfd16b98  0000000c  
I/DEBUG   ( 1141):          bfd16b9c  00000000  
I/DEBUG   ( 1141):          ........  ........
I/DEBUG   ( 1141):     #02  bfd16c10  b7576000  /data/local/tmp/sample1.dex_repaired.dex
I/DEBUG   ( 1141):          bfd16c14  00086faa  
I/DEBUG   ( 1141):          bfd16c18  00000001  
I/DEBUG   ( 1141):          bfd16c1c  bfd16d00  [stack]
I/DEBUG   ( 1141):          bfd16c20  b76d1c7c  /system/lib/libc.so
I/DEBUG   ( 1141):          bfd16c24  00000002  
I/DEBUG   ( 1141):          bfd16c28  bfd16d94  [stack]
I/DEBUG   ( 1141):          bfd16c2c  bfd16da0  [stack]
I/DEBUG   ( 1141):          bfd16c30  00000003  
I/DEBUG   ( 1141):          bfd16c34  00000000  
I/DEBUG   ( 1141):          bfd16c38  00000000  
I/DEBUG   ( 1141):          bfd16c3c  dd4b6b00  
I/DEBUG   ( 1141):          bfd16c40  00000000  
I/DEBUG   ( 1141):          bfd16c44  ffffffff  
I/DEBUG   ( 1141):          bfd16c48  b7698c0b  /system/lib/libc.so (__vfprintf+11)
I/DEBUG   ( 1141):          bfd16c4c  b76eafcc  /system/lib/libc.so
I/DEBUG   ( 1141):          ........  ........
W/NativeCrashListener( 1560): Couldn't find ProcessRecord for pid 2778
I/DEBUG   ( 1141): 
I/DEBUG   ( 1141): memory map around fault addr b76e8006:
I/DEBUG   ( 1141):     b764f000-b76e8000 r-x /system/lib/libc.so
I/DEBUG   ( 1141):     b76e8000-b76e9000 --- 
I/DEBUG   ( 1141):     b76e9000-b76eb000 r-- /system/lib/libc.so
I/BootReceiver( 1560): Copying /data/tombstones/tombstone_01 to DropBox (SYSTEM_TOMBSTONE)
F/CRASH_LOGGER( 2786): SIGSEGV : sample32.dex_repaired.dex 
W/dalvikvm( 2788): WARNING: Odd length: expected 0, got 560193
F/libc    ( 2788): Fatal signal 11 (SIGSEGV) at 0xb76b7006 (code=2), thread 2788 (dexdump)
I/DEBUG   ( 1141): *** *** *** *** *** *** *** *** *** *** *** *** *** *** *** ***
I/DEBUG   ( 1141): Build fingerprint: 'generic_x86/sdk_x86/generic_x86:4.4.2/KK/4174703:eng/test-keys'
I/DEBUG   ( 1141): Revision: '0'
I/DEBUG   ( 1141): pid: 2788, tid: 2788, name: dexdump  >>> /system/xbin/dexdump <<<
I/DEBUG   ( 1141): signal 11 (SIGSEGV), code 2 (SEGV_ACCERR), fault addr b76b7006
I/DEBUG   ( 1141): 
I/DEBUG   ( 1141): backtrace:
I/DEBUG   ( 1141): AM write failure (32 / Broken pipe)
I/DEBUG   ( 1141):     #00  pc 00001500  /system/lib/libz.so (adler32+208)
I/DEBUG   ( 1141):     #01  pc 000101e1  /system/xbin/dexdump (dexSwapAndVerify(unsigned char*, int)+273)
I/DEBUG   ( 1141):     #02  pc 0000746b  /system/xbin/dexdump (dexOpenAndMap(char const*, char const*, MemMapping*, bool)+923)
I/DEBUG   ( 1141):     #03  pc 00006b9a  /system/xbin/dexdump (main+554)
I/DEBUG   ( 1141):     #04  pc 0000d52c  /system/lib/libc.so (__libc_init+108)
I/DEBUG   ( 1141):     #05  pc 00001771  /system/xbin/dexdump (_start+97)
I/DEBUG   ( 1141): 
I/DEBUG   ( 1141): stack:
I/DEBUG   ( 1141):          bffa7db0  b76ef7bc  /system/bin/linker (__dl__ZN6soinfo16CallConstructorsEv.part.10+316)
I/DEBUG   ( 1141):          bffa7db4  b75f5cfc  /system/lib/libm.so
I/DEBUG   ( 1141):          bffa7db8  b76eb23c  
I/DEBUG   ( 1141):          bffa7dbc  00000003  
I/DEBUG   ( 1141):          bffa7dc0  b76f1c85  /system/bin/linker (__dl__ZL17soinfo_link_imageP6soinfo+2421)
I/DEBUG   ( 1141):          bffa7dc4  b7710034  /system/xbin/dexdump
I/DEBUG   ( 1141):          bffa7dc8  00000008  
I/DEBUG   ( 1141):          bffa7dcc  b7710000  /system/xbin/dexdump
I/DEBUG   ( 1141):          bffa7dd0  00000000  
I/DEBUG   ( 1141):          bffa7dd4  b770dfe4  /system/bin/linker
I/DEBUG   ( 1141):          bffa7dd8  00000000  
I/DEBUG   ( 1141):          bffa7ddc  00000001  
I/DEBUG   ( 1141):          bffa7de0  b770727c  /system/bin/linker
I/DEBUG   ( 1141):          bffa7de4  00000000  
I/DEBUG   ( 1141):          bffa7de8  b76eb474  
I/DEBUG   ( 1141):          bffa7dec  b76eb358  
I/DEBUG   ( 1141):     #00  bffa7df0  0003c129  
I/DEBUG   ( 1141):          bffa7df4  0003c129  
I/DEBUG   ( 1141):          bffa7df8  0003c129  
I/DEBUG   ( 1141):          bffa7dfc  0003c129  
I/DEBUG   ( 1141):          bffa7e00  0003c129  
I/DEBUG   ( 1141):          bffa7e04  0003c129  
I/DEBUG   ( 1141):          bffa7e08  0003c129  
I/DEBUG   ( 1141):          bffa7e0c  0003c129  
I/DEBUG   ( 1141):          bffa7e10  0003c129  
I/DEBUG   ( 1141):          bffa7e14  0003c129  
I/DEBUG   ( 1141):          bffa7e18  0003c129  
I/DEBUG   ( 1141):          bffa7e1c  0003c129  
I/DEBUG   ( 1141):          bffa7e20  1e524a34  
I/DEBUG   ( 1141):          bffa7e24  b76b7c1c  
I/DEBUG   ( 1141):          bffa7e28  b75ed7a9  /system/lib/liblog.so (__android_log_print+9)
I/DEBUG   ( 1141):          bffa7e2c  b772af28  /system/xbin/dexdump
I/DEBUG   ( 1141):          ........  ........
I/DEBUG   ( 1141):     #01  bffa7e40  00000001  
I/DEBUG   ( 1141):          bffa7e44  b754300c  /data/local/tmp/sample32.dex_repaired.dex
I/DEBUG   ( 1141):          bffa7e48  ffe8b3e4  
I/DEBUG   ( 1141):          bffa7e4c  00000000  
I/DEBUG   ( 1141):          bffa7e50  00088c41  
I/DEBUG   ( 1141):          bffa7e54  b7543000  /data/local/tmp/sample32.dex_repaired.dex
I/DEBUG   ( 1141):          bffa7e58  b765a325  /system/lib/libc.so (madvise+37)
I/DEBUG   ( 1141):          bffa7e5c  00000016  
I/DEBUG   ( 1141):          bffa7e60  00000003  
I/DEBUG   ( 1141):          bffa7e64  00008000  
I/DEBUG   ( 1141):          bffa7e68  b76b9fcc  /system/lib/libc.so
I/DEBUG   ( 1141):          bffa7e6c  b7635e2c  /system/lib/libc.so (mmap+188)
I/DEBUG   ( 1141):          bffa7e70  b7543000  /data/local/tmp/sample32.dex_repaired.dex
I/DEBUG   ( 1141):          bffa7e74  00088c41  
I/DEBUG   ( 1141):          bffa7e78  0000000c  
I/DEBUG   ( 1141):          bffa7e7c  00000000  
I/DEBUG   ( 1141):          ........  ........
I/DEBUG   ( 1141):     #02  bffa7ef0  b7543000  /data/local/tmp/sample32.dex_repaired.dex
I/DEBUG   ( 1141):          bffa7ef4  00088c41  
I/DEBUG   ( 1141):          bffa7ef8  00000001  
I/DEBUG   ( 1141):          bffa7efc  bffa7fe0  [stack]
I/DEBUG   ( 1141):          bffa7f00  b76a0c7c  /system/lib/libc.so
I/DEBUG   ( 1141):          bffa7f04  00000002  
I/DEBUG   ( 1141):          bffa7f08  bffa8074  [stack]
I/DEBUG   ( 1141):          bffa7f0c  bffa8080  [stack]
I/DEBUG   ( 1141):          bffa7f10  00000003  
I/DEBUG   ( 1141):          bffa7f14  00000000  
I/DEBUG   ( 1141):          bffa7f18  00000000  
I/DEBUG   ( 1141):          bffa7f1c  91ed5b00  
I/DEBUG   ( 1141):          bffa7f20  00000000  
I/DEBUG   ( 1141):          bffa7f24  ffffffff  
I/DEBUG   ( 1141):          bffa7f28  b7667c0b  /system/lib/libc.so (__vfprintf+11)
I/DEBUG   ( 1141):          bffa7f2c  b76b9fcc  /system/lib/libc.so
I/DEBUG   ( 1141):          ........  ........
I/DEBUG   ( 1141): 
I/DEBUG   ( 1141): memory map around fault addr b76b7006:
I/DEBUG   ( 1141):     b761e000-b76b7000 r-x /system/lib/libc.so
I/DEBUG   ( 1141):     b76b7000-b76b8000 --- 
I/DEBUG   ( 1141):     b76b8000-b76ba000 r-- /system/lib/libc.so
W/NativeCrashListener( 1560): Couldn't find ProcessRecord for pid 2788
I/BootReceiver( 1560): Copying /data/tombstones/tombstone_02 to DropBox (SYSTEM_TOMBSTONE)
F/CRASH_LOGGER( 2796): SIGSEGV : sample20.dex_repaired.dex 
W/dalvikvm( 2798): WARNING: Odd length: expected 0, got 558840
F/libc    ( 2798): Fatal signal 11 (SIGSEGV) at 0xb76a1006 (code=2), thread 2798 (dexdump)
I/DEBUG   ( 1141): *** *** *** *** *** *** *** *** *** *** *** *** *** *** *** ***
I/DEBUG   ( 1141): Build fingerprint: 'generic_x86/sdk_x86/generic_x86:4.4.2/KK/4174703:eng/test-keys'
I/DEBUG   ( 1141): Revision: '0'
I/DEBUG   ( 1141): pid: 2798, tid: 2798, name: dexdump  >>> /system/xbin/dexdump <<<
I/DEBUG   ( 1141): signal 11 (SIGSEGV), code 2 (SEGV_ACCERR), fault addr b76a1006
W/NativeCrashListener( 1560): Couldn't find ProcessRecord for pid 2798
I/DEBUG   ( 1141): 
I/DEBUG   ( 1141): backtrace:
I/DEBUG   ( 1141): AM write failure (32 / Broken pipe)
I/DEBUG   ( 1141):     #00  pc 00001500  /system/lib/libz.so (adler32+208)
I/DEBUG   ( 1141):     #01  pc 000101e1  /system/xbin/dexdump (dexSwapAndVerify(unsigned char*, int)+273)
I/DEBUG   ( 1141):     #02  pc 0000746b  /system/xbin/dexdump (dexOpenAndMap(char const*, char const*, MemMapping*, bool)+923)
I/DEBUG   ( 1141):     #03  pc 00006b9a  /system/xbin/dexdump (main+554)
I/DEBUG   ( 1141):     #04  pc 0000d52c  /system/lib/libc.so (__libc_init+108)
I/DEBUG   ( 1141):     #05  pc 00001771  /system/xbin/dexdump (_start+97)
I/DEBUG   ( 1141): 
I/DEBUG   ( 1141): stack:
I/DEBUG   ( 1141):          bfe21cf0  b76d97bc  /system/bin/linker (__dl__ZN6soinfo16CallConstructorsEv.part.10+316)
I/DEBUG   ( 1141):          bfe21cf4  b75dfcfc  /system/lib/libm.so
I/DEBUG   ( 1141):          bfe21cf8  b76d523c  
I/DEBUG   ( 1141):          bfe21cfc  00000003  
I/DEBUG   ( 1141):          bfe21d00  b76dbc85  /system/bin/linker (__dl__ZL17soinfo_link_imageP6soinfo+2421)
I/DEBUG   ( 1141):          bfe21d04  b76fa034  /system/xbin/dexdump
I/DEBUG   ( 1141):          bfe21d08  00000008  
I/DEBUG   ( 1141):          bfe21d0c  b76fa000  /system/xbin/dexdump
I/DEBUG   ( 1141):          bfe21d10  00000000  
I/DEBUG   ( 1141):          bfe21d14  b76f7fe4  /system/bin/linker
I/DEBUG   ( 1141):          bfe21d18  00000000  
I/DEBUG   ( 1141):          bfe21d1c  00000001  
I/DEBUG   ( 1141):          bfe21d20  b76f127c  /system/bin/linker
I/DEBUG   ( 1141):          bfe21d24  00000000  
I/DEBUG   ( 1141):          bfe21d28  b76d5474  
I/DEBUG   ( 1141):          bfe21d2c  b76d5358  
I/DEBUG   ( 1141):     #00  bfe21d30  00035313  
I/DEBUG   ( 1141):          bfe21d34  00035313  
I/DEBUG   ( 1141):          bfe21d38  00035313  
I/DEBUG   ( 1141):          bfe21d3c  00035313  
I/DEBUG   ( 1141):          bfe21d40  00035313  
I/DEBUG   ( 1141):          bfe21d44  00035313  
I/DEBUG   ( 1141):          bfe21d48  00035313  
I/DEBUG   ( 1141):          bfe21d4c  00035313  
I/DEBUG   ( 1141):          bfe21d50  00035313  
I/DEBUG   ( 1141):          bfe21d54  00035313  
I/DEBUG   ( 1141):          bfe21d58  00035313  
I/DEBUG   ( 1141):          bfe21d5c  00035313  
I/DEBUG   ( 1141):          bfe21d60  1a3550dd  
I/DEBUG   ( 1141):          bfe21d64  b76a1c1c  
I/DEBUG   ( 1141):          bfe21d68  b75d77a9  /system/lib/liblog.so (__android_log_print+9)
I/DEBUG   ( 1141):          bfe21d6c  b7714f28  /system/xbin/dexdump
I/DEBUG   ( 1141):          ........  ........
I/DEBUG   ( 1141):     #01  bfe21d80  00000001  
I/DEBUG   ( 1141):          bfe21d84  b752d00c  /data/local/tmp/sample20.dex_repaired.dex
I/DEBUG   ( 1141):          bfe21d88  ffe8b3e4  
I/DEBUG   ( 1141):          bfe21d8c  00000000  
I/DEBUG   ( 1141):          bfe21d90  000886f8  
I/DEBUG   ( 1141):          bfe21d94  b752d000  /data/local/tmp/sample20.dex_repaired.dex
I/DEBUG   ( 1141):          bfe21d98  b7644325  /system/lib/libc.so (madvise+37)
I/DEBUG   ( 1141):          bfe21d9c  00000016  
I/DEBUG   ( 1141):          bfe21da0  00000003  
I/DEBUG   ( 1141):          bfe21da4  00008000  
I/DEBUG   ( 1141):          bfe21da8  b76a3fcc  /system/lib/libc.so
I/DEBUG   ( 1141):          bfe21dac  b761fe2c  /system/lib/libc.so (mmap+188)
I/DEBUG   ( 1141):          bfe21db0  b752d000  /data/local/tmp/sample20.dex_repaired.dex
I/DEBUG   ( 1141):          bfe21db4  000886f8  
I/DEBUG   ( 1141):          bfe21db8  0000000c  
I/DEBUG   ( 1141):          bfe21dbc  00000000  
I/DEBUG   ( 1141):          ........  ........
I/DEBUG   ( 1141):     #02  bfe21e30  b752d000  /data/local/tmp/sample20.dex_repaired.dex
I/DEBUG   ( 1141):          bfe21e34  000886f8  
I/DEBUG   ( 1141):          bfe21e38  00000001  
I/DEBUG   ( 1141):          bfe21e3c  bfe21f20  [stack]
I/DEBUG   ( 1141):          bfe21e40  b768ac7c  /system/lib/libc.so
I/DEBUG   ( 1141):          bfe21e44  00000002  
I/DEBUG   ( 1141):          bfe21e48  bfe21fb4  [stack]
I/DEBUG   ( 1141):          bfe21e4c  bfe21fc0  [stack]
I/DEBUG   ( 1141):          bfe21e50  00000003  
I/DEBUG   ( 1141):          bfe21e54  00000000  
I/DEBUG   ( 1141):          bfe21e58  00000000  
I/DEBUG   ( 1141):          bfe21e5c  ac16a400  
I/DEBUG   ( 1141):          bfe21e60  00000000  
I/DEBUG   ( 1141):          bfe21e64  ffffffff  
I/DEBUG   ( 1141):          bfe21e68  b7651c0b  /system/lib/libc.so (__vfprintf+11)
I/DEBUG   ( 1141):          bfe21e6c  b76a3fcc  /system/lib/libc.so
I/DEBUG   ( 1141):          ........  ........
I/DEBUG   ( 1141): 
I/DEBUG   ( 1141): memory map around fault addr b76a1006:
I/DEBUG   ( 1141):     b7608000-b76a1000 r-x /system/lib/libc.so
I/DEBUG   ( 1141):     b76a1000-b76a2000 --- 
I/DEBUG   ( 1141):     b76a2000-b76a4000 r-- /system/lib/libc.so
I/BootReceiver( 1560): Copying /data/tombstones/tombstone_07 to DropBox (SYSTEM_TOMBSTONE)
D/dalvikvm( 1560): GC_FOR_ALLOC freed 392K, 13% free 5383K/6160K, paused 14ms, total 14ms
F/CRASH_LOGGER( 2806): SIGSEGV : sample51.dex_repaired.dex 
W/dalvikvm( 2808): WARNING: Odd length: expected 0, got 550204
F/libc    ( 2808): Fatal signal 11 (SIGSEGV) at 0xb76ce006 (code=2), thread 2808 (dexdump)
I/DEBUG   ( 1141): *** *** *** *** *** *** *** *** *** *** *** *** *** *** *** ***
I/DEBUG   ( 1141): Build fingerprint: 'generic_x86/sdk_x86/generic_x86:4.4.2/KK/4174703:eng/test-keys'
I/DEBUG   ( 1141): Revision: '0'
I/DEBUG   ( 1141): pid: 2808, tid: 2808, name: dexdump  >>> /system/xbin/dexdump <<<
I/DEBUG   ( 1141): signal 11 (SIGSEGV), code 2 (SEGV_ACCERR), fault addr b76ce006
W/NativeCrashListener( 1560): Couldn't find ProcessRecord for pid 2808
I/DEBUG   ( 1141): 
I/DEBUG   ( 1141): backtrace:
I/DEBUG   ( 1141): AM write failure (32 / Broken pipe)
I/DEBUG   ( 1141):     #00  pc 00001500  /system/lib/libz.so (adler32+208)
I/DEBUG   ( 1141):     #01  pc 000101e1  /system/xbin/dexdump (dexSwapAndVerify(unsigned char*, int)+273)
I/DEBUG   ( 1141):     #02  pc 0000746b  /system/xbin/dexdump (dexOpenAndMap(char const*, char const*, MemMapping*, bool)+923)
I/DEBUG   ( 1141):     #03  pc 00006b9a  /system/xbin/dexdump (main+554)
I/DEBUG   ( 1141):     #04  pc 0000d52c  /system/lib/libc.so (__libc_init+108)
I/DEBUG   ( 1141):     #05  pc 00001771  /system/xbin/dexdump (_start+97)
I/DEBUG   ( 1141): 
I/DEBUG   ( 1141): stack:
I/DEBUG   ( 1141):          bf96e590  b77067bc  /system/bin/linker (__dl__ZN6soinfo16CallConstructorsEv.part.10+316)
I/DEBUG   ( 1141):          bf96e594  b760ccfc  /system/lib/libm.so
I/DEBUG   ( 1141):          bf96e598  b770223c  
I/DEBUG   ( 1141):          bf96e59c  00000003  
I/DEBUG   ( 1141):          bf96e5a0  b7708c85  /system/bin/linker (__dl__ZL17soinfo_link_imageP6soinfo+2421)
I/DEBUG   ( 1141):          bf96e5a4  b7727034  /system/xbin/dexdump
I/DEBUG   ( 1141):          bf96e5a8  00000008  
I/DEBUG   ( 1141):          bf96e5ac  b7727000  /system/xbin/dexdump
I/DEBUG   ( 1141):          bf96e5b0  00000000  
I/DEBUG   ( 1141):          bf96e5b4  b7724fe4  /system/bin/linker
I/DEBUG   ( 1141):          bf96e5b8  00000000  
I/DEBUG   ( 1141):          bf96e5bc  00000001  
I/DEBUG   ( 1141):          bf96e5c0  b771e27c  /system/bin/linker
I/DEBUG   ( 1141):          bf96e5c4  00000000  
I/DEBUG   ( 1141):          bf96e5c8  b7702474  
I/DEBUG   ( 1141):          bf96e5cc  b7702358  
I/DEBUG   ( 1141):     #00  bf96e5d0  000c22c0  
I/DEBUG   ( 1141):          bf96e5d4  000c22c0  
I/DEBUG   ( 1141):          bf96e5d8  000c22c0  
I/DEBUG   ( 1141):          bf96e5dc  000c22c0  
I/DEBUG   ( 1141):          bf96e5e0  000c22c0  
I/DEBUG   ( 1141):          bf96e5e4  000c22c0  
I/DEBUG   ( 1141):          bf96e5e8  000c22c0  
I/DEBUG   ( 1141):          bf96e5ec  000c22c0  
I/DEBUG   ( 1141):          bf96e5f0  000c22c0  
I/DEBUG   ( 1141):          bf96e5f4  000c22c0  
I/DEBUG   ( 1141):          bf96e5f8  000c22c0  
I/DEBUG   ( 1141):          bf96e5fc  000c22c0  
I/DEBUG   ( 1141):          bf96e600  a4602dde  
I/DEBUG   ( 1141):          bf96e604  b76ce0bc  
I/DEBUG   ( 1141):          bf96e608  b76047a9  /system/lib/liblog.so (__android_log_print+9)
I/DEBUG   ( 1141):          bf96e60c  b7741f28  /system/xbin/dexdump
I/DEBUG   ( 1141):          ........  ........
I/DEBUG   ( 1141):     #01  bf96e620  00000001  
I/DEBUG   ( 1141):          bf96e624  b755c00c  /data/local/tmp/sample51.dex_repaired.dex
I/DEBUG   ( 1141):          bf96e628  ffe8df44  
I/DEBUG   ( 1141):          bf96e62c  00000000  
I/DEBUG   ( 1141):          bf96e630  0008653c  
I/DEBUG   ( 1141):          bf96e634  b755c000  /data/local/tmp/sample51.dex_repaired.dex
I/DEBUG   ( 1141):          bf96e638  b7671325  /system/lib/libc.so (madvise+37)
I/DEBUG   ( 1141):          bf96e63c  00000016  
I/DEBUG   ( 1141):          bf96e640  00000003  
I/DEBUG   ( 1141):          bf96e644  00008000  
I/DEBUG   ( 1141):          bf96e648  b76d0fcc  /system/lib/libc.so
I/DEBUG   ( 1141):          bf96e64c  b764ce2c  /system/lib/libc.so (mmap+188)
I/DEBUG   ( 1141):          bf96e650  b755c000  /data/local/tmp/sample51.dex_repaired.dex
I/DEBUG   ( 1141):          bf96e654  0008653c  
I/DEBUG   ( 1141):          bf96e658  0000000c  
I/DEBUG   ( 1141):          bf96e65c  00000000  
I/DEBUG   ( 1141):          ........  ........
I/DEBUG   ( 1141):     #02  bf96e6d0  b755c000  /data/local/tmp/sample51.dex_repaired.dex
I/DEBUG   ( 1141):          bf96e6d4  0008653c  
I/DEBUG   ( 1141):          bf96e6d8  00000001  
I/DEBUG   ( 1141):          bf96e6dc  bf96e7c0  [stack]
I/DEBUG   ( 1141):          bf96e6e0  b76b7c7c  /system/lib/libc.so
I/DEBUG   ( 1141):          bf96e6e4  00000002  
I/DEBUG   ( 1141):          bf96e6e8  bf96e854  [stack]
I/DEBUG   ( 1141):          bf96e6ec  bf96e860  [stack]
I/DEBUG   ( 1141):          bf96e6f0  00000003  
I/DEBUG   ( 1141):          bf96e6f4  00000000  
I/DEBUG   ( 1141):          bf96e6f8  00000000  
I/DEBUG   ( 1141):          bf96e6fc  d84ab600  
I/DEBUG   ( 1141):          bf96e700  00000000  
I/DEBUG   ( 1141):          bf96e704  ffffffff  
I/DEBUG   ( 1141):          bf96e708  b767ec0b  /system/lib/libc.so (__vfprintf+11)
I/DEBUG   ( 1141):          bf96e70c  b76d0fcc  /system/lib/libc.so
I/DEBUG   ( 1141):          ........  ........
I/DEBUG   ( 1141): 
I/DEBUG   ( 1141): memory map around fault addr b76ce006:
I/DEBUG   ( 1141):     b7635000-b76ce000 r-x /system/lib/libc.so
I/DEBUG   ( 1141):     b76ce000-b76cf000 --- 
I/DEBUG   ( 1141):     b76cf000-b76d1000 r-- /system/lib/libc.so
I/BootReceiver( 1560): Copying /data/tombstones/tombstone_08 to DropBox (SYSTEM_TOMBSTONE)
F/CRASH_LOGGER( 2816): SIGSEGV : sample7.dex_repaired.dex 
W/dalvikvm( 2818): WARNING: Odd length: expected 0, got 545623
F/libc    ( 2818): Fatal signal 11 (SIGSEGV) at 0xb7696006 (code=2), thread 2818 (dexdump)
I/DEBUG   ( 1141): *** *** *** *** *** *** *** *** *** *** *** *** *** *** *** ***
I/DEBUG   ( 1141): Build fingerprint: 'generic_x86/sdk_x86/generic_x86:4.4.2/KK/4174703:eng/test-keys'
I/DEBUG   ( 1141): Revision: '0'
I/DEBUG   ( 1141): pid: 2818, tid: 2818, name: dexdump  >>> /system/xbin/dexdump <<<
I/DEBUG   ( 1141): signal 11 (SIGSEGV), code 2 (SEGV_ACCERR), fault addr b7696006
I/DEBUG   ( 1141): 
I/DEBUG   ( 1141): backtrace:
I/DEBUG   ( 1141): AM write failure (32 / Broken pipe)
I/DEBUG   ( 1141):     #00  pc 00001500  /system/lib/libz.so (adler32+208)
I/DEBUG   ( 1141):     #01  pc 000101e1  /system/xbin/dexdump (dexSwapAndVerify(unsigned char*, int)+273)
I/DEBUG   ( 1141):     #02  pc 0000746b  /system/xbin/dexdump (dexOpenAndMap(char const*, char const*, MemMapping*, bool)+923)
I/DEBUG   ( 1141):     #03  pc 00006b9a  /system/xbin/dexdump (main+554)
I/DEBUG   ( 1141):     #04  pc 0000d52c  /system/lib/libc.so (__libc_init+108)
I/DEBUG   ( 1141):     #05  pc 00001771  /system/xbin/dexdump (_start+97)
I/DEBUG   ( 1141): 
I/DEBUG   ( 1141): stack:
I/DEBUG   ( 1141):          bff66440  b76ce7bc  /system/bin/linker (__dl__ZN6soinfo16CallConstructorsEv.part.10+316)
I/DEBUG   ( 1141):          bff66444  b75d4cfc  /system/lib/libm.so
I/DEBUG   ( 1141):          bff66448  b76ca23c  
I/DEBUG   ( 1141):          bff6644c  00000003  
I/DEBUG   ( 1141):          bff66450  b76d0c85  /system/bin/linker (__dl__ZL17soinfo_link_imageP6soinfo+2421)
I/DEBUG   ( 1141):          bff66454  b76ef034  /system/xbin/dexdump
I/DEBUG   ( 1141):          bff66458  00000008  
I/DEBUG   ( 1141):          bff6645c  b76ef000  /system/xbin/dexdump
I/DEBUG   ( 1141):          bff66460  00000000  
I/DEBUG   ( 1141):          bff66464  b76ecfe4  /system/bin/linker
I/DEBUG   ( 1141):          bff66468  00000000  
I/DEBUG   ( 1141):          bff6646c  00000001  
I/DEBUG   ( 1141):          bff66470  b76e627c  /system/bin/linker
I/DEBUG   ( 1141):          bff66474  00000000  
I/DEBUG   ( 1141):          bff66478  b76ca474  
I/DEBUG   ( 1141):          bff6647c  b76ca358  
I/DEBUG   ( 1141):     #00  bff66480  00002a52  
I/DEBUG   ( 1141):          bff66484  00002a52  
I/DEBUG   ( 1141):          bff66488  00002a52  
I/DEBUG   ( 1141):          bff6648c  00002a52  
I/DEBUG   ( 1141):          bff66490  00002a52  
I/DEBUG   ( 1141):          bff66494  00002a52  
I/DEBUG   ( 1141):          bff66498  00002a52  
I/DEBUG   ( 1141):          bff6649c  00002a52  
I/DEBUG   ( 1141):          bff664a0  00002a52  
I/DEBUG   ( 1141):          bff664a4  00002a52  
I/DEBUG   ( 1141):          bff664a8  00002a52  
I/DEBUG   ( 1141):          bff664ac  00002a52  
I/DEBUG   ( 1141):          bff664b0  00d19564  
I/DEBUG   ( 1141):          bff664b4  b76970bc  /system/lib/libc.so
I/DEBUG   ( 1141):          bff664b8  b75cc7a9  /system/lib/liblog.so (__android_log_print+9)
I/DEBUG   ( 1141):          bff664bc  b7709f28  /system/xbin/dexdump
I/DEBUG   ( 1141):          ........  ........
I/DEBUG   ( 1141):     #01  bff664d0  00000001  
I/DEBUG   ( 1141):          bff664d4  b752500c  /data/local/tmp/sample7.dex_repaired.dex
I/DEBUG   ( 1141):          bff664d8  ffe8df44  
I/DEBUG   ( 1141):          bff664dc  00000000  
I/DEBUG   ( 1141):          bff664e0  00085357  
I/DEBUG   ( 1141):          bff664e4  b7525000  /data/local/tmp/sample7.dex_repaired.dex
I/DEBUG   ( 1141):          bff664e8  b7639325  /system/lib/libc.so (madvise+37)
I/DEBUG   ( 1141):          bff664ec  00000016  
I/DEBUG   ( 1141):          bff664f0  00000003  
I/DEBUG   ( 1141):          bff664f4  00008000  
I/DEBUG   ( 1141):          bff664f8  b7698fcc  /system/lib/libc.so
I/DEBUG   ( 1141):          bff664fc  b7614e2c  /system/lib/libc.so (mmap+188)
I/DEBUG   ( 1141):          bff66500  b7525000  /data/local/tmp/sample7.dex_repaired.dex
I/DEBUG   ( 1141):          bff66504  00085357  
I/DEBUG   ( 1141):          bff66508  0000000c  
I/DEBUG   ( 1141):          bff6650c  00000000  
I/DEBUG   ( 1141):          ........  ........
I/DEBUG   ( 1141):     #02  bff66580  b7525000  /data/local/tmp/sample7.dex_repaired.dex
I/DEBUG   ( 1141):          bff66584  00085357  
I/DEBUG   ( 1141):          bff66588  00000001  
I/DEBUG   ( 1141):          bff6658c  bff66670  [stack]
I/DEBUG   ( 1141):          bff66590  b767fc7c  /system/lib/libc.so
I/DEBUG   ( 1141):          bff66594  00000002  
I/DEBUG   ( 1141):          bff66598  bff66704  [stack]
I/DEBUG   ( 1141):          bff6659c  bff66710  [stack]
I/DEBUG   ( 1141):          bff665a0  00000003  
I/DEBUG   ( 1141):          bff665a4  00000000  
I/DEBUG   ( 1141):          bff665a8  00000000  
I/DEBUG   ( 1141):          bff665ac  b33b6b00  
I/DEBUG   ( 1141):          bff665b0  00000000  
I/DEBUG   ( 1141):          bff665b4  ffffffff  
I/DEBUG   ( 1141):          bff665b8  b7646c0b  /system/lib/libc.so (__vfprintf+11)
I/DEBUG   ( 1141):          bff665bc  b7698fcc  /system/lib/libc.so
I/DEBUG   ( 1141):          ........  ........
I/DEBUG   ( 1141): 
I/DEBUG   ( 1141): memory map around fault addr b7696006:
I/DEBUG   ( 1141):     b75fd000-b7696000 r-x /system/lib/libc.so
I/DEBUG   ( 1141):     b7696000-b7697000 --- 
I/DEBUG   ( 1141):     b7697000-b7699000 r-- /system/lib/libc.so
W/NativeCrashListener( 1560): Couldn't find ProcessRecord for pid 2818
I/BootReceiver( 1560): Copying /data/tombstones/tombstone_00 to DropBox (SYSTEM_TOMBSTONE)
F/CRASH_LOGGER( 2826): SIGSEGV : sample9.dex_repaired.dex 
W/dalvikvm( 2828): WARNING: Odd length: expected 0, got 555721
F/libc    ( 2828): Fatal signal 11 (SIGSEGV) at 0xb7727006 (code=2), thread 2828 (dexdump)
I/DEBUG   ( 1141): *** *** *** *** *** *** *** *** *** *** *** *** *** *** *** ***
I/DEBUG   ( 1141): Build fingerprint: 'generic_x86/sdk_x86/generic_x86:4.4.2/KK/4174703:eng/test-keys'
I/DEBUG   ( 1141): Revision: '0'
I/DEBUG   ( 1141): pid: 2828, tid: 2828, name: dexdump  >>> /system/xbin/dexdump <<<
I/DEBUG   ( 1141): signal 11 (SIGSEGV), code 2 (SEGV_ACCERR), fault addr b7727006
W/NativeCrashListener( 1560): Couldn't find ProcessRecord for pid 2828
I/DEBUG   ( 1141): 
I/DEBUG   ( 1141): backtrace:
I/DEBUG   ( 1141): AM write failure (32 / Broken pipe)
I/DEBUG   ( 1141):     #00  pc 00001500  /system/lib/libz.so (adler32+208)
I/DEBUG   ( 1141):     #01  pc 000101e1  /system/xbin/dexdump (dexSwapAndVerify(unsigned char*, int)+273)
I/DEBUG   ( 1141):     #02  pc 0000746b  /system/xbin/dexdump (dexOpenAndMap(char const*, char const*, MemMapping*, bool)+923)
I/DEBUG   ( 1141):     #03  pc 00006b9a  /system/xbin/dexdump (main+554)
I/DEBUG   ( 1141):     #04  pc 0000d52c  /system/lib/libc.so (__libc_init+108)
I/DEBUG   ( 1141):     #05  pc 00001771  /system/xbin/dexdump (_start+97)
I/DEBUG   ( 1141): 
I/DEBUG   ( 1141): stack:
I/DEBUG   ( 1141):          bf860040  b775f7bc  /system/bin/linker (__dl__ZN6soinfo16CallConstructorsEv.part.10+316)
I/DEBUG   ( 1141):          bf860044  b7665cfc  /system/lib/libm.so
I/DEBUG   ( 1141):          bf860048  b775b23c  
I/DEBUG   ( 1141):          bf86004c  00000003  
I/DEBUG   ( 1141):          bf860050  b7761c85  /system/bin/linker (__dl__ZL17soinfo_link_imageP6soinfo+2421)
I/DEBUG   ( 1141):          bf860054  b7780034  /system/xbin/dexdump
I/DEBUG   ( 1141):          bf860058  00000008  
I/DEBUG   ( 1141):          bf86005c  b7780000  /system/xbin/dexdump
I/DEBUG   ( 1141):          bf860060  00000000  
I/DEBUG   ( 1141):          bf860064  b777dfe4  /system/bin/linker
I/DEBUG   ( 1141):          bf860068  00000000  
I/DEBUG   ( 1141):          bf86006c  00000001  
I/DEBUG   ( 1141):          bf860070  b777727c  /system/bin/linker
I/DEBUG   ( 1141):          bf860074  00000000  
I/DEBUG   ( 1141):          bf860078  b775b474  
I/DEBUG   ( 1141):          bf86007c  b775b358  
I/DEBUG   ( 1141):     #00  bf860080  0007f0f5  
I/DEBUG   ( 1141):          bf860084  0007f0f5  
I/DEBUG   ( 1141):          bf860088  0007f0f5  
I/DEBUG   ( 1141):          bf86008c  0007f0f5  
I/DEBUG   ( 1141):          bf860090  0007f0f5  
I/DEBUG   ( 1141):          bf860094  0007f0f5  
I/DEBUG   ( 1141):          bf860098  0007f0f5  
I/DEBUG   ( 1141):          bf86009c  0007f0f5  
I/DEBUG   ( 1141):          bf8600a0  0007f0f5  
I/DEBUG   ( 1141):          bf8600a4  0007f0f5  
I/DEBUG   ( 1141):          bf8600a8  0007f0f5  
I/DEBUG   ( 1141):          bf8600ac  0007f0f5  
I/DEBUG   ( 1141):          bf8600b0  55e48363  
I/DEBUG   ( 1141):          bf8600b4  b772766c  
I/DEBUG   ( 1141):          bf8600b8  b765d7a9  /system/lib/liblog.so (__android_log_print+9)
I/DEBUG   ( 1141):          bf8600bc  b779af28  /system/xbin/dexdump
I/DEBUG   ( 1141):          ........  ........
I/DEBUG   ( 1141):     #01  bf8600d0  00000001  
I/DEBUG   ( 1141):          bf8600d4  b75b400c  /data/local/tmp/sample9.dex_repaired.dex
I/DEBUG   ( 1141):          bf8600d8  ffe8c994  
I/DEBUG   ( 1141):          bf8600dc  00000000  
I/DEBUG   ( 1141):          bf8600e0  00087ac9  
I/DEBUG   ( 1141):          bf8600e4  b75b4000  /data/local/tmp/sample9.dex_repaired.dex
I/DEBUG   ( 1141):          bf8600e8  b76ca325  /system/lib/libc.so (madvise+37)
I/DEBUG   ( 1141):          bf8600ec  00000016  
I/DEBUG   ( 1141):          bf8600f0  00000003  
I/DEBUG   ( 1141):          bf8600f4  00008000  
I/DEBUG   ( 1141):          bf8600f8  b7729fcc  /system/lib/libc.so
I/DEBUG   ( 1141):          bf8600fc  b76a5e2c  /system/lib/libc.so (mmap+188)
I/DEBUG   ( 1141):          bf860100  b75b4000  /data/local/tmp/sample9.dex_repaired.dex
I/DEBUG   ( 1141):          bf860104  00087ac9  
I/DEBUG   ( 1141):          bf860108  0000000c  
I/DEBUG   ( 1141):          bf86010c  00000000  
I/DEBUG   ( 1141):          ........  ........
I/DEBUG   ( 1141):     #02  bf860180  b75b4000  /data/local/tmp/sample9.dex_repaired.dex
I/DEBUG   ( 1141):          bf860184  00087ac9  
I/DEBUG   ( 1141):          bf860188  00000001  
I/DEBUG   ( 1141):          bf86018c  bf860270  [stack]
I/DEBUG   ( 1141):          bf860190  b7710c7c  /system/lib/libc.so
I/DEBUG   ( 1141):          bf860194  00000002  
I/DEBUG   ( 1141):          bf860198  bf860304  [stack]
I/DEBUG   ( 1141):          bf86019c  bf860310  [stack]
I/DEBUG   ( 1141):          bf8601a0  00000003  
I/DEBUG   ( 1141):          bf8601a4  00000000  
I/DEBUG   ( 1141):          bf8601a8  00000000  
I/DEBUG   ( 1141):          bf8601ac  146f2b00  
I/DEBUG   ( 1141):          bf8601b0  00000000  
I/DEBUG   ( 1141):          bf8601b4  ffffffff  
I/DEBUG   ( 1141):          bf8601b8  b76d7c0b  /system/lib/libc.so (__vfprintf+11)
I/DEBUG   ( 1141):          bf8601bc  b7729fcc  /system/lib/libc.so
I/DEBUG   ( 1141):          ........  ........
I/DEBUG   ( 1141): 
I/DEBUG   ( 1141): memory map around fault addr b7727006:
I/DEBUG   ( 1141):     b768e000-b7727000 r-x /system/lib/libc.so
I/DEBUG   ( 1141):     b7727000-b7728000 --- 
I/DEBUG   ( 1141):     b7728000-b772a000 r-- /system/lib/libc.so
I/BootReceiver( 1560): Copying /data/tombstones/tombstone_03 to DropBox (SYSTEM_TOMBSTONE)
F/CRASH_LOGGER( 2836): SIGSEGV : sample71.dex_repaired.dex 
W/dalvikvm( 2838): WARNING: Odd length: expected 0, got 551480
F/libc    ( 2838): Fatal signal 11 (SIGSEGV) at 0xb76e8006 (code=2), thread 2838 (dexdump)
I/DEBUG   ( 1141): *** *** *** *** *** *** *** *** *** *** *** *** *** *** *** ***
I/DEBUG   ( 1141): Build fingerprint: 'generic_x86/sdk_x86/generic_x86:4.4.2/KK/4174703:eng/test-keys'
I/DEBUG   ( 1141): Revision: '0'
I/DEBUG   ( 1141): pid: 2838, tid: 2838, name: dexdump  >>> /system/xbin/dexdump <<<
I/DEBUG   ( 1141): signal 11 (SIGSEGV), code 2 (SEGV_ACCERR), fault addr b76e8006
I/DEBUG   ( 1141): 
I/DEBUG   ( 1141): backtrace:
I/DEBUG   ( 1141): AM write failure (32 / Broken pipe)
I/DEBUG   ( 1141):     #00  pc 00001500  /system/lib/libz.so (adler32+208)
I/DEBUG   ( 1141):     #01  pc 000101e1  /system/xbin/dexdump (dexSwapAndVerify(unsigned char*, int)+273)
I/DEBUG   ( 1141):     #02  pc 0000746b  /system/xbin/dexdump (dexOpenAndMap(char const*, char const*, MemMapping*, bool)+923)
I/DEBUG   ( 1141):     #03  pc 00006b9a  /system/xbin/dexdump (main+554)
I/DEBUG   ( 1141):     #04  pc 0000d52c  /system/lib/libc.so (__libc_init+108)
I/DEBUG   ( 1141):     #05  pc 00001771  /system/xbin/dexdump (_start+97)
I/DEBUG   ( 1141): 
I/DEBUG   ( 1141): stack:
I/DEBUG   ( 1141):          bfdafd20  b77207bc  /system/bin/linker (__dl__ZN6soinfo16CallConstructorsEv.part.10+316)
I/DEBUG   ( 1141):          bfdafd24  b7626cfc  /system/lib/libm.so
I/DEBUG   ( 1141):          bfdafd28  b771c23c  
I/DEBUG   ( 1141):          bfdafd2c  00000003  
I/DEBUG   ( 1141):          bfdafd30  b7722c85  /system/bin/linker (__dl__ZL17soinfo_link_imageP6soinfo+2421)
I/DEBUG   ( 1141):          bfdafd34  b7741034  /system/xbin/dexdump
I/DEBUG   ( 1141):          bfdafd38  00000008  
I/DEBUG   ( 1141):          bfdafd3c  b7741000  /system/xbin/dexdump
I/DEBUG   ( 1141):          bfdafd40  00000000  
I/DEBUG   ( 1141):          bfdafd44  b773efe4  /system/bin/linker
I/DEBUG   ( 1141):          bfdafd48  00000000  
I/DEBUG   ( 1141):          bfdafd4c  00000001  
I/DEBUG   ( 1141):          bfdafd50  b773827c  /system/bin/linker
I/DEBUG   ( 1141):          bfdafd54  00000000  
I/DEBUG   ( 1141):          bfdafd58  b771c474  
I/DEBUG   ( 1141):          bfdafd5c  b771c358  
I/DEBUG   ( 1141):     #00  bfdafd60  000c77f9  
I/DEBUG   ( 1141):          bfdafd64  000c77f9  
I/DEBUG   ( 1141):          bfdafd68  000c77f9  
I/DEBUG   ( 1141):          bfdafd6c  000c77f9  
I/DEBUG   ( 1141):          bfdafd70  000c77f9  
I/DEBUG   ( 1141):          bfdafd74  000c77f9  
I/DEBUG   ( 1141):          bfdafd78  000c77f9  
I/DEBUG   ( 1141):          bfdafd7c  000c77f9  
I/DEBUG   ( 1141):          bfdafd80  000c77f9  
I/DEBUG   ( 1141):          bfdafd84  000c77f9  
I/DEBUG   ( 1141):          bfdafd88  000c77f9  
I/DEBUG   ( 1141):          bfdafd8c  000c77f9  
I/DEBUG   ( 1141):          bfdafd90  ab582799  
I/DEBUG   ( 1141):          bfdafd94  b76e80bc  
I/DEBUG   ( 1141):          bfdafd98  b761e7a9  /system/lib/liblog.so (__android_log_print+9)
I/DEBUG   ( 1141):          bfdafd9c  b775bf28  /system/xbin/dexdump
I/DEBUG   ( 1141):          ........  ........
I/DEBUG   ( 1141):     #01  bfdafdb0  00000001  
I/DEBUG   ( 1141):          bfdafdb4  b757600c  /data/local/tmp/sample71.dex_repaired.dex
I/DEBUG   ( 1141):          bfdafdb8  ffe8df44  
I/DEBUG   ( 1141):          bfdafdbc  00000000  
I/DEBUG   ( 1141):          bfdafdc0  00086a38  
I/DEBUG   ( 1141):          bfdafdc4  b7576000  /data/local/tmp/sample71.dex_repaired.dex
I/DEBUG   ( 1141):          bfdafdc8  b768b325  /system/lib/libc.so (madvise+37)
I/DEBUG   ( 1141):          bfdafdcc  00000016  
I/DEBUG   ( 1141):          bfdafdd0  00000003  
I/DEBUG   ( 1141):          bfdafdd4  00008000  
I/DEBUG   ( 1141):          bfdafdd8  b76eafcc  /system/lib/libc.so
I/DEBUG   ( 1141):          bfdafddc  b7666e2c  /system/lib/libc.so (mmap+188)
I/DEBUG   ( 1141):          bfdafde0  b7576000  /data/local/tmp/sample71.dex_repaired.dex
I/DEBUG   ( 1141):          bfdafde4  00086a38  
I/DEBUG   ( 1141):          bfdafde8  0000000c  
I/DEBUG   ( 1141):          bfdafdec  00000000  
I/DEBUG   ( 1141):          ........  ........
I/DEBUG   ( 1141):     #02  bfdafe60  b7576000  /data/local/tmp/sample71.dex_repaired.dex
I/DEBUG   ( 1141):          bfdafe64  00086a38  
I/DEBUG   ( 1141):          bfdafe68  00000001  
I/DEBUG   ( 1141):          bfdafe6c  bfdaff50  [stack]
I/DEBUG   ( 1141):          bfdafe70  b76d1c7c  /system/lib/libc.so
I/DEBUG   ( 1141):          bfdafe74  00000002  
I/DEBUG   ( 1141):          bfdafe78  bfdaffe4  [stack]
I/DEBUG   ( 1141):          bfdafe7c  bfdafff0  [stack]
I/DEBUG   ( 1141):          bfdafe80  00000003  
I/DEBUG   ( 1141):          bfdafe84  00000000  
I/DEBUG   ( 1141):          bfdafe88  00000000  
I/DEBUG   ( 1141):          bfdafe8c  11e91d00  
I/DEBUG   ( 1141):          bfdafe90  00000000  
I/DEBUG   ( 1141):          bfdafe94  ffffffff  
I/DEBUG   ( 1141):          bfdafe98  b7698c0b  /system/lib/libc.so (__vfprintf+11)
I/DEBUG   ( 1141):          bfdafe9c  b76eafcc  /system/lib/libc.so
I/DEBUG   ( 1141):          ........  ........
I/DEBUG   ( 1141): 
I/DEBUG   ( 1141): memory map around fault addr b76e8006:
I/DEBUG   ( 1141):     b764f000-b76e8000 r-x /system/lib/libc.so
I/DEBUG   ( 1141):     b76e8000-b76e9000 --- 
I/DEBUG   ( 1141):     b76e9000-b76eb000 r-- /system/lib/libc.so
W/NativeCrashListener( 1560): Couldn't find ProcessRecord for pid 2838
I/BootReceiver( 1560): Copying /data/tombstones/tombstone_09 to DropBox (SYSTEM_TOMBSTONE)
F/CRASH_LOGGER( 2846): SIGSEGV : sample41.dex_repaired.dex 
W/dalvikvm( 2848): WARNING: Odd length: expected 0, got 550720
F/libc    ( 2848): Fatal signal 11 (SIGSEGV) at 0xb7731006 (code=2), thread 2848 (dexdump)
I/DEBUG   ( 1141): *** *** *** *** *** *** *** *** *** *** *** *** *** *** *** ***
I/DEBUG   ( 1141): Build fingerprint: 'generic_x86/sdk_x86/generic_x86:4.4.2/KK/4174703:eng/test-keys'
I/DEBUG   ( 1141): Revision: '0'
I/DEBUG   ( 1141): pid: 2848, tid: 2848, name: dexdump  >>> /system/xbin/dexdump <<<
I/DEBUG   ( 1141): signal 11 (SIGSEGV), code 2 (SEGV_ACCERR), fault addr b7731006
I/DEBUG   ( 1141): 
I/DEBUG   ( 1141): backtrace:
I/DEBUG   ( 1141):     #00  pc 00001500  /system/lib/libz.so (adler32+208)
I/DEBUG   ( 1141):     #01  pc 000101e1  /system/xbin/dexdump (dexSwapAndVerify(unsigned char*, int)+273)
I/DEBUG   ( 1141):     #02  pc 0000746b  /system/xbin/dexdump (dexOpenAndMap(char const*, char const*, MemMapping*, bool)+923)
I/DEBUG   ( 1141):     #03  pc 00006b9a  /system/xbin/dexdump (main+554)
I/DEBUG   ( 1141):     #04  pc 0000d52c  /system/lib/libc.so (__libc_init+108)
I/DEBUG   ( 1141):     #05  pc 00001771  /system/xbin/dexdump (_start+97)
I/DEBUG   ( 1141): 
I/DEBUG   ( 1141): stack:
I/DEBUG   ( 1141):          bfbea410  b77697bc  /system/bin/linker (__dl__ZN6soinfo16CallConstructorsEv.part.10+316)
I/DEBUG   ( 1141):          bfbea414  b766fcfc  /system/lib/libm.so
I/DEBUG   ( 1141):          bfbea418  b776523c  
I/DEBUG   ( 1141):          bfbea41c  00000003  
I/DEBUG   ( 1141):          bfbea420  b776bc85  /system/bin/linker (__dl__ZL17soinfo_link_imageP6soinfo+2421)
I/DEBUG   ( 1141):          bfbea424  b778a034  /system/xbin/dexdump
I/DEBUG   ( 1141):          bfbea428  00000008  
I/DEBUG   ( 1141):          bfbea42c  b778a000  /system/xbin/dexdump
I/DEBUG   ( 1141):          bfbea430  00000000  
I/DEBUG   ( 1141):          bfbea434  b7787fe4  /system/bin/linker
I/DEBUG   ( 1141):          bfbea438  00000000  
I/DEBUG   ( 1141):          bfbea43c  00000001  
I/DEBUG   ( 1141):          bfbea440  b778127c  /system/bin/linker
I/DEBUG   ( 1141):          bfbea444  00000000  
I/DEBUG   ( 1141):          bfbea448  b7765474  
I/DEBUG   ( 1141):          bfbea44c  b7765358  
I/DEBUG   ( 1141):     #00  bfbea450  000c1283  
I/DEBUG   ( 1141):          bfbea454  000c1283  
I/DEBUG   ( 1141):          bfbea458  000c1283  
I/DEBUG   ( 1141):          bfbea45c  000c1283  
I/DEBUG   ( 1141):          bfbea460  000c1283  
I/DEBUG   ( 1141):          bfbea464  000c1283  
I/DEBUG   ( 1141):          bfbea468  000c1283  
I/DEBUG   ( 1141):          bfbea46c  000c1283  
I/DEBUG   ( 1141):          bfbea470  000c1283  
I/DEBUG   ( 1141):          bfbea474  000c1283  
I/DEBUG   ( 1141):          bfbea478  000c1283  
I/DEBUG   ( 1141):          bfbea47c  000c1283  
I/DEBUG   ( 1141):          bfbea480  a30b8cce  
I/DEBUG   ( 1141):          bfbea484  b77310bc  
I/DEBUG   ( 1141):          bfbea488  b76677a9  /system/lib/liblog.so (__android_log_print+9)
I/DEBUG   ( 1141):          bfbea48c  b77a4f28  /system/xbin/dexdump
I/DEBUG   ( 1141):          ........  ........
I/DEBUG   ( 1141):     #01  bfbea4a0  00000001  
I/DEBUG   ( 1141):          bfbea4a4  b75bf00c  /data/local/tmp/sample41.dex_repaired.dex
I/DEBUG   ( 1141):          bfbea4a8  ffe8df44  
I/DEBUG   ( 1141):          bfbea4ac  00000000  
I/DEBUG   ( 1141):          bfbea4b0  00086740  
I/DEBUG   ( 1141):          bfbea4b4  b75bf000  /data/local/tmp/sample41.dex_repaired.dex
I/DEBUG   ( 1141):          bfbea4b8  b76d4325  /system/lib/libc.so (madvise+37)
I/DEBUG   ( 1141):          bfbea4bc  00000016  
I/DEBUG   ( 1141):          bfbea4c0  00000003  
I/DEBUG   ( 1141):          bfbea4c4  00008000  
I/DEBUG   ( 1141):          bfbea4c8  b7733fcc  /system/lib/libc.so
I/DEBUG   ( 1141):          bfbea4cc  b76afe2c  /system/lib/libc.so (mmap+188)
I/DEBUG   ( 1141):          bfbea4d0  b75bf000  /data/local/tmp/sample41.dex_repaired.dex
I/DEBUG   ( 1141):          bfbea4d4  00086740  
I/DEBUG   ( 1141):          bfbea4d8  0000000c  
I/DEBUG   ( 1141):          bfbea4dc  00000000  
I/DEBUG   ( 1141):          ........  ........
I/DEBUG   ( 1141):     #02  bfbea550  b75bf000  /data/local/tmp/sample41.dex_repaired.dex
I/DEBUG   ( 1141):          bfbea554  00086740  
I/DEBUG   ( 1141):          bfbea558  00000001  
I/DEBUG   ( 1141):          bfbea55c  bfbea640  [stack]
I/DEBUG   ( 1141):          bfbea560  b771ac7c  /system/lib/libc.so
I/DEBUG   ( 1141):          bfbea564  00000002  
I/DEBUG   ( 1141):          bfbea568  bfbea6d4  [stack]
I/DEBUG   ( 1141):          bfbea56c  bfbea6e0  [stack]
I/DEBUG   ( 1141):          bfbea570  00000003  
I/DEBUG   ( 1141):          bfbea574  00000000  
I/DEBUG   ( 1141):          bfbea578  00000000  
I/DEBUG   ( 1141):          bfbea57c  70349c00  
I/DEBUG   ( 1141):          bfbea580  00000000  
I/DEBUG   ( 1141):          bfbea584  ffffffff  
I/DEBUG   ( 1141):          bfbea588  b76e1c0b  /system/lib/libc.so (__vfprintf+11)
I/DEBUG   ( 1141):          bfbea58c  b7733fcc  /system/lib/libc.so
I/DEBUG   ( 1141):          ........  ........
I/DEBUG   ( 1141): 
I/DEBUG   ( 1141): memory map around fault addr b7731006:
I/DEBUG   ( 1141):     b7698000-b7731000 r-x /system/lib/libc.so
I/DEBUG   ( 1141):     b7731000-b7732000 --- 
I/DEBUG   ( 1141):     b7732000-b7734000 r-- /system/lib/libc.so
D/dalvikvm( 1560): GC_FOR_ALLOC freed 444K, 14% free 5348K/6160K, paused 6ms, total 6ms
W/NativeCrashListener( 1560): Couldn't find ProcessRecord for pid 2848
I/BootReceiver( 1560): Copying /data/tombstones/tombstone_01 to DropBox (SYSTEM_TOMBSTONE)
F/CRASH_LOGGER( 2856): SIGSEGV : sample34.dex_repaired.dex 
W/dalvikvm( 2858): WARNING: Odd length: expected 0, got 551846
F/libc    ( 2858): Fatal signal 11 (SIGSEGV) at 0xb76c7006 (code=2), thread 2858 (dexdump)
I/DEBUG   ( 1141): *** *** *** *** *** *** *** *** *** *** *** *** *** *** *** ***
I/DEBUG   ( 1141): Build fingerprint: 'generic_x86/sdk_x86/generic_x86:4.4.2/KK/4174703:eng/test-keys'
I/DEBUG   ( 1141): Revision: '0'
I/DEBUG   ( 1141): pid: 2858, tid: 2858, name: dexdump  >>> /system/xbin/dexdump <<<
I/DEBUG   ( 1141): signal 11 (SIGSEGV), code 2 (SEGV_ACCERR), fault addr b76c7006
I/DEBUG   ( 1141): 
I/DEBUG   ( 1141): backtrace:
I/DEBUG   ( 1141): AM write failure (32 / Broken pipe)
I/DEBUG   ( 1141):     #00  pc 00001500  /system/lib/libz.so (adler32+208)
I/DEBUG   ( 1141):     #01  pc 000101e1  /system/xbin/dexdump (dexSwapAndVerify(unsigned char*, int)+273)
I/DEBUG   ( 1141):     #02  pc 0000746b  /system/xbin/dexdump (dexOpenAndMap(char const*, char const*, MemMapping*, bool)+923)
I/DEBUG   ( 1141):     #03  pc 00006b9a  /system/xbin/dexdump (main+554)
I/DEBUG   ( 1141):     #04  pc 0000d52c  /system/lib/libc.so (__libc_init+108)
I/DEBUG   ( 1141):     #05  pc 00001771  /system/xbin/dexdump (_start+97)
I/DEBUG   ( 1141): 
I/DEBUG   ( 1141): stack:
I/DEBUG   ( 1141):          bf8c3960  b76ff7bc  /system/bin/linker (__dl__ZN6soinfo16CallConstructorsEv.part.10+316)
I/DEBUG   ( 1141):          bf8c3964  b7605cfc  /system/lib/libm.so
I/DEBUG   ( 1141):          bf8c3968  b76fb23c  
I/DEBUG   ( 1141):          bf8c396c  00000003  
I/DEBUG   ( 1141):          bf8c3970  b7701c85  /system/bin/linker (__dl__ZL17soinfo_link_imageP6soinfo+2421)
I/DEBUG   ( 1141):          bf8c3974  b7720034  /system/xbin/dexdump
I/DEBUG   ( 1141):          bf8c3978  00000008  
I/DEBUG   ( 1141):          bf8c397c  b7720000  /system/xbin/dexdump
I/DEBUG   ( 1141):          bf8c3980  00000000  
I/DEBUG   ( 1141):          bf8c3984  b771dfe4  /system/bin/linker
I/DEBUG   ( 1141):          bf8c3988  00000000  
I/DEBUG   ( 1141):          bf8c398c  00000001  
I/DEBUG   ( 1141):          bf8c3990  b771727c  /system/bin/linker
I/DEBUG   ( 1141):          bf8c3994  00000000  
I/DEBUG   ( 1141):          bf8c3998  b76fb474  
I/DEBUG   ( 1141):          bf8c399c  b76fb358  
I/DEBUG   ( 1141):     #00  bf8c39a0  000c1a49  
I/DEBUG   ( 1141):          bf8c39a4  000c1a49  
I/DEBUG   ( 1141):          bf8c39a8  000c1a49  
I/DEBUG   ( 1141):          bf8c39ac  000c1a49  
I/DEBUG   ( 1141):          bf8c39b0  000c1a49  
I/DEBUG   ( 1141):          bf8c39b4  000c1a49  
I/DEBUG   ( 1141):          bf8c39b8  000c1a49  
I/DEBUG   ( 1141):          bf8c39bc  000c1a49  
I/DEBUG   ( 1141):          bf8c39c0  000c1a49  
I/DEBUG   ( 1141):          bf8c39c4  000c1a49  
I/DEBUG   ( 1141):          bf8c39c8  000c1a49  
I/DEBUG   ( 1141):          bf8c39cc  000c1a49  
I/DEBUG   ( 1141):          bf8c39d0  a3ae4e7b  
I/DEBUG   ( 1141):          bf8c39d4  b76c70bc  
I/DEBUG   ( 1141):          bf8c39d8  b75fd7a9  /system/lib/liblog.so (__android_log_print+9)
I/DEBUG   ( 1141):          bf8c39dc  b773af28  /system/xbin/dexdump
I/DEBUG   ( 1141):          ........  ........
I/DEBUG   ( 1141):     #01  bf8c39f0  00000001  
I/DEBUG   ( 1141):          bf8c39f4  b755500c  /data/local/tmp/sample34.dex_repaired.dex
I/DEBUG   ( 1141):          bf8c39f8  ffe8df44  
I/DEBUG   ( 1141):          bf8c39fc  00000000  
I/DEBUG   ( 1141):          bf8c3a00  00086ba6  
I/DEBUG   ( 1141):          bf8c3a04  b7555000  /data/local/tmp/sample34.dex_repaired.dex
I/DEBUG   ( 1141):          bf8c3a08  b766a325  /system/lib/libc.so (madvise+37)
I/DEBUG   ( 1141):          bf8c3a0c  00000016  
I/DEBUG   ( 1141):          bf8c3a10  00000003  
I/DEBUG   ( 1141):          bf8c3a14  00008000  
I/DEBUG   ( 1141):          bf8c3a18  b76c9fcc  /system/lib/libc.so
I/DEBUG   ( 1141):          bf8c3a1c  b7645e2c  /system/lib/libc.so (mmap+188)
I/DEBUG   ( 1141):          bf8c3a20  b7555000  /data/local/tmp/sample34.dex_repaired.dex
I/DEBUG   ( 1141):          bf8c3a24  00086ba6  
I/DEBUG   ( 1141):          bf8c3a28  0000000c  
I/DEBUG   ( 1141):          bf8c3a2c  00000000  
I/DEBUG   ( 1141):          ........  ........
I/DEBUG   ( 1141):     #02  bf8c3aa0  b7555000  /data/local/tmp/sample34.dex_repaired.dex
I/DEBUG   ( 1141):          bf8c3aa4  00086ba6  
I/DEBUG   ( 1141):          bf8c3aa8  00000001  
I/DEBUG   ( 1141):          bf8c3aac  bf8c3b90  [stack]
I/DEBUG   ( 1141):          bf8c3ab0  b76b0c7c  /system/lib/libc.so
I/DEBUG   ( 1141):          bf8c3ab4  00000002  
I/DEBUG   ( 1141):          bf8c3ab8  bf8c3c24  [stack]
I/DEBUG   ( 1141):          bf8c3abc  bf8c3c30  [stack]
I/DEBUG   ( 1141):          bf8c3ac0  00000003  
I/DEBUG   ( 1141):          bf8c3ac4  00000000  
I/DEBUG   ( 1141):          bf8c3ac8  00000000  
I/DEBUG   ( 1141):          bf8c3acc  2e2dc100  
I/DEBUG   ( 1141):          bf8c3ad0  00000000  
I/DEBUG   ( 1141):          bf8c3ad4  ffffffff  
I/DEBUG   ( 1141):          bf8c3ad8  b7677c0b  /system/lib/libc.so (__vfprintf+11)
I/DEBUG   ( 1141):          bf8c3adc  b76c9fcc  /system/lib/libc.so
I/DEBUG   ( 1141):          ........  ........
I/DEBUG   ( 1141): 
I/DEBUG   ( 1141): memory map around fault addr b76c7006:
I/DEBUG   ( 1141):     b762e000-b76c7000 r-x /system/lib/libc.so
I/DEBUG   ( 1141):     b76c7000-b76c8000 --- 
I/DEBUG   ( 1141):     b76c8000-b76ca000 r-- /system/lib/libc.so
W/NativeCrashListener( 1560): Couldn't find ProcessRecord for pid 2858
I/BootReceiver( 1560): Copying /data/tombstones/tombstone_04 to DropBox (SYSTEM_TOMBSTONE)
F/CRASH_LOGGER( 2866): SIGSEGV : sample23.dex_repaired.dex 
W/dalvikvm( 2868): WARNING: Odd length: expected 0, got 555480
F/libc    ( 2868): Fatal signal 11 (SIGSEGV) at 0xb76e3006 (code=2), thread 2868 (dexdump)
I/DEBUG   ( 1141): *** *** *** *** *** *** *** *** *** *** *** *** *** *** *** ***
I/DEBUG   ( 1141): Build fingerprint: 'generic_x86/sdk_x86/generic_x86:4.4.2/KK/4174703:eng/test-keys'
I/DEBUG   ( 1141): Revision: '0'
I/DEBUG   ( 1141): pid: 2868, tid: 2868, name: dexdump  >>> /system/xbin/dexdump <<<
I/DEBUG   ( 1141): signal 11 (SIGSEGV), code 2 (SEGV_ACCERR), fault addr b76e3006
W/NativeCrashListener( 1560): Couldn't find ProcessRecord for pid 2868
I/DEBUG   ( 1141): 
