I/DEBUG   ( 1141): backtrace:
I/DEBUG   ( 1141): AM write failure (32 / Broken pipe)
I/DEBUG   ( 1141):     #00  pc 00001500  /system/lib/libz.so (adler32+208)
I/DEBUG   ( 1141):     #01  pc 000101e1  /system/xbin/dexdump (dexSwapAndVerify(unsigned char*, int)+273)
I/DEBUG   ( 1141):     #02  pc 0000746b  /system/xbin/dexdump (dexOpenAndMap(char const*, char const*, MemMapping*, bool)+923)
I/DEBUG   ( 1141):     #03  pc 00006b9a  /system/xbin/dexdump (main+554)
I/DEBUG   ( 1141):     #04  pc 0000d52c  /system/lib/libc.so (__libc_init+108)
I/DEBUG   ( 1141):     #05  pc 00001771  /system/xbin/dexdump (_start+97)
I/DEBUG   ( 1141): 
I/DEBUG   ( 1141): stack:
I/DEBUG   ( 1141):          bffae540  b771b7bc  /system/bin/linker (__dl__ZN6soinfo16CallConstructorsEv.part.10+316)
I/DEBUG   ( 1141):          bffae544  b7621cfc  /system/lib/libm.so
I/DEBUG   ( 1141):          bffae548  b771723c  
I/DEBUG   ( 1141):          bffae54c  00000003  
I/DEBUG   ( 1141):          bffae550  b771dc85  /system/bin/linker (__dl__ZL17soinfo_link_imageP6soinfo+2421)
I/DEBUG   ( 1141):          bffae554  b773c034  /system/xbin/dexdump
I/DEBUG   ( 1141):          bffae558  00000008  
I/DEBUG   ( 1141):          bffae55c  b773c000  /system/xbin/dexdump
I/DEBUG   ( 1141):          bffae560  00000000  
I/DEBUG   ( 1141):          bffae564  b7739fe4  /system/bin/linker
I/DEBUG   ( 1141):          bffae568  00000000  
I/DEBUG   ( 1141):          bffae56c  00000001  
I/DEBUG   ( 1141):          bffae570  b773327c  /system/bin/linker
I/DEBUG   ( 1141):          bffae574  00000000  
I/DEBUG   ( 1141):          bffae578  b7717474  
I/DEBUG   ( 1141):          bffae57c  b7717358  
I/DEBUG   ( 1141):     #00  bffae580  00077293  
I/DEBUG   ( 1141):          bffae584  00077293  
I/DEBUG   ( 1141):          bffae588  00077293  
I/DEBUG   ( 1141):          bffae58c  00077293  
I/DEBUG   ( 1141):          bffae590  00077293  
I/DEBUG   ( 1141):          bffae594  00077293  
I/DEBUG   ( 1141):          bffae598  00077293  
I/DEBUG   ( 1141):          bffae59c  00077293  
I/DEBUG   ( 1141):          bffae5a0  00077293  
I/DEBUG   ( 1141):          bffae5a4  00077293  
I/DEBUG   ( 1141):          bffae5a8  00077293  
I/DEBUG   ( 1141):          bffae5ac  00077293  
I/DEBUG   ( 1141):          bffae5b0  4e5cc217  
I/DEBUG   ( 1141):          bffae5b4  b76e366c  
I/DEBUG   ( 1141):          bffae5b8  b76197a9  /system/lib/liblog.so (__android_log_print+9)
I/DEBUG   ( 1141):          bffae5bc  b7756f28  /system/xbin/dexdump
I/DEBUG   ( 1141):          ........  ........
I/DEBUG   ( 1141):     #01  bffae5d0  00000001  
I/DEBUG   ( 1141):          bffae5d4  b757000c  /data/local/tmp/sample23.dex_repaired.dex
I/DEBUG   ( 1141):          bffae5d8  ffe8c994  
I/DEBUG   ( 1141):          bffae5dc  00000000  
I/DEBUG   ( 1141):          bffae5e0  000879d8  
I/DEBUG   ( 1141):          bffae5e4  b7570000  /data/local/tmp/sample23.dex_repaired.dex
I/DEBUG   ( 1141):          bffae5e8  b7686325  /system/lib/libc.so (madvise+37)
I/DEBUG   ( 1141):          bffae5ec  00000016  
I/DEBUG   ( 1141):          bffae5f0  00000003  
I/DEBUG   ( 1141):          bffae5f4  00008000  
I/DEBUG   ( 1141):          bffae5f8  b76e5fcc  /system/lib/libc.so
I/DEBUG   ( 1141):          bffae5fc  b7661e2c  /system/lib/libc.so (mmap+188)
I/DEBUG   ( 1141):          bffae600  b7570000  /data/local/tmp/sample23.dex_repaired.dex
I/DEBUG   ( 1141):          bffae604  000879d8  
I/DEBUG   ( 1141):          bffae608  0000000c  
I/DEBUG   ( 1141):          bffae60c  00000000  
I/DEBUG   ( 1141):          ........  ........
I/DEBUG   ( 1141):     #02  bffae680  b7570000  /data/local/tmp/sample23.dex_repaired.dex
I/DEBUG   ( 1141):          bffae684  000879d8  
I/DEBUG   ( 1141):          bffae688  00000001  
I/DEBUG   ( 1141):          bffae68c  bffae770  [stack]
I/DEBUG   ( 1141):          bffae690  b76ccc7c  /system/lib/libc.so
I/DEBUG   ( 1141):          bffae694  00000002  
I/DEBUG   ( 1141):          bffae698  bffae804  [stack]
I/DEBUG   ( 1141):          bffae69c  bffae810  [stack]
I/DEBUG   ( 1141):          bffae6a0  00000003  
I/DEBUG   ( 1141):          bffae6a4  00000000  
I/DEBUG   ( 1141):          bffae6a8  00000000  
I/DEBUG   ( 1141):          bffae6ac  fdbdc900  
I/DEBUG   ( 1141):          bffae6b0  00000000  
I/DEBUG   ( 1141):          bffae6b4  ffffffff  
I/DEBUG   ( 1141):          bffae6b8  b7693c0b  /system/lib/libc.so (__vfprintf+11)
I/DEBUG   ( 1141):          bffae6bc  b76e5fcc  /system/lib/libc.so
I/DEBUG   ( 1141):          ........  ........
I/DEBUG   ( 1141): 
I/DEBUG   ( 1141): memory map around fault addr b76e3006:
I/DEBUG   ( 1141):     b764a000-b76e3000 r-x /system/lib/libc.so
I/DEBUG   ( 1141):     b76e3000-b76e4000 --- 
I/DEBUG   ( 1141):     b76e4000-b76e6000 r-- /system/lib/libc.so
I/BootReceiver( 1560): Copying /data/tombstones/tombstone_05 to DropBox (SYSTEM_TOMBSTONE)
F/CRASH_LOGGER( 2876): SIGSEGV : sample86.dex_repaired.dex 
W/dalvikvm( 2878): WARNING: Odd length: expected 0, got 550048
F/libc    ( 2878): Fatal signal 11 (SIGSEGV) at 0xb7750006 (code=2), thread 2878 (dexdump)
I/DEBUG   ( 1141): *** *** *** *** *** *** *** *** *** *** *** *** *** *** *** ***
I/DEBUG   ( 1141): Build fingerprint: 'generic_x86/sdk_x86/generic_x86:4.4.2/KK/4174703:eng/test-keys'
I/DEBUG   ( 1141): Revision: '0'
I/DEBUG   ( 1141): pid: 2878, tid: 2878, name: dexdump  >>> /system/xbin/dexdump <<<
I/DEBUG   ( 1141): signal 11 (SIGSEGV), code 2 (SEGV_ACCERR), fault addr b7750006
I/DEBUG   ( 1141): 
I/DEBUG   ( 1141): backtrace:
I/DEBUG   ( 1141): AM write failure (32 / Broken pipe)
I/DEBUG   ( 1141):     #00  pc 00001500  /system/lib/libz.so (adler32+208)
I/DEBUG   ( 1141):     #01  pc 000101e1  /system/xbin/dexdump (dexSwapAndVerify(unsigned char*, int)+273)
I/DEBUG   ( 1141):     #02  pc 0000746b  /system/xbin/dexdump (dexOpenAndMap(char const*, char const*, MemMapping*, bool)+923)
I/DEBUG   ( 1141):     #03  pc 00006b9a  /system/xbin/dexdump (main+554)
I/DEBUG   ( 1141):     #04  pc 0000d52c  /system/lib/libc.so (__libc_init+108)
I/DEBUG   ( 1141):     #05  pc 00001771  /system/xbin/dexdump (_start+97)
I/DEBUG   ( 1141): 
I/DEBUG   ( 1141): stack:
I/DEBUG   ( 1141):          bfbe36a0  b77887bc  /system/bin/linker (__dl__ZN6soinfo16CallConstructorsEv.part.10+316)
I/DEBUG   ( 1141):          bfbe36a4  b768ecfc  /system/lib/libm.so
I/DEBUG   ( 1141):          bfbe36a8  b778423c  
I/DEBUG   ( 1141):          bfbe36ac  00000003  
I/DEBUG   ( 1141):          bfbe36b0  b778ac85  /system/bin/linker (__dl__ZL17soinfo_link_imageP6soinfo+2421)
I/DEBUG   ( 1141):          bfbe36b4  b77a9034  /system/xbin/dexdump
I/DEBUG   ( 1141):          bfbe36b8  00000008  
I/DEBUG   ( 1141):          bfbe36bc  b77a9000  /system/xbin/dexdump
I/DEBUG   ( 1141):          bfbe36c0  00000000  
I/DEBUG   ( 1141):          bfbe36c4  b77a6fe4  /system/bin/linker
I/DEBUG   ( 1141):          bfbe36c8  00000000  
I/DEBUG   ( 1141):          bfbe36cc  00000001  
I/DEBUG   ( 1141):          bfbe36d0  b77a027c  /system/bin/linker
I/DEBUG   ( 1141):          bfbe36d4  00000000  
I/DEBUG   ( 1141):          bfbe36d8  b7784474  
I/DEBUG   ( 1141):          bfbe36dc  b7784358  
I/DEBUG   ( 1141):     #00  bfbe36e0  000be7d5  
I/DEBUG   ( 1141):          bfbe36e4  000be7d5  
I/DEBUG   ( 1141):          bfbe36e8  000be7d5  
I/DEBUG   ( 1141):          bfbe36ec  000be7d5  
I/DEBUG   ( 1141):          bfbe36f0  000be7d5  
I/DEBUG   ( 1141):          bfbe36f4  000be7d5  
I/DEBUG   ( 1141):          bfbe36f8  000be7d5  
I/DEBUG   ( 1141):          bfbe36fc  000be7d5  
I/DEBUG   ( 1141):          bfbe3700  000be7d5  
I/DEBUG   ( 1141):          bfbe3704  000be7d5  
I/DEBUG   ( 1141):          bfbe3708  000be7d5  
I/DEBUG   ( 1141):          bfbe370c  000be7d5  
I/DEBUG   ( 1141):          bfbe3710  9f8e4964  
I/DEBUG   ( 1141):          bfbe3714  b77500bc  
I/DEBUG   ( 1141):          bfbe3718  b76867a9  /system/lib/liblog.so (__android_log_print+9)
I/DEBUG   ( 1141):          bfbe371c  b77c3f28  /system/xbin/dexdump
I/DEBUG   ( 1141):          ........  ........
I/DEBUG   ( 1141):     #01  bfbe3730  00000001  
I/DEBUG   ( 1141):          bfbe3734  b75de00c  /data/local/tmp/sample86.dex_repaired.dex
I/DEBUG   ( 1141):          bfbe3738  ffe8df44  
I/DEBUG   ( 1141):          bfbe373c  00000000  
W/NativeCrashListener( 1560): Couldn't find ProcessRecord for pid 2878
I/DEBUG   ( 1141):          bfbe3740  000864a0  
I/DEBUG   ( 1141):          bfbe3744  b75de000  /data/local/tmp/sample86.dex_repaired.dex
I/DEBUG   ( 1141):          bfbe3748  b76f3325  /system/lib/libc.so (madvise+37)
I/DEBUG   ( 1141):          bfbe374c  00000016  
I/DEBUG   ( 1141):          bfbe3750  00000003  
I/DEBUG   ( 1141):          bfbe3754  00008000  
I/DEBUG   ( 1141):          bfbe3758  b7752fcc  /system/lib/libc.so
I/DEBUG   ( 1141):          bfbe375c  b76cee2c  /system/lib/libc.so (mmap+188)
I/DEBUG   ( 1141):          bfbe3760  b75de000  /data/local/tmp/sample86.dex_repaired.dex
I/DEBUG   ( 1141):          bfbe3764  000864a0  
I/DEBUG   ( 1141):          bfbe3768  0000000c  
I/DEBUG   ( 1141):          bfbe376c  00000000  
I/DEBUG   ( 1141):          ........  ........
I/DEBUG   ( 1141):     #02  bfbe37e0  b75de000  /data/local/tmp/sample86.dex_repaired.dex
I/DEBUG   ( 1141):          bfbe37e4  000864a0  
I/DEBUG   ( 1141):          bfbe37e8  00000001  
I/DEBUG   ( 1141):          bfbe37ec  bfbe38d0  [stack]
I/DEBUG   ( 1141):          bfbe37f0  b7739c7c  /system/lib/libc.so
I/DEBUG   ( 1141):          bfbe37f4  00000002  
I/DEBUG   ( 1141):          bfbe37f8  bfbe3964  [stack]
I/DEBUG   ( 1141):          bfbe37fc  bfbe3970  [stack]
I/DEBUG   ( 1141):          bfbe3800  00000003  
I/DEBUG   ( 1141):          bfbe3804  00000000  
I/DEBUG   ( 1141):          bfbe3808  00000000  
I/DEBUG   ( 1141):          bfbe380c  98f82200  
I/DEBUG   ( 1141):          bfbe3810  00000000  
I/DEBUG   ( 1141):          bfbe3814  ffffffff  
I/DEBUG   ( 1141):          bfbe3818  b7700c0b  /system/lib/libc.so (__vfprintf+11)
I/DEBUG   ( 1141):          bfbe381c  b7752fcc  /system/lib/libc.so
I/DEBUG   ( 1141):          ........  ........
I/DEBUG   ( 1141): 
I/DEBUG   ( 1141): memory map around fault addr b7750006:
I/DEBUG   ( 1141):     b76b7000-b7750000 r-x /system/lib/libc.so
I/DEBUG   ( 1141):     b7750000-b7751000 --- 
I/DEBUG   ( 1141):     b7751000-b7753000 r-- /system/lib/libc.so
I/BootReceiver( 1560): Copying /data/tombstones/tombstone_06 to DropBox (SYSTEM_TOMBSTONE)
F/CRASH_LOGGER( 2886): SIGSEGV : sample100.dex_repaired.dex 
W/dalvikvm( 2888): WARNING: Odd length: expected 0, got 547125
F/libc    ( 2888): Fatal signal 11 (SIGSEGV) at 0xb7735006 (code=2), thread 2888 (dexdump)
I/DEBUG   ( 1141): *** *** *** *** *** *** *** *** *** *** *** *** *** *** *** ***
I/DEBUG   ( 1141): Build fingerprint: 'generic_x86/sdk_x86/generic_x86:4.4.2/KK/4174703:eng/test-keys'
I/DEBUG   ( 1141): Revision: '0'
I/DEBUG   ( 1141): pid: 2888, tid: 2888, name: dexdump  >>> /system/xbin/dexdump <<<
I/DEBUG   ( 1141): signal 11 (SIGSEGV), code 2 (SEGV_ACCERR), fault addr b7735006
I/DEBUG   ( 1141): 
I/DEBUG   ( 1141): backtrace:
I/DEBUG   ( 1141): AM write failure (32 / Broken pipe)
I/DEBUG   ( 1141):     #00  pc 00001500  /system/lib/libz.so (adler32+208)
I/DEBUG   ( 1141):     #01  pc 000101e1  /system/xbin/dexdump (dexSwapAndVerify(unsigned char*, int)+273)
I/DEBUG   ( 1141):     #02  pc 0000746b  /system/xbin/dexdump (dexOpenAndMap(char const*, char const*, MemMapping*, bool)+923)
I/DEBUG   ( 1141):     #03  pc 00006b9a  /system/xbin/dexdump (main+554)
I/DEBUG   ( 1141):     #04  pc 0000d52c  /system/lib/libc.so (__libc_init+108)
I/DEBUG   ( 1141):     #05  pc 00001771  /system/xbin/dexdump (_start+97)
I/DEBUG   ( 1141): 
I/DEBUG   ( 1141): stack:
I/DEBUG   ( 1141):          bfd12fc0  b776d7bc  /system/bin/linker (__dl__ZN6soinfo16CallConstructorsEv.part.10+316)
I/DEBUG   ( 1141):          bfd12fc4  b7673cfc  /system/lib/libm.so
I/DEBUG   ( 1141):          bfd12fc8  b776923c  
I/DEBUG   ( 1141):          bfd12fcc  00000003  
I/DEBUG   ( 1141):          bfd12fd0  b776fc85  /system/bin/linker (__dl__ZL17soinfo_link_imageP6soinfo+2421)
I/DEBUG   ( 1141):          bfd12fd4  b778e034  /system/xbin/dexdump
I/DEBUG   ( 1141):          bfd12fd8  00000008  
I/DEBUG   ( 1141):          bfd12fdc  b778e000  /system/xbin/dexdump
I/DEBUG   ( 1141):          bfd12fe0  00000000  
I/DEBUG   ( 1141):          bfd12fe4  b778bfe4  /system/bin/linker
I/DEBUG   ( 1141):          bfd12fe8  00000000  
I/DEBUG   ( 1141):          bfd12fec  00000001  
I/DEBUG   ( 1141):          bfd12ff0  b778527c  /system/bin/linker
I/DEBUG   ( 1141):          bfd12ff4  00000000  
I/DEBUG   ( 1141):          bfd12ff8  b7769474  
I/DEBUG   ( 1141):          bfd12ffc  b7769358  
I/DEBUG   ( 1141):     #00  bfd13000  0000c985  
I/DEBUG   ( 1141):          bfd13004  0000c985  
I/DEBUG   ( 1141):          bfd13008  0000c985  
I/DEBUG   ( 1141):          bfd1300c  0000c985  
I/DEBUG   ( 1141):          bfd13010  0000c985  
I/DEBUG   ( 1141):          bfd13014  0000c985  
I/DEBUG   ( 1141):          bfd13018  0000c985  
I/DEBUG   ( 1141):          bfd1301c  0000c985  
I/DEBUG   ( 1141):          bfd13020  0000c985  
I/DEBUG   ( 1141):          bfd13024  0000c985  
I/DEBUG   ( 1141):          bfd13028  0000c985  
I/DEBUG   ( 1141):          bfd1302c  0000c985  
I/DEBUG   ( 1141):          bfd13030  03e3f5b2  
I/DEBUG   ( 1141):          bfd13034  b77360bc  /system/lib/libc.so
I/DEBUG   ( 1141):          bfd13038  b766b7a9  /system/lib/liblog.so (__android_log_print+9)
I/DEBUG   ( 1141):          bfd1303c  b77a8f28  /system/xbin/dexdump
I/DEBUG   ( 1141):          ........  ........
I/DEBUG   ( 1141):     #01  bfd13050  00000001  
I/DEBUG   ( 1141):          bfd13054  b75c400c  /data/local/tmp/sample100.dex_repaired.dex
I/DEBUG   ( 1141):          bfd13058  ffe8df44  
I/DEBUG   ( 1141):          bfd1305c  00000000  
I/DEBUG   ( 1141):          bfd13060  00085935  
I/DEBUG   ( 1141):          bfd13064  b75c4000  /data/local/tmp/sample100.dex_repaired.dex
I/DEBUG   ( 1141):          bfd13068  b76d8325  /system/lib/libc.so (madvise+37)
I/DEBUG   ( 1141):          bfd1306c  00000016  
I/DEBUG   ( 1141):          bfd13070  00000003  
I/DEBUG   ( 1141):          bfd13074  00008000  
I/DEBUG   ( 1141):          bfd13078  b7737fcc  /system/lib/libc.so
I/DEBUG   ( 1141):          bfd1307c  b76b3e2c  /system/lib/libc.so (mmap+188)
I/DEBUG   ( 1141):          bfd13080  b75c4000  /data/local/tmp/sample100.dex_repaired.dex
I/DEBUG   ( 1141):          bfd13084  00085935  
I/DEBUG   ( 1141):          bfd13088  0000000c  
I/DEBUG   ( 1141):          bfd1308c  00000000  
I/DEBUG   ( 1141):          ........  ........
I/DEBUG   ( 1141):     #02  bfd13100  b75c4000  /data/local/tmp/sample100.dex_repaired.dex
I/DEBUG   ( 1141):          bfd13104  00085935  
I/DEBUG   ( 1141):          bfd13108  00000001  
I/DEBUG   ( 1141):          bfd1310c  bfd131f0  [stack]
I/DEBUG   ( 1141):          bfd13110  b771ec7c  /system/lib/libc.so
I/DEBUG   ( 1141):          bfd13114  00000002  
I/DEBUG   ( 1141):          bfd13118  bfd13284  [stack]
I/DEBUG   ( 1141):          bfd1311c  bfd13290  [stack]
I/DEBUG   ( 1141):          bfd13120  00000003  
I/DEBUG   ( 1141):          bfd13124  00000000  
I/DEBUG   ( 1141):          bfd13128  00000000  
I/DEBUG   ( 1141):          bfd1312c  b6f9e600  
I/DEBUG   ( 1141):          bfd13130  00000000  
I/DEBUG   ( 1141):          bfd13134  ffffffff  
I/DEBUG   ( 1141):          bfd13138  b76e5c0b  /system/lib/libc.so (__vfprintf+11)
I/DEBUG   ( 1141):          bfd1313c  b7737fcc  /system/lib/libc.so
I/DEBUG   ( 1141):          ........  ........
I/DEBUG   ( 1141): 
I/DEBUG   ( 1141): memory map around fault addr b7735006:
I/DEBUG   ( 1141):     b769c000-b7735000 r-x /system/lib/libc.so
I/DEBUG   ( 1141):     b7735000-b7736000 --- 
I/DEBUG   ( 1141):     b7736000-b7738000 r-- /system/lib/libc.so
W/NativeCrashListener( 1560): Couldn't find ProcessRecord for pid 2888
I/BootReceiver( 1560): Copying /data/tombstones/tombstone_00 to DropBox (SYSTEM_TOMBSTONE)
D/dalvikvm( 1560): GC_FOR_ALLOC freed 388K, 13% free 5392K/6160K, paused 6ms, total 6ms
F/CRASH_LOGGER( 2896): SIGSEGV : sample8.dex_repaired.dex 
W/dalvikvm( 2898): WARNING: Odd length: expected 0, got 552913
F/libc    ( 2898): Fatal signal 11 (SIGSEGV) at 0xb76a6006 (code=2), thread 2898 (dexdump)
I/DEBUG   ( 1141): *** *** *** *** *** *** *** *** *** *** *** *** *** *** *** ***
I/DEBUG   ( 1141): Build fingerprint: 'generic_x86/sdk_x86/generic_x86:4.4.2/KK/4174703:eng/test-keys'
I/DEBUG   ( 1141): Revision: '0'
I/DEBUG   ( 1141): pid: 2898, tid: 2898, name: dexdump  >>> /system/xbin/dexdump <<<
I/DEBUG   ( 1141): signal 11 (SIGSEGV), code 2 (SEGV_ACCERR), fault addr b76a6006
W/NativeCrashListener( 1560): Couldn't find ProcessRecord for pid 2898
I/DEBUG   ( 1141): 
I/DEBUG   ( 1141): backtrace:
I/DEBUG   ( 1141): AM write failure (32 / Broken pipe)
I/DEBUG   ( 1141):     #00  pc 00001500  /system/lib/libz.so (adler32+208)
I/DEBUG   ( 1141):     #01  pc 000101e1  /system/xbin/dexdump (dexSwapAndVerify(unsigned char*, int)+273)
I/DEBUG   ( 1141):     #02  pc 0000746b  /system/xbin/dexdump (dexOpenAndMap(char const*, char const*, MemMapping*, bool)+923)
I/DEBUG   ( 1141):     #03  pc 00006b9a  /system/xbin/dexdump (main+554)
I/DEBUG   ( 1141):     #04  pc 0000d52c  /system/lib/libc.so (__libc_init+108)
I/DEBUG   ( 1141):     #05  pc 00001771  /system/xbin/dexdump (_start+97)
I/DEBUG   ( 1141): 
I/DEBUG   ( 1141): stack:
I/DEBUG   ( 1141):          bfe7bb70  b76de7bc  /system/bin/linker (__dl__ZN6soinfo16CallConstructorsEv.part.10+316)
I/DEBUG   ( 1141):          bfe7bb74  b75e4cfc  /system/lib/libm.so
I/DEBUG   ( 1141):          bfe7bb78  b76da23c  
I/DEBUG   ( 1141):          bfe7bb7c  00000003  
I/DEBUG   ( 1141):          bfe7bb80  b76e0c85  /system/bin/linker (__dl__ZL17soinfo_link_imageP6soinfo+2421)
I/DEBUG   ( 1141):          bfe7bb84  b76ff034  /system/xbin/dexdump
I/DEBUG   ( 1141):          bfe7bb88  00000008  
I/DEBUG   ( 1141):          bfe7bb8c  b76ff000  /system/xbin/dexdump
I/DEBUG   ( 1141):          bfe7bb90  00000000  
I/DEBUG   ( 1141):          bfe7bb94  b76fcfe4  /system/bin/linker
I/DEBUG   ( 1141):          bfe7bb98  00000000  
I/DEBUG   ( 1141):          bfe7bb9c  00000001  
I/DEBUG   ( 1141):          bfe7bba0  b76f627c  /system/bin/linker
I/DEBUG   ( 1141):          bfe7bba4  00000000  
I/DEBUG   ( 1141):          bfe7bba8  b76da474  
I/DEBUG   ( 1141):          bfe7bbac  b76da358  
I/DEBUG   ( 1141):     #00  bfe7bbb0  000bf6de  
I/DEBUG   ( 1141):          bfe7bbb4  000bf6de  
I/DEBUG   ( 1141):          bfe7bbb8  000bf6de  
I/DEBUG   ( 1141):          bfe7bbbc  000bf6de  
I/DEBUG   ( 1141):          bfe7bbc0  000bf6de  
I/DEBUG   ( 1141):          bfe7bbc4  000bf6de  
I/DEBUG   ( 1141):          bfe7bbc8  000bf6de  
I/DEBUG   ( 1141):          bfe7bbcc  000bf6de  
I/DEBUG   ( 1141):          bfe7bbd0  000bf6de  
I/DEBUG   ( 1141):          bfe7bbd4  000bf6de  
I/DEBUG   ( 1141):          bfe7bbd8  000bf6de  
I/DEBUG   ( 1141):          bfe7bbdc  000bf6de  
I/DEBUG   ( 1141):          bfe7bbe0  a0c8f94b  
I/DEBUG   ( 1141):          bfe7bbe4  b76a60bc  
I/DEBUG   ( 1141):          bfe7bbe8  b75dc7a9  /system/lib/liblog.so (__android_log_print+9)
I/DEBUG   ( 1141):          bfe7bbec  b7719f28  /system/xbin/dexdump
I/DEBUG   ( 1141):          ........  ........
I/DEBUG   ( 1141):     #01  bfe7bc00  00000001  
I/DEBUG   ( 1141):          bfe7bc04  b753400c  /data/local/tmp/sample8.dex_repaired.dex
I/DEBUG   ( 1141):          bfe7bc08  ffe8df44  
I/DEBUG   ( 1141):          bfe7bc0c  00000000  
I/DEBUG   ( 1141):          bfe7bc10  00086fd1  
I/DEBUG   ( 1141):          bfe7bc14  b7534000  /data/local/tmp/sample8.dex_repaired.dex
I/DEBUG   ( 1141):          bfe7bc18  b7649325  /system/lib/libc.so (madvise+37)
I/DEBUG   ( 1141):          bfe7bc1c  00000016  
I/DEBUG   ( 1141):          bfe7bc20  00000003  
I/DEBUG   ( 1141):          bfe7bc24  00008000  
I/DEBUG   ( 1141):          bfe7bc28  b76a8fcc  /system/lib/libc.so
I/DEBUG   ( 1141):          bfe7bc2c  b7624e2c  /system/lib/libc.so (mmap+188)
I/DEBUG   ( 1141):          bfe7bc30  b7534000  /data/local/tmp/sample8.dex_repaired.dex
I/DEBUG   ( 1141):          bfe7bc34  00086fd1  
I/DEBUG   ( 1141):          bfe7bc38  0000000c  
I/DEBUG   ( 1141):          bfe7bc3c  00000000  
I/DEBUG   ( 1141):          ........  ........
I/DEBUG   ( 1141):     #02  bfe7bcb0  b7534000  /data/local/tmp/sample8.dex_repaired.dex
I/DEBUG   ( 1141):          bfe7bcb4  00086fd1  
I/DEBUG   ( 1141):          bfe7bcb8  00000001  
I/DEBUG   ( 1141):          bfe7bcbc  bfe7bda0  [stack]
I/DEBUG   ( 1141):          bfe7bcc0  b768fc7c  /system/lib/libc.so
I/DEBUG   ( 1141):          bfe7bcc4  00000002  
I/DEBUG   ( 1141):          bfe7bcc8  bfe7be34  [stack]
I/DEBUG   ( 1141):          bfe7bccc  bfe7be40  [stack]
I/DEBUG   ( 1141):          bfe7bcd0  00000003  
I/DEBUG   ( 1141):          bfe7bcd4  00000000  
I/DEBUG   ( 1141):          bfe7bcd8  00000000  
I/DEBUG   ( 1141):          bfe7bcdc  d1c8eb00  
I/DEBUG   ( 1141):          bfe7bce0  00000000  
I/DEBUG   ( 1141):          bfe7bce4  ffffffff  
I/DEBUG   ( 1141):          bfe7bce8  b7656c0b  /system/lib/libc.so (__vfprintf+11)
I/DEBUG   ( 1141):          bfe7bcec  b76a8fcc  /system/lib/libc.so
I/DEBUG   ( 1141):          ........  ........
I/DEBUG   ( 1141): 
I/DEBUG   ( 1141): memory map around fault addr b76a6006:
I/DEBUG   ( 1141):     b760d000-b76a6000 r-x /system/lib/libc.so
I/DEBUG   ( 1141):     b76a6000-b76a7000 --- 
I/DEBUG   ( 1141):     b76a7000-b76a9000 r-- /system/lib/libc.so
I/BootReceiver( 1560): Copying /data/tombstones/tombstone_02 to DropBox (SYSTEM_TOMBSTONE)
F/CRASH_LOGGER( 2906): SIGSEGV : sample72.dex_repaired.dex 
W/dalvikvm( 2908): WARNING: Odd length: expected 0, got 548535
F/libc    ( 2908): Fatal signal 11 (SIGSEGV) at 0xb772b006 (code=2), thread 2908 (dexdump)
I/DEBUG   ( 1141): *** *** *** *** *** *** *** *** *** *** *** *** *** *** *** ***
I/DEBUG   ( 1141): Build fingerprint: 'generic_x86/sdk_x86/generic_x86:4.4.2/KK/4174703:eng/test-keys'
I/DEBUG   ( 1141): Revision: '0'
I/DEBUG   ( 1141): pid: 2908, tid: 2908, name: dexdump  >>> /system/xbin/dexdump <<<
I/DEBUG   ( 1141): signal 11 (SIGSEGV), code 2 (SEGV_ACCERR), fault addr b772b006
I/DEBUG   ( 1141): 
I/DEBUG   ( 1141): backtrace:
I/DEBUG   ( 1141): AM write failure (32 / Broken pipe)
I/DEBUG   ( 1141):     #00  pc 00001500  /system/lib/libz.so (adler32+208)
I/DEBUG   ( 1141):     #01  pc 000101e1  /system/xbin/dexdump (dexSwapAndVerify(unsigned char*, int)+273)
I/DEBUG   ( 1141):     #02  pc 0000746b  /system/xbin/dexdump (dexOpenAndMap(char const*, char const*, MemMapping*, bool)+923)
I/DEBUG   ( 1141):     #03  pc 00006b9a  /system/xbin/dexdump (main+554)
I/DEBUG   ( 1141):     #04  pc 0000d52c  /system/lib/libc.so (__libc_init+108)
I/DEBUG   ( 1141):     #05  pc 00001771  /system/xbin/dexdump (_start+97)
I/DEBUG   ( 1141): 
I/DEBUG   ( 1141): stack:
I/DEBUG   ( 1141):          bfcf2f80  b77637bc  /system/bin/linker (__dl__ZN6soinfo16CallConstructorsEv.part.10+316)
I/DEBUG   ( 1141):          bfcf2f84  b7669cfc  /system/lib/libm.so
I/DEBUG   ( 1141):          bfcf2f88  b775f23c  
I/DEBUG   ( 1141):          bfcf2f8c  00000003  
I/DEBUG   ( 1141):          bfcf2f90  b7765c85  /system/bin/linker (__dl__ZL17soinfo_link_imageP6soinfo+2421)
I/DEBUG   ( 1141):          bfcf2f94  b7784034  /system/xbin/dexdump
I/DEBUG   ( 1141):          bfcf2f98  00000008  
I/DEBUG   ( 1141):          bfcf2f9c  b7784000  /system/xbin/dexdump
I/DEBUG   ( 1141):          bfcf2fa0  00000000  
I/DEBUG   ( 1141):          bfcf2fa4  b7781fe4  /system/bin/linker
I/DEBUG   ( 1141):          bfcf2fa8  00000000  
I/DEBUG   ( 1141):          bfcf2fac  00000001  
I/DEBUG   ( 1141):          bfcf2fb0  b777b27c  /system/bin/linker
I/DEBUG   ( 1141):          bfcf2fb4  00000000  
I/DEBUG   ( 1141):          bfcf2fb8  b775f474  
I/DEBUG   ( 1141):          bfcf2fbc  b775f358  
I/DEBUG   ( 1141):     #00  bfcf2fc0  00004b35  
I/DEBUG   ( 1141):          bfcf2fc4  00004b35  
I/DEBUG   ( 1141):          bfcf2fc8  00004b35  
I/DEBUG   ( 1141):          bfcf2fcc  00004b35  
I/DEBUG   ( 1141):          bfcf2fd0  00004b35  
I/DEBUG   ( 1141):          bfcf2fd4  00004b35  
I/DEBUG   ( 1141):          bfcf2fd8  00004b35  
I/DEBUG   ( 1141):          bfcf2fdc  00004b35  
I/DEBUG   ( 1141):          bfcf2fe0  00004b35  
I/DEBUG   ( 1141):          bfcf2fe4  00004b35  
I/DEBUG   ( 1141):          bfcf2fe8  00004b35  
I/DEBUG   ( 1141):          bfcf2fec  00004b35  
I/DEBUG   ( 1141):          bfcf2ff0  01742aac  
I/DEBUG   ( 1141):          bfcf2ff4  b772c0bc  /system/lib/libc.so
I/DEBUG   ( 1141):          bfcf2ff8  b76617a9  /system/lib/liblog.so (__android_log_print+9)
I/DEBUG   ( 1141):          bfcf2ffc  b779ef28  /system/xbin/dexdump
I/DEBUG   ( 1141):          ........  ........
I/DEBUG   ( 1141):     #01  bfcf3010  00000001  
I/DEBUG   ( 1141):          bfcf3014  b75ba00c  /data/local/tmp/sample72.dex_repaired.dex
I/DEBUG   ( 1141):          bfcf3018  ffe8df44  
I/DEBUG   ( 1141):          bfcf301c  00000000  
I/DEBUG   ( 1141):          bfcf3020  00085eb7  
I/DEBUG   ( 1141):          bfcf3024  b75ba000  /data/local/tmp/sample72.dex_repaired.dex
I/DEBUG   ( 1141):          bfcf3028  b76ce325  /system/lib/libc.so (madvise+37)
I/DEBUG   ( 1141):          bfcf302c  00000016  
I/DEBUG   ( 1141):          bfcf3030  00000003  
I/DEBUG   ( 1141):          bfcf3034  00008000  
I/DEBUG   ( 1141):          bfcf3038  b772dfcc  /system/lib/libc.so
I/DEBUG   ( 1141):          bfcf303c  b76a9e2c  /system/lib/libc.so (mmap+188)
I/DEBUG   ( 1141):          bfcf3040  b75ba000  /data/local/tmp/sample72.dex_repaired.dex
I/DEBUG   ( 1141):          bfcf3044  00085eb7  
I/DEBUG   ( 1141):          bfcf3048  0000000c  
I/DEBUG   ( 1141):          bfcf304c  00000000  
I/DEBUG   ( 1141):          ........  ........
I/DEBUG   ( 1141):     #02  bfcf30c0  b75ba000  /data/local/tmp/sample72.dex_repaired.dex
I/DEBUG   ( 1141):          bfcf30c4  00085eb7  
I/DEBUG   ( 1141):          bfcf30c8  00000001  
I/DEBUG   ( 1141):          bfcf30cc  bfcf31b0  [stack]
I/DEBUG   ( 1141):          bfcf30d0  b7714c7c  /system/lib/libc.so
I/DEBUG   ( 1141):          bfcf30d4  00000002  
I/DEBUG   ( 1141):          bfcf30d8  bfcf3244  [stack]
I/DEBUG   ( 1141):          bfcf30dc  bfcf3250  [stack]
I/DEBUG   ( 1141):          bfcf30e0  00000003  
I/DEBUG   ( 1141):          bfcf30e4  00000000  
I/DEBUG   ( 1141):          bfcf30e8  00000000  
I/DEBUG   ( 1141):          bfcf30ec  f148a500  
I/DEBUG   ( 1141):          bfcf30f0  00000000  
I/DEBUG   ( 1141):          bfcf30f4  ffffffff  
I/DEBUG   ( 1141):          bfcf30f8  b76dbc0b  /system/lib/libc.so (__vfprintf+11)
I/DEBUG   ( 1141):          bfcf30fc  b772dfcc  /system/lib/libc.so
I/DEBUG   ( 1141):          ........  ........
I/DEBUG   ( 1141): 
I/DEBUG   ( 1141): memory map around fault addr b772b006:
I/DEBUG   ( 1141):     b7692000-b772b000 r-x /system/lib/libc.so
I/DEBUG   ( 1141):     b772b000-b772c000 --- 
I/DEBUG   ( 1141):     b772c000-b772e000 r-- /system/lib/libc.so
W/NativeCrashListener( 1560): Couldn't find ProcessRecord for pid 2908
I/BootReceiver( 1560): Copying /data/tombstones/tombstone_07 to DropBox (SYSTEM_TOMBSTONE)
F/CRASH_LOGGER( 2916): SIGSEGV : sample95.dex_repaired.dex 
W/dalvikvm( 2918): WARNING: Odd length: expected 0, got 558942
F/libc    ( 2918): Fatal signal 11 (SIGSEGV) at 0xb7766006 (code=2), thread 2918 (dexdump)
I/DEBUG   ( 1141): *** *** *** *** *** *** *** *** *** *** *** *** *** *** *** ***
I/DEBUG   ( 1141): Build fingerprint: 'generic_x86/sdk_x86/generic_x86:4.4.2/KK/4174703:eng/test-keys'
I/DEBUG   ( 1141): Revision: '0'
I/DEBUG   ( 1141): pid: 2918, tid: 2918, name: dexdump  >>> /system/xbin/dexdump <<<
I/DEBUG   ( 1141): signal 11 (SIGSEGV), code 2 (SEGV_ACCERR), fault addr b7766006
W/NativeCrashListener( 1560): Couldn't find ProcessRecord for pid 2918
I/DEBUG   ( 1141): 
I/DEBUG   ( 1141): backtrace:
I/DEBUG   ( 1141): AM write failure (32 / Broken pipe)
I/DEBUG   ( 1141):     #00  pc 00001500  /system/lib/libz.so (adler32+208)
I/DEBUG   ( 1141):     #01  pc 000101e1  /system/xbin/dexdump (dexSwapAndVerify(unsigned char*, int)+273)
I/DEBUG   ( 1141):     #02  pc 0000746b  /system/xbin/dexdump (dexOpenAndMap(char const*, char const*, MemMapping*, bool)+923)
I/DEBUG   ( 1141):     #03  pc 00006b9a  /system/xbin/dexdump (main+554)
I/DEBUG   ( 1141):     #04  pc 0000d52c  /system/lib/libc.so (__libc_init+108)
I/DEBUG   ( 1141):     #05  pc 00001771  /system/xbin/dexdump (_start+97)
I/DEBUG   ( 1141): 
I/DEBUG   ( 1141): stack:
I/DEBUG   ( 1141):          bfa2a150  b779e7bc  /system/bin/linker (__dl__ZN6soinfo16CallConstructorsEv.part.10+316)
I/DEBUG   ( 1141):          bfa2a154  b76a4cfc  /system/lib/libm.so
I/DEBUG   ( 1141):          bfa2a158  b779a23c  
I/DEBUG   ( 1141):          bfa2a15c  00000003  
I/DEBUG   ( 1141):          bfa2a160  b77a0c85  /system/bin/linker (__dl__ZL17soinfo_link_imageP6soinfo+2421)
I/DEBUG   ( 1141):          bfa2a164  b77bf034  /system/xbin/dexdump
I/DEBUG   ( 1141):          bfa2a168  00000008  
I/DEBUG   ( 1141):          bfa2a16c  b77bf000  /system/xbin/dexdump
I/DEBUG   ( 1141):          bfa2a170  00000000  
I/DEBUG   ( 1141):          bfa2a174  b77bcfe4  /system/bin/linker
I/DEBUG   ( 1141):          bfa2a178  00000000  
I/DEBUG   ( 1141):          bfa2a17c  00000001  
I/DEBUG   ( 1141):          bfa2a180  b77b627c  /system/bin/linker
I/DEBUG   ( 1141):          bfa2a184  00000000  
I/DEBUG   ( 1141):          bfa2a188  b779a474  
I/DEBUG   ( 1141):          bfa2a18c  b779a358  
I/DEBUG   ( 1141):     #00  bfa2a190  00038e09  
I/DEBUG   ( 1141):          bfa2a194  00038e09  
I/DEBUG   ( 1141):          bfa2a198  00038e09  
I/DEBUG   ( 1141):          bfa2a19c  00038e09  
I/DEBUG   ( 1141):          bfa2a1a0  00038e09  
I/DEBUG   ( 1141):          bfa2a1a4  00038e09  
I/DEBUG   ( 1141):          bfa2a1a8  00038e09  
I/DEBUG   ( 1141):          bfa2a1ac  00038e09  
I/DEBUG   ( 1141):          bfa2a1b0  00038e09  
I/DEBUG   ( 1141):          bfa2a1b4  00038e09  
I/DEBUG   ( 1141):          bfa2a1b8  00038e09  
I/DEBUG   ( 1141):          bfa2a1bc  00038e09  
I/DEBUG   ( 1141):          bfa2a1c0  1c6921d2  
I/DEBUG   ( 1141):          bfa2a1c4  b7766c1c  
I/DEBUG   ( 1141):          bfa2a1c8  b769c7a9  /system/lib/liblog.so (__android_log_print+9)
I/DEBUG   ( 1141):          bfa2a1cc  b77d9f28  /system/xbin/dexdump
I/DEBUG   ( 1141):          ........  ........
I/DEBUG   ( 1141):     #01  bfa2a1e0  00000001  
I/DEBUG   ( 1141):          bfa2a1e4  b75f200c  /data/local/tmp/sample95.dex_repaired.dex
I/DEBUG   ( 1141):          bfa2a1e8  ffe8b3e4  
I/DEBUG   ( 1141):          bfa2a1ec  00000000  
I/DEBUG   ( 1141):          bfa2a1f0  0008875e  
I/DEBUG   ( 1141):          bfa2a1f4  b75f2000  /data/local/tmp/sample95.dex_repaired.dex
I/DEBUG   ( 1141):          bfa2a1f8  b7709325  /system/lib/libc.so (madvise+37)
I/DEBUG   ( 1141):          bfa2a1fc  00000016  
I/DEBUG   ( 1141):          bfa2a200  00000003  
I/DEBUG   ( 1141):          bfa2a204  00008000  
I/DEBUG   ( 1141):          bfa2a208  b7768fcc  /system/lib/libc.so
I/DEBUG   ( 1141):          bfa2a20c  b76e4e2c  /system/lib/libc.so (mmap+188)
I/DEBUG   ( 1141):          bfa2a210  b75f2000  /data/local/tmp/sample95.dex_repaired.dex
I/DEBUG   ( 1141):          bfa2a214  0008875e  
I/DEBUG   ( 1141):          bfa2a218  0000000c  
I/DEBUG   ( 1141):          bfa2a21c  00000000  
I/DEBUG   ( 1141):          ........  ........
I/DEBUG   ( 1141):     #02  bfa2a290  b75f2000  /data/local/tmp/sample95.dex_repaired.dex
I/DEBUG   ( 1141):          bfa2a294  0008875e  
I/DEBUG   ( 1141):          bfa2a298  00000001  
I/DEBUG   ( 1141):          bfa2a29c  bfa2a380  [stack]
I/DEBUG   ( 1141):          bfa2a2a0  b774fc7c  /system/lib/libc.so
I/DEBUG   ( 1141):          bfa2a2a4  00000002  
I/DEBUG   ( 1141):          bfa2a2a8  bfa2a414  [stack]
I/DEBUG   ( 1141):          bfa2a2ac  bfa2a420  [stack]
I/DEBUG   ( 1141):          bfa2a2b0  00000003  
I/DEBUG   ( 1141):          bfa2a2b4  00000000  
I/DEBUG   ( 1141):          bfa2a2b8  00000000  
I/DEBUG   ( 1141):          bfa2a2bc  39948000  
I/DEBUG   ( 1141):          bfa2a2c0  00000000  
I/DEBUG   ( 1141):          bfa2a2c4  ffffffff  
I/DEBUG   ( 1141):          bfa2a2c8  b7716c0b  /system/lib/libc.so (__vfprintf+11)
I/DEBUG   ( 1141):          bfa2a2cc  b7768fcc  /system/lib/libc.so
I/DEBUG   ( 1141):          ........  ........
I/DEBUG   ( 1141): 
I/DEBUG   ( 1141): memory map around fault addr b7766006:
I/DEBUG   ( 1141):     b76cd000-b7766000 r-x /system/lib/libc.so
I/DEBUG   ( 1141):     b7766000-b7767000 --- 
I/DEBUG   ( 1141):     b7767000-b7769000 r-- /system/lib/libc.so
I/BootReceiver( 1560): Copying /data/tombstones/tombstone_08 to DropBox (SYSTEM_TOMBSTONE)
F/CRASH_LOGGER( 2926): SIGSEGV : sample79.dex_repaired.dex 
W/dalvikvm( 2928): WARNING: Odd length: expected 0, got 549795
F/libc    ( 2928): Fatal signal 11 (SIGSEGV) at 0xb76ca006 (code=2), thread 2928 (dexdump)
I/DEBUG   ( 1141): *** *** *** *** *** *** *** *** *** *** *** *** *** *** *** ***
I/DEBUG   ( 1141): Build fingerprint: 'generic_x86/sdk_x86/generic_x86:4.4.2/KK/4174703:eng/test-keys'
I/DEBUG   ( 1141): Revision: '0'
I/DEBUG   ( 1141): pid: 2928, tid: 2928, name: dexdump  >>> /system/xbin/dexdump <<<
I/DEBUG   ( 1141): signal 11 (SIGSEGV), code 2 (SEGV_ACCERR), fault addr b76ca006
I/DEBUG   ( 1141): 
I/DEBUG   ( 1141): backtrace:
I/DEBUG   ( 1141): AM write failure (32 / Broken pipe)
I/DEBUG   ( 1141):     #00  pc 00001500  /system/lib/libz.so (adler32+208)
I/DEBUG   ( 1141):     #01  pc 000101e1  /system/xbin/dexdump (dexSwapAndVerify(unsigned char*, int)+273)
I/DEBUG   ( 1141):     #02  pc 0000746b  /system/xbin/dexdump (dexOpenAndMap(char const*, char const*, MemMapping*, bool)+923)
I/DEBUG   ( 1141):     #03  pc 00006b9a  /system/xbin/dexdump (main+554)
I/DEBUG   ( 1141):     #04  pc 0000d52c  /system/lib/libc.so (__libc_init+108)
I/DEBUG   ( 1141):     #05  pc 00001771  /system/xbin/dexdump (_start+97)
I/DEBUG   ( 1141): 
I/DEBUG   ( 1141): stack:
I/DEBUG   ( 1141):          bfe4f5d0  b77027bc  /system/bin/linker (__dl__ZN6soinfo16CallConstructorsEv.part.10+316)
I/DEBUG   ( 1141):          bfe4f5d4  b7608cfc  /system/lib/libm.so
I/DEBUG   ( 1141):          bfe4f5d8  b76fe23c  
I/DEBUG   ( 1141):          bfe4f5dc  00000003  
I/DEBUG   ( 1141):          bfe4f5e0  b7704c85  /system/bin/linker (__dl__ZL17soinfo_link_imageP6soinfo+2421)
I/DEBUG   ( 1141):          bfe4f5e4  b7723034  /system/xbin/dexdump
I/DEBUG   ( 1141):          bfe4f5e8  00000008  
I/DEBUG   ( 1141):          bfe4f5ec  b7723000  /system/xbin/dexdump
I/DEBUG   ( 1141):          bfe4f5f0  00000000  
I/DEBUG   ( 1141):          bfe4f5f4  b7720fe4  /system/bin/linker
I/DEBUG   ( 1141):          bfe4f5f8  00000000  
I/DEBUG   ( 1141):          bfe4f5fc  00000001  
I/DEBUG   ( 1141):          bfe4f600  b771a27c  /system/bin/linker
I/DEBUG   ( 1141):          bfe4f604  00000000  
I/DEBUG   ( 1141):          bfe4f608  b76fe474  
I/DEBUG   ( 1141):          bfe4f60c  b76fe358  
I/DEBUG   ( 1141):     #00  bfe4f610  000c14cb  
I/DEBUG   ( 1141):          bfe4f614  000c14cb  
I/DEBUG   ( 1141):          bfe4f618  000c14cb  
I/DEBUG   ( 1141):          bfe4f61c  000c14cb  
I/DEBUG   ( 1141):          bfe4f620  000c14cb  
I/DEBUG   ( 1141):          bfe4f624  000c14cb  
I/DEBUG   ( 1141):          bfe4f628  000c14cb  
I/DEBUG   ( 1141):          bfe4f62c  000c14cb  
I/DEBUG   ( 1141):          bfe4f630  000c14cb  
I/DEBUG   ( 1141):          bfe4f634  000c14cb  
I/DEBUG   ( 1141):          bfe4f638  000c14cb  
I/DEBUG   ( 1141):          bfe4f63c  000c14cb  
I/DEBUG   ( 1141):          bfe4f640  a33b16d6  
I/DEBUG   ( 1141):          bfe4f644  b76ca0bc  
I/DEBUG   ( 1141):          bfe4f648  b76007a9  /system/lib/liblog.so (__android_log_print+9)
I/DEBUG   ( 1141):          bfe4f64c  b773df28  /system/xbin/dexdump
I/DEBUG   ( 1141):          ........  ........
I/DEBUG   ( 1141):     #01  bfe4f660  00000001  
I/DEBUG   ( 1141):          bfe4f664  b755800c  /data/local/tmp/sample79.dex_repaired.dex
I/DEBUG   ( 1141):          bfe4f668  ffe8df44  
I/DEBUG   ( 1141):          bfe4f66c  00000000  
I/DEBUG   ( 1141):          bfe4f670  000863a3  
I/DEBUG   ( 1141):          bfe4f674  b7558000  /data/local/tmp/sample79.dex_repaired.dex
I/DEBUG   ( 1141):          bfe4f678  b766d325  /system/lib/libc.so (madvise+37)
I/DEBUG   ( 1141):          bfe4f67c  00000016  
I/DEBUG   ( 1141):          bfe4f680  00000003  
I/DEBUG   ( 1141):          bfe4f684  00008000  
I/DEBUG   ( 1141):          bfe4f688  b76ccfcc  /system/lib/libc.so
I/DEBUG   ( 1141):          bfe4f68c  b7648e2c  /system/lib/libc.so (mmap+188)
I/DEBUG   ( 1141):          bfe4f690  b7558000  /data/local/tmp/sample79.dex_repaired.dex
I/DEBUG   ( 1141):          bfe4f694  000863a3  
I/DEBUG   ( 1141):          bfe4f698  0000000c  
I/DEBUG   ( 1141):          bfe4f69c  00000000  
I/DEBUG   ( 1141):          ........  ........
I/DEBUG   ( 1141):     #02  bfe4f710  b7558000  /data/local/tmp/sample79.dex_repaired.dex
I/DEBUG   ( 1141):          bfe4f714  000863a3  
I/DEBUG   ( 1141):          bfe4f718  00000001  
I/DEBUG   ( 1141):          bfe4f71c  bfe4f800  [stack]
I/DEBUG   ( 1141):          bfe4f720  b76b3c7c  /system/lib/libc.so
I/DEBUG   ( 1141):          bfe4f724  00000002  
I/DEBUG   ( 1141):          bfe4f728  bfe4f894  [stack]
I/DEBUG   ( 1141):          bfe4f72c  bfe4f8a0  [stack]
I/DEBUG   ( 1141):          bfe4f730  00000003  
I/DEBUG   ( 1141):          bfe4f734  00000000  
I/DEBUG   ( 1141):          bfe4f738  00000000  
I/DEBUG   ( 1141):          bfe4f73c  45668600  
I/DEBUG   ( 1141):          bfe4f740  00000000  
I/DEBUG   ( 1141):          bfe4f744  ffffffff  
I/DEBUG   ( 1141):          bfe4f748  b767ac0b  /system/lib/libc.so (__vfprintf+11)
I/DEBUG   ( 1141):          bfe4f74c  b76ccfcc  /system/lib/libc.so
I/DEBUG   ( 1141):          ........  ........
I/DEBUG   ( 1141): 
I/DEBUG   ( 1141): memory map around fault addr b76ca006:
I/DEBUG   ( 1141):     b7631000-b76ca000 r-x /system/lib/libc.so
I/DEBUG   ( 1141):     b76ca000-b76cb000 --- 
I/DEBUG   ( 1141):     b76cb000-b76cd000 r-- /system/lib/libc.so
W/NativeCrashListener( 1560): Couldn't find ProcessRecord for pid 2928
I/BootReceiver( 1560): Copying /data/tombstones/tombstone_01 to DropBox (SYSTEM_TOMBSTONE)
D/dalvikvm( 1560): GC_FOR_ALLOC freed 392K, 13% free 5389K/6160K, paused 9ms, total 9ms
F/CRASH_LOGGER( 2936): SIGSEGV : sample64.dex_repaired.dex 
W/dalvikvm( 2938): WARNING: Odd length: expected 0, got 551843
F/libc    ( 2938): Fatal signal 11 (SIGSEGV) at 0xb76af006 (code=2), thread 2938 (dexdump)
I/DEBUG   ( 1141): *** *** *** *** *** *** *** *** *** *** *** *** *** *** *** ***
I/DEBUG   ( 1141): Build fingerprint: 'generic_x86/sdk_x86/generic_x86:4.4.2/KK/4174703:eng/test-keys'
I/DEBUG   ( 1141): Revision: '0'
I/DEBUG   ( 1141): pid: 2938, tid: 2938, name: dexdump  >>> /system/xbin/dexdump <<<
I/DEBUG   ( 1141): signal 11 (SIGSEGV), code 2 (SEGV_ACCERR), fault addr b76af006
I/DEBUG   ( 1141): 
I/DEBUG   ( 1141): backtrace:
I/DEBUG   ( 1141): AM write failure (32 / Broken pipe)
I/DEBUG   ( 1141):     #00  pc 00001500  /system/lib/libz.so (adler32+208)
I/DEBUG   ( 1141):     #01  pc 000101e1  /system/xbin/dexdump (dexSwapAndVerify(unsigned char*, int)+273)
I/DEBUG   ( 1141):     #02  pc 0000746b  /system/xbin/dexdump (dexOpenAndMap(char const*, char const*, MemMapping*, bool)+923)
I/DEBUG   ( 1141):     #03  pc 00006b9a  /system/xbin/dexdump (main+554)
I/DEBUG   ( 1141):     #04  pc 0000d52c  /system/lib/libc.so (__libc_init+108)
I/DEBUG   ( 1141):     #05  pc 00001771  /system/xbin/dexdump (_start+97)
I/DEBUG   ( 1141): 
I/DEBUG   ( 1141): stack:
I/DEBUG   ( 1141):          bfdaa020  b76e77bc  /system/bin/linker (__dl__ZN6soinfo16CallConstructorsEv.part.10+316)
I/DEBUG   ( 1141):          bfdaa024  b75edcfc  /system/lib/libm.so
I/DEBUG   ( 1141):          bfdaa028  b76e323c  
I/DEBUG   ( 1141):          bfdaa02c  00000003  
I/DEBUG   ( 1141):          bfdaa030  b76e9c85  /system/bin/linker (__dl__ZL17soinfo_link_imageP6soinfo+2421)
I/DEBUG   ( 1141):          bfdaa034  b7708034  /system/xbin/dexdump
I/DEBUG   ( 1141):          bfdaa038  00000008  
I/DEBUG   ( 1141):          bfdaa03c  b7708000  /system/xbin/dexdump
I/DEBUG   ( 1141):          bfdaa040  00000000  
I/DEBUG   ( 1141):          bfdaa044  b7705fe4  /system/bin/linker
I/DEBUG   ( 1141):          bfdaa048  00000000  
I/DEBUG   ( 1141):          bfdaa04c  00000001  
I/DEBUG   ( 1141):          bfdaa050  b76ff27c  /system/bin/linker
I/DEBUG   ( 1141):          bfdaa054  00000000  
I/DEBUG   ( 1141):          bfdaa058  b76e3474  
I/DEBUG   ( 1141):          bfdaa05c  b76e3358  
I/DEBUG   ( 1141):     #00  bfdaa060  000c078d  
I/DEBUG   ( 1141):          bfdaa064  000c078d  
I/DEBUG   ( 1141):          bfdaa068  000c078d  
I/DEBUG   ( 1141):          bfdaa06c  000c078d  
I/DEBUG   ( 1141):          bfdaa070  000c078d  
I/DEBUG   ( 1141):          bfdaa074  000c078d  
I/DEBUG   ( 1141):          bfdaa078  000c078d  
I/DEBUG   ( 1141):          bfdaa07c  000c078d  
I/DEBUG   ( 1141):          bfdaa080  000c078d  
I/DEBUG   ( 1141):          bfdaa084  000c078d  
I/DEBUG   ( 1141):          bfdaa088  000c078d  
I/DEBUG   ( 1141):          bfdaa08c  000c078d  
I/DEBUG   ( 1141):          bfdaa090  a22648e8  
I/DEBUG   ( 1141):          bfdaa094  b76af0bc  
I/DEBUG   ( 1141):          bfdaa098  b75e57a9  /system/lib/liblog.so (__android_log_print+9)
I/DEBUG   ( 1141):          bfdaa09c  b7722f28  /system/xbin/dexdump
I/DEBUG   ( 1141):          ........  ........
I/DEBUG   ( 1141):     #01  bfdaa0b0  00000001  
I/DEBUG   ( 1141):          bfdaa0b4  b753d00c  /data/local/tmp/sample64.dex_repaired.dex
I/DEBUG   ( 1141):          bfdaa0b8  ffe8df44  
I/DEBUG   ( 1141):          bfdaa0bc  00000000  
I/DEBUG   ( 1141):          bfdaa0c0  00086ba3  
I/DEBUG   ( 1141):          bfdaa0c4  b753d000  /data/local/tmp/sample64.dex_repaired.dex
I/DEBUG   ( 1141):          bfdaa0c8  b7652325  /system/lib/libc.so (madvise+37)
I/DEBUG   ( 1141):          bfdaa0cc  00000016  
I/DEBUG   ( 1141):          bfdaa0d0  00000003  
I/DEBUG   ( 1141):          bfdaa0d4  00008000  
I/DEBUG   ( 1141):          bfdaa0d8  b76b1fcc  /system/lib/libc.so
I/DEBUG   ( 1141):          bfdaa0dc  b762de2c  /system/lib/libc.so (mmap+188)
I/DEBUG   ( 1141):          bfdaa0e0  b753d000  /data/local/tmp/sample64.dex_repaired.dex
I/DEBUG   ( 1141):          bfdaa0e4  00086ba3  
I/DEBUG   ( 1141):          bfdaa0e8  0000000c  
I/DEBUG   ( 1141):          bfdaa0ec  00000000  
I/DEBUG   ( 1141):          ........  ........
I/DEBUG   ( 1141):     #02  bfdaa160  b753d000  /data/local/tmp/sample64.dex_repaired.dex
I/DEBUG   ( 1141):          bfdaa164  00086ba3  
I/DEBUG   ( 1141):          bfdaa168  00000001  
I/DEBUG   ( 1141):          bfdaa16c  bfdaa250  [stack]
I/DEBUG   ( 1141):          bfdaa170  b7698c7c  /system/lib/libc.so
I/DEBUG   ( 1141):          bfdaa174  00000002  
I/DEBUG   ( 1141):          bfdaa178  bfdaa2e4  [stack]
I/DEBUG   ( 1141):          bfdaa17c  bfdaa2f0  [stack]
I/DEBUG   ( 1141):          bfdaa180  00000003  
I/DEBUG   ( 1141):          bfdaa184  00000000  
I/DEBUG   ( 1141):          bfdaa188  00000000  
I/DEBUG   ( 1141):          bfdaa18c  f7150c00  
I/DEBUG   ( 1141):          bfdaa190  00000000  
I/DEBUG   ( 1141):          bfdaa194  ffffffff  
I/DEBUG   ( 1141):          bfdaa198  b765fc0b  /system/lib/libc.so (__vfprintf+11)
I/DEBUG   ( 1141):          bfdaa19c  b76b1fcc  /system/lib/libc.so
I/DEBUG   ( 1141):          ........  ........
I/DEBUG   ( 1141): 
I/DEBUG   ( 1141): memory map around fault addr b76af006:
I/DEBUG   ( 1141):     b7616000-b76af000 r-x /system/lib/libc.so
I/DEBUG   ( 1141):     b76af000-b76b0000 --- 
I/DEBUG   ( 1141):     b76b0000-b76b2000 r-- /system/lib/libc.so
W/NativeCrashListener( 1560): Couldn't find ProcessRecord for pid 2938
I/BootReceiver( 1560): Copying /data/tombstones/tombstone_03 to DropBox (SYSTEM_TOMBSTONE)
F/CRASH_LOGGER( 2946): SIGSEGV : sample43.dex_repaired.dex 
W/dalvikvm( 2948): WARNING: Odd length: expected 0, got 551958
F/libc    ( 2948): Fatal signal 11 (SIGSEGV) at 0xb76cd006 (code=2), thread 2948 (dexdump)
I/DEBUG   ( 1141): *** *** *** *** *** *** *** *** *** *** *** *** *** *** *** ***
I/DEBUG   ( 1141): Build fingerprint: 'generic_x86/sdk_x86/generic_x86:4.4.2/KK/4174703:eng/test-keys'
I/DEBUG   ( 1141): Revision: '0'
I/DEBUG   ( 1141): pid: 2948, tid: 2948, name: dexdump  >>> /system/xbin/dexdump <<<
I/DEBUG   ( 1141): signal 11 (SIGSEGV), code 2 (SEGV_ACCERR), fault addr b76cd006
W/NativeCrashListener( 1560): Couldn't find ProcessRecord for pid 2948
I/DEBUG   ( 1141): 
I/DEBUG   ( 1141): backtrace:
I/DEBUG   ( 1141): AM write failure (32 / Broken pipe)
I/DEBUG   ( 1141):     #00  pc 00001500  /system/lib/libz.so (adler32+208)
I/DEBUG   ( 1141):     #01  pc 000101e1  /system/xbin/dexdump (dexSwapAndVerify(unsigned char*, int)+273)
I/DEBUG   ( 1141):     #02  pc 0000746b  /system/xbin/dexdump (dexOpenAndMap(char const*, char const*, MemMapping*, bool)+923)
I/DEBUG   ( 1141):     #03  pc 00006b9a  /system/xbin/dexdump (main+554)
I/DEBUG   ( 1141):     #04  pc 0000d52c  /system/lib/libc.so (__libc_init+108)
I/DEBUG   ( 1141):     #05  pc 00001771  /system/xbin/dexdump (_start+97)
I/DEBUG   ( 1141): 
I/DEBUG   ( 1141): stack:
I/DEBUG   ( 1141):          bfda5cf0  b77057bc  /system/bin/linker (__dl__ZN6soinfo16CallConstructorsEv.part.10+316)
I/DEBUG   ( 1141):          bfda5cf4  b760bcfc  /system/lib/libm.so
I/DEBUG   ( 1141):          bfda5cf8  b770123c  
I/DEBUG   ( 1141):          bfda5cfc  00000003  
I/DEBUG   ( 1141):          bfda5d00  b7707c85  /system/bin/linker (__dl__ZL17soinfo_link_imageP6soinfo+2421)
I/DEBUG   ( 1141):          bfda5d04  b7726034  /system/xbin/dexdump
I/DEBUG   ( 1141):          bfda5d08  00000008  
I/DEBUG   ( 1141):          bfda5d0c  b7726000  /system/xbin/dexdump
I/DEBUG   ( 1141):          bfda5d10  00000000  
I/DEBUG   ( 1141):          bfda5d14  b7723fe4  /system/bin/linker
I/DEBUG   ( 1141):          bfda5d18  00000000  
I/DEBUG   ( 1141):          bfda5d1c  00000001  
I/DEBUG   ( 1141):          bfda5d20  b771d27c  /system/bin/linker
I/DEBUG   ( 1141):          bfda5d24  00000000  
I/DEBUG   ( 1141):          bfda5d28  b7701474  
I/DEBUG   ( 1141):          bfda5d2c  b7701358  
I/DEBUG   ( 1141):     #00  bfda5d30  000c1f7a  
I/DEBUG   ( 1141):          bfda5d34  000c1f7a  
I/DEBUG   ( 1141):          bfda5d38  000c1f7a  
I/DEBUG   ( 1141):          bfda5d3c  000c1f7a  
I/DEBUG   ( 1141):          bfda5d40  000c1f7a  
I/DEBUG   ( 1141):          bfda5d44  000c1f7a  
I/DEBUG   ( 1141):          bfda5d48  000c1f7a  
I/DEBUG   ( 1141):          bfda5d4c  000c1f7a  
I/DEBUG   ( 1141):          bfda5d50  000c1f7a  
I/DEBUG   ( 1141):          bfda5d54  000c1f7a  
I/DEBUG   ( 1141):          bfda5d58  000c1f7a  
I/DEBUG   ( 1141):          bfda5d5c  000c1f7a  
I/DEBUG   ( 1141):          bfda5d60  a41b7bf9  
I/DEBUG   ( 1141):          bfda5d64  b76cd0bc  
I/DEBUG   ( 1141):          bfda5d68  b76037a9  /system/lib/liblog.so (__android_log_print+9)
I/DEBUG   ( 1141):          bfda5d6c  b7740f28  /system/xbin/dexdump
I/DEBUG   ( 1141):          ........  ........
I/DEBUG   ( 1141):     #01  bfda5d80  00000001  
I/DEBUG   ( 1141):          bfda5d84  b755b00c  /data/local/tmp/sample43.dex_repaired.dex
I/DEBUG   ( 1141):          bfda5d88  ffe8df44  
I/DEBUG   ( 1141):          bfda5d8c  00000000  
I/DEBUG   ( 1141):          bfda5d90  00086c16  
I/DEBUG   ( 1141):          bfda5d94  b755b000  /data/local/tmp/sample43.dex_repaired.dex
I/DEBUG   ( 1141):          bfda5d98  b7670325  /system/lib/libc.so (madvise+37)
I/DEBUG   ( 1141):          bfda5d9c  00000016  
I/DEBUG   ( 1141):          bfda5da0  00000003  
I/DEBUG   ( 1141):          bfda5da4  00008000  
I/DEBUG   ( 1141):          bfda5da8  b76cffcc  /system/lib/libc.so
I/DEBUG   ( 1141):          bfda5dac  b764be2c  /system/lib/libc.so (mmap+188)
I/DEBUG   ( 1141):          bfda5db0  b755b000  /data/local/tmp/sample43.dex_repaired.dex
I/DEBUG   ( 1141):          bfda5db4  00086c16  
I/DEBUG   ( 1141):          bfda5db8  0000000c  
I/DEBUG   ( 1141):          bfda5dbc  00000000  
I/DEBUG   ( 1141):          ........  ........
I/DEBUG   ( 1141):     #02  bfda5e30  b755b000  /data/local/tmp/sample43.dex_repaired.dex
I/DEBUG   ( 1141):          bfda5e34  00086c16  
I/DEBUG   ( 1141):          bfda5e38  00000001  
I/DEBUG   ( 1141):          bfda5e3c  bfda5f20  [stack]
I/DEBUG   ( 1141):          bfda5e40  b76b6c7c  /system/lib/libc.so
I/DEBUG   ( 1141):          bfda5e44  00000002  
I/DEBUG   ( 1141):          bfda5e48  bfda5fb4  [stack]
I/DEBUG   ( 1141):          bfda5e4c  bfda5fc0  [stack]
I/DEBUG   ( 1141):          bfda5e50  00000003  
I/DEBUG   ( 1141):          bfda5e54  00000000  
I/DEBUG   ( 1141):          bfda5e58  00000000  
I/DEBUG   ( 1141):          bfda5e5c  e04d2c00  
I/DEBUG   ( 1141):          bfda5e60  00000000  
I/DEBUG   ( 1141):          bfda5e64  ffffffff  
I/DEBUG   ( 1141):          bfda5e68  b767dc0b  /system/lib/libc.so (__vfprintf+11)
I/DEBUG   ( 1141):          bfda5e6c  b76cffcc  /system/lib/libc.so
I/DEBUG   ( 1141):          ........  ........
I/DEBUG   ( 1141): 
I/DEBUG   ( 1141): memory map around fault addr b76cd006:
I/DEBUG   ( 1141):     b7634000-b76cd000 r-x /system/lib/libc.so
I/DEBUG   ( 1141):     b76cd000-b76ce000 --- 
I/DEBUG   ( 1141):     b76ce000-b76d0000 r-- /system/lib/libc.so
I/BootReceiver( 1560): Copying /data/tombstones/tombstone_04 to DropBox (SYSTEM_TOMBSTONE)
