I/DEBUG   ( 1141):          bf88daf8  00000000  
I/DEBUG   ( 1141):          bf88dafc  00000001  
I/DEBUG   ( 1141):          bf88db00  b77a027c  /system/bin/linker
I/DEBUG   ( 1141):          bf88db04  00000000  
I/DEBUG   ( 1141):          bf88db08  b7784474  
I/DEBUG   ( 1141):          bf88db0c  b7784358  
I/DEBUG   ( 1141):     #00  bf88db10  000c287d  
I/DEBUG   ( 1141):          bf88db14  000c287d  
I/DEBUG   ( 1141):          bf88db18  000c287d  
I/DEBUG   ( 1141):          bf88db1c  000c287d  
I/DEBUG   ( 1141):          bf88db20  000c287d  
I/DEBUG   ( 1141):          bf88db24  000c287d  
I/DEBUG   ( 1141):          bf88db28  000c287d  
I/DEBUG   ( 1141):          bf88db2c  000c287d  
I/DEBUG   ( 1141):          bf88db30  000c287d  
I/DEBUG   ( 1141):          bf88db34  000c287d  
I/DEBUG   ( 1141):          bf88db38  000c287d  
I/DEBUG   ( 1141):          bf88db3c  000c287d  
I/DEBUG   ( 1141):          bf88db40  a4d7884b  
I/DEBUG   ( 1141):          bf88db44  b77500bc  
I/DEBUG   ( 1141):          bf88db48  b76867a9  /system/lib/liblog.so (__android_log_print+9)
I/DEBUG   ( 1141):          bf88db4c  b77c3f28  /system/xbin/dexdump
I/DEBUG   ( 1141):          ........  ........
I/DEBUG   ( 1141):     #01  bf88db60  00000001  
I/DEBUG   ( 1141):          bf88db64  b75de00c  /data/local/tmp/sample53.dex_repaired.dex
I/DEBUG   ( 1141):          bf88db68  ffe8df44  
I/DEBUG   ( 1141):          bf88db6c  00000000  
I/DEBUG   ( 1141):          bf88db70  00086beb  
I/DEBUG   ( 1141):          bf88db74  b75de000  /data/local/tmp/sample53.dex_repaired.dex
I/DEBUG   ( 1141):          bf88db78  b76f3325  /system/lib/libc.so (madvise+37)
I/DEBUG   ( 1141):          bf88db7c  00000016  
I/DEBUG   ( 1141):          bf88db80  00000003  
I/DEBUG   ( 1141):          bf88db84  00008000  
I/DEBUG   ( 1141):          bf88db88  b7752fcc  /system/lib/libc.so
I/DEBUG   ( 1141):          bf88db8c  b76cee2c  /system/lib/libc.so (mmap+188)
I/DEBUG   ( 1141):          bf88db90  b75de000  /data/local/tmp/sample53.dex_repaired.dex
I/DEBUG   ( 1141):          bf88db94  00086beb  
I/DEBUG   ( 1141):          bf88db98  0000000c  
I/DEBUG   ( 1141):          bf88db9c  00000000  
I/DEBUG   ( 1141):          ........  ........
I/DEBUG   ( 1141):     #02  bf88dc10  b75de000  /data/local/tmp/sample53.dex_repaired.dex
I/DEBUG   ( 1141):          bf88dc14  00086beb  
I/DEBUG   ( 1141):          bf88dc18  00000001  
I/DEBUG   ( 1141):          bf88dc1c  bf88dd00  [stack]
I/DEBUG   ( 1141):          bf88dc20  b7739c7c  /system/lib/libc.so
I/DEBUG   ( 1141):          bf88dc24  00000002  
I/DEBUG   ( 1141):          bf88dc28  bf88dd94  [stack]
I/DEBUG   ( 1141):          bf88dc2c  bf88dda0  [stack]
I/DEBUG   ( 1141):          bf88dc30  00000003  
I/DEBUG   ( 1141):          bf88dc34  00000000  
I/DEBUG   ( 1141):          bf88dc38  00000000  
I/DEBUG   ( 1141):          bf88dc3c  0992f800  
I/DEBUG   ( 1141):          bf88dc40  00000000  
I/DEBUG   ( 1141):          bf88dc44  ffffffff  
I/DEBUG   ( 1141):          bf88dc48  b7700c0b  /system/lib/libc.so (__vfprintf+11)
I/DEBUG   ( 1141):          bf88dc4c  b7752fcc  /system/lib/libc.so
I/DEBUG   ( 1141):          ........  ........
I/DEBUG   ( 1141): 
I/DEBUG   ( 1141): memory map around fault addr b7750006:
I/DEBUG   ( 1141):     b76b7000-b7750000 r-x /system/lib/libc.so
I/DEBUG   ( 1141):     b7750000-b7751000 --- 
I/DEBUG   ( 1141):     b7751000-b7753000 r-- /system/lib/libc.so
I/BootReceiver( 1560): Copying /data/tombstones/tombstone_07 to DropBox (SYSTEM_TOMBSTONE)
F/CRASH_LOGGER( 2686): SIGSEGV : sample58.dex_repaired.dex 
W/dalvikvm( 2688): WARNING: Odd length: expected 0, got 549865
F/libc    ( 2688): Fatal signal 11 (SIGSEGV) at 0xb76cf006 (code=2), thread 2688 (dexdump)
I/DEBUG   ( 1141): *** *** *** *** *** *** *** *** *** *** *** *** *** *** *** ***
I/DEBUG   ( 1141): Build fingerprint: 'generic_x86/sdk_x86/generic_x86:4.4.2/KK/4174703:eng/test-keys'
I/DEBUG   ( 1141): Revision: '0'
I/DEBUG   ( 1141): pid: 2688, tid: 2688, name: dexdump  >>> /system/xbin/dexdump <<<
I/DEBUG   ( 1141): signal 11 (SIGSEGV), code 2 (SEGV_ACCERR), fault addr b76cf006
I/DEBUG   ( 1141): 
I/DEBUG   ( 1141): backtrace:
I/DEBUG   ( 1141): AM write failure (32 / Broken pipe)
I/DEBUG   ( 1141):     #00  pc 00001500  /system/lib/libz.so (adler32+208)
I/DEBUG   ( 1141):     #01  pc 000101e1  /system/xbin/dexdump (dexSwapAndVerify(unsigned char*, int)+273)
I/DEBUG   ( 1141):     #02  pc 0000746b  /system/xbin/dexdump (dexOpenAndMap(char const*, char const*, MemMapping*, bool)+923)
I/DEBUG   ( 1141):     #03  pc 00006b9a  /system/xbin/dexdump (main+554)
I/DEBUG   ( 1141):     #04  pc 0000d52c  /system/lib/libc.so (__libc_init+108)
I/DEBUG   ( 1141):     #05  pc 00001771  /system/xbin/dexdump (_start+97)
I/DEBUG   ( 1141): 
I/DEBUG   ( 1141): stack:
I/DEBUG   ( 1141):          bff8efe0  b77077bc  /system/bin/linker (__dl__ZN6soinfo16CallConstructorsEv.part.10+316)
I/DEBUG   ( 1141):          bff8efe4  b760dcfc  /system/lib/libm.so
I/DEBUG   ( 1141):          bff8efe8  b770323c  
I/DEBUG   ( 1141):          bff8efec  00000003  
I/DEBUG   ( 1141):          bff8eff0  b7709c85  /system/bin/linker (__dl__ZL17soinfo_link_imageP6soinfo+2421)
I/DEBUG   ( 1141):          bff8eff4  b7728034  /system/xbin/dexdump
I/DEBUG   ( 1141):          bff8eff8  00000008  
I/DEBUG   ( 1141):          bff8effc  b7728000  /system/xbin/dexdump
I/DEBUG   ( 1141):          bff8f000  00000000  
I/DEBUG   ( 1141):          bff8f004  b7725fe4  /system/bin/linker
I/DEBUG   ( 1141):          bff8f008  00000000  
I/DEBUG   ( 1141):          bff8f00c  00000001  
I/DEBUG   ( 1141):          bff8f010  b771f27c  /system/bin/linker
I/DEBUG   ( 1141):          bff8f014  00000000  
I/DEBUG   ( 1141):          bff8f018  b7703474  
I/DEBUG   ( 1141):          bff8f01c  b7703358  
I/DEBUG   ( 1141):     #00  bff8f020  000c8f49  
I/DEBUG   ( 1141):          bff8f024  000c8f49  
I/DEBUG   ( 1141):          bff8f028  000c8f49  
I/DEBUG   ( 1141):          bff8f02c  000c8f49  
I/DEBUG   ( 1141):          bff8f030  000c8f49  
I/DEBUG   ( 1141):          bff8f034  000c8f49  
I/DEBUG   ( 1141):          bff8f038  000c8f49  
I/DEBUG   ( 1141):          bff8f03c  000c8f49  
I/DEBUG   ( 1141):          bff8f040  000c8f49  
I/DEBUG   ( 1141):          bff8f044  000c8f49  
I/DEBUG   ( 1141):          bff8f048  000c8f49  
I/DEBUG   ( 1141):          bff8f04c  000c8f49  
I/DEBUG   ( 1141):          bff8f050  ad3ffc04  
I/DEBUG   ( 1141):          bff8f054  b76cf0bc  
I/DEBUG   ( 1141):          bff8f058  b76057a9  /system/lib/liblog.so (__android_log_print+9)
I/DEBUG   ( 1141):          bff8f05c  b7742f28  /system/xbin/dexdump
I/DEBUG   ( 1141):          ........  ........
I/DEBUG   ( 1141):     #01  bff8f070  00000001  
I/DEBUG   ( 1141):          bff8f074  b755d00c  /data/local/tmp/sample58.dex_repaired.dex
I/DEBUG   ( 1141):          bff8f078  ffe8df44  
I/DEBUG   ( 1141):          bff8f07c  00000000  
I/DEBUG   ( 1141):          bff8f080  000863e9  
I/DEBUG   ( 1141):          bff8f084  b755d000  /data/local/tmp/sample58.dex_repaired.dex
I/DEBUG   ( 1141):          bff8f088  b7672325  /system/lib/libc.so (madvise+37)
I/DEBUG   ( 1141):          bff8f08c  00000016  
I/DEBUG   ( 1141):          bff8f090  00000003  
I/DEBUG   ( 1141):          bff8f094  00008000  
I/DEBUG   ( 1141):          bff8f098  b76d1fcc  /system/lib/libc.so
I/DEBUG   ( 1141):          bff8f09c  b764de2c  /system/lib/libc.so (mmap+188)
W/NativeCrashListener( 1560): Couldn't find ProcessRecord for pid 2688
I/DEBUG   ( 1141):          bff8f0a0  b755d000  /data/local/tmp/sample58.dex_repaired.dex
I/DEBUG   ( 1141):          bff8f0a4  000863e9  
I/DEBUG   ( 1141):          bff8f0a8  0000000c  
I/DEBUG   ( 1141):          bff8f0ac  00000000  
I/DEBUG   ( 1141):          ........  ........
I/DEBUG   ( 1141):     #02  bff8f120  b755d000  /data/local/tmp/sample58.dex_repaired.dex
I/DEBUG   ( 1141):          bff8f124  000863e9  
I/DEBUG   ( 1141):          bff8f128  00000001  
I/DEBUG   ( 1141):          bff8f12c  bff8f210  [stack]
I/DEBUG   ( 1141):          bff8f130  b76b8c7c  /system/lib/libc.so
I/DEBUG   ( 1141):          bff8f134  00000002  
I/DEBUG   ( 1141):          bff8f138  bff8f2a4  [stack]
I/DEBUG   ( 1141):          bff8f13c  bff8f2b0  [stack]
I/DEBUG   ( 1141):          bff8f140  00000003  
I/DEBUG   ( 1141):          bff8f144  00000000  
I/DEBUG   ( 1141):          bff8f148  00000000  
I/DEBUG   ( 1141):          bff8f14c  7c719700  
I/DEBUG   ( 1141):          bff8f150  00000000  
I/DEBUG   ( 1141):          bff8f154  ffffffff  
I/DEBUG   ( 1141):          bff8f158  b767fc0b  /system/lib/libc.so (__vfprintf+11)
I/DEBUG   ( 1141):          bff8f15c  b76d1fcc  /system/lib/libc.so
I/DEBUG   ( 1141):          ........  ........
I/DEBUG   ( 1141): 
I/DEBUG   ( 1141): memory map around fault addr b76cf006:
I/DEBUG   ( 1141):     b7636000-b76cf000 r-x /system/lib/libc.so
I/DEBUG   ( 1141):     b76cf000-b76d0000 --- 
I/DEBUG   ( 1141):     b76d0000-b76d2000 r-- /system/lib/libc.so
I/BootReceiver( 1560): Copying /data/tombstones/tombstone_08 to DropBox (SYSTEM_TOMBSTONE)
F/CRASH_LOGGER( 2696): SIGSEGV : sample90.dex_repaired.dex 
W/dalvikvm( 2698): WARNING: Odd length: expected 0, got 551482
F/libc    ( 2698): Fatal signal 11 (SIGSEGV) at 0xb776d006 (code=2), thread 2698 (dexdump)
I/DEBUG   ( 1141): *** *** *** *** *** *** *** *** *** *** *** *** *** *** *** ***
I/DEBUG   ( 1141): Build fingerprint: 'generic_x86/sdk_x86/generic_x86:4.4.2/KK/4174703:eng/test-keys'
I/DEBUG   ( 1141): Revision: '0'
I/DEBUG   ( 1141): pid: 2698, tid: 2698, name: dexdump  >>> /system/xbin/dexdump <<<
I/DEBUG   ( 1141): signal 11 (SIGSEGV), code 2 (SEGV_ACCERR), fault addr b776d006
W/NativeCrashListener( 1560): Couldn't find ProcessRecord for pid 2698
I/DEBUG   ( 1141): 
I/DEBUG   ( 1141): backtrace:
I/DEBUG   ( 1141): AM write failure (32 / Broken pipe)
I/DEBUG   ( 1141):     #00  pc 00001500  /system/lib/libz.so (adler32+208)
I/DEBUG   ( 1141):     #01  pc 000101e1  /system/xbin/dexdump (dexSwapAndVerify(unsigned char*, int)+273)
I/DEBUG   ( 1141):     #02  pc 0000746b  /system/xbin/dexdump (dexOpenAndMap(char const*, char const*, MemMapping*, bool)+923)
I/DEBUG   ( 1141):     #03  pc 00006b9a  /system/xbin/dexdump (main+554)
I/DEBUG   ( 1141):     #04  pc 0000d52c  /system/lib/libc.so (__libc_init+108)
I/DEBUG   ( 1141):     #05  pc 00001771  /system/xbin/dexdump (_start+97)
I/DEBUG   ( 1141): 
I/DEBUG   ( 1141): stack:
I/DEBUG   ( 1141):          bf9044b0  b77a57bc  /system/bin/linker (__dl__ZN6soinfo16CallConstructorsEv.part.10+316)
I/DEBUG   ( 1141):          bf9044b4  b76abcfc  /system/lib/libm.so
I/DEBUG   ( 1141):          bf9044b8  b77a123c  
I/DEBUG   ( 1141):          bf9044bc  00000003  
I/DEBUG   ( 1141):          bf9044c0  b77a7c85  /system/bin/linker (__dl__ZL17soinfo_link_imageP6soinfo+2421)
I/DEBUG   ( 1141):          bf9044c4  b77c6034  /system/xbin/dexdump
I/DEBUG   ( 1141):          bf9044c8  00000008  
I/DEBUG   ( 1141):          bf9044cc  b77c6000  /system/xbin/dexdump
I/DEBUG   ( 1141):          bf9044d0  00000000  
I/DEBUG   ( 1141):          bf9044d4  b77c3fe4  /system/bin/linker
I/DEBUG   ( 1141):          bf9044d8  00000000  
I/DEBUG   ( 1141):          bf9044dc  00000001  
I/DEBUG   ( 1141):          bf9044e0  b77bd27c  /system/bin/linker
I/DEBUG   ( 1141):          bf9044e4  00000000  
I/DEBUG   ( 1141):          bf9044e8  b77a1474  
I/DEBUG   ( 1141):          bf9044ec  b77a1358  
I/DEBUG   ( 1141):     #00  bf9044f0  000c04e8  
I/DEBUG   ( 1141):          bf9044f4  000c04e8  
I/DEBUG   ( 1141):          bf9044f8  000c04e8  
I/DEBUG   ( 1141):          bf9044fc  000c04e8  
I/DEBUG   ( 1141):          bf904500  000c04e8  
I/DEBUG   ( 1141):          bf904504  000c04e8  
I/DEBUG   ( 1141):          bf904508  000c04e8  
I/DEBUG   ( 1141):          bf90450c  000c04e8  
I/DEBUG   ( 1141):          bf904510  000c04e8  
I/DEBUG   ( 1141):          bf904514  000c04e8  
I/DEBUG   ( 1141):          bf904518  000c04e8  
I/DEBUG   ( 1141):          bf90451c  000c04e8  
I/DEBUG   ( 1141):          bf904520  a1ee7379  
I/DEBUG   ( 1141):          bf904524  b776d0bc  
I/DEBUG   ( 1141):          bf904528  b76a37a9  /system/lib/liblog.so (__android_log_print+9)
I/DEBUG   ( 1141):          bf90452c  b77e0f28  /system/xbin/dexdump
I/DEBUG   ( 1141):          ........  ........
I/DEBUG   ( 1141):     #01  bf904540  00000001  
I/DEBUG   ( 1141):          bf904544  b75fb00c  /data/local/tmp/sample90.dex_repaired.dex
I/DEBUG   ( 1141):          bf904548  ffe8df44  
I/DEBUG   ( 1141):          bf90454c  00000000  
I/DEBUG   ( 1141):          bf904550  00086a3a  
I/DEBUG   ( 1141):          bf904554  b75fb000  /data/local/tmp/sample90.dex_repaired.dex
I/DEBUG   ( 1141):          bf904558  b7710325  /system/lib/libc.so (madvise+37)
I/DEBUG   ( 1141):          bf90455c  00000016  
I/DEBUG   ( 1141):          bf904560  00000003  
I/DEBUG   ( 1141):          bf904564  00008000  
I/DEBUG   ( 1141):          bf904568  b776ffcc  /system/lib/libc.so
I/DEBUG   ( 1141):          bf90456c  b76ebe2c  /system/lib/libc.so (mmap+188)
I/DEBUG   ( 1141):          bf904570  b75fb000  /data/local/tmp/sample90.dex_repaired.dex
I/DEBUG   ( 1141):          bf904574  00086a3a  
I/DEBUG   ( 1141):          bf904578  0000000c  
I/DEBUG   ( 1141):          bf90457c  00000000  
I/DEBUG   ( 1141):          ........  ........
I/DEBUG   ( 1141):     #02  bf9045f0  b75fb000  /data/local/tmp/sample90.dex_repaired.dex
I/DEBUG   ( 1141):          bf9045f4  00086a3a  
I/DEBUG   ( 1141):          bf9045f8  00000001  
I/DEBUG   ( 1141):          bf9045fc  bf9046e0  [stack]
I/DEBUG   ( 1141):          bf904600  b7756c7c  /system/lib/libc.so
I/DEBUG   ( 1141):          bf904604  00000002  
I/DEBUG   ( 1141):          bf904608  bf904774  [stack]
I/DEBUG   ( 1141):          bf90460c  bf904780  [stack]
I/DEBUG   ( 1141):          bf904610  00000003  
I/DEBUG   ( 1141):          bf904614  00000000  
I/DEBUG   ( 1141):          bf904618  00000000  
I/DEBUG   ( 1141):          bf90461c  a4581100  
I/DEBUG   ( 1141):          bf904620  00000000  
I/DEBUG   ( 1141):          bf904624  ffffffff  
I/DEBUG   ( 1141):          bf904628  b771dc0b  /system/lib/libc.so (__vfprintf+11)
I/DEBUG   ( 1141):          bf90462c  b776ffcc  /system/lib/libc.so
I/DEBUG   ( 1141):          ........  ........
I/DEBUG   ( 1141): 
I/DEBUG   ( 1141): memory map around fault addr b776d006:
I/DEBUG   ( 1141):     b76d4000-b776d000 r-x /system/lib/libc.so
I/DEBUG   ( 1141):     b776d000-b776e000 --- 
I/DEBUG   ( 1141):     b776e000-b7770000 r-- /system/lib/libc.so
I/BootReceiver( 1560): Copying /data/tombstones/tombstone_02 to DropBox (SYSTEM_TOMBSTONE)
D/dalvikvm( 1560): GC_FOR_ALLOC freed 401K, 13% free 5377K/6160K, paused 15ms, total 15ms
F/CRASH_LOGGER( 2706): SIGSEGV : sample75.dex_repaired.dex 
W/dalvikvm( 2708): WARNING: Odd length: expected 0, got 551843
F/libc    ( 2708): Fatal signal 11 (SIGSEGV) at 0xb7767006 (code=2), thread 2708 (dexdump)
I/DEBUG   ( 1141): *** *** *** *** *** *** *** *** *** *** *** *** *** *** *** ***
I/DEBUG   ( 1141): Build fingerprint: 'generic_x86/sdk_x86/generic_x86:4.4.2/KK/4174703:eng/test-keys'
I/DEBUG   ( 1141): Revision: '0'
I/DEBUG   ( 1141): pid: 2708, tid: 2708, name: dexdump  >>> /system/xbin/dexdump <<<
I/DEBUG   ( 1141): signal 11 (SIGSEGV), code 2 (SEGV_ACCERR), fault addr b7767006
W/NativeCrashListener( 1560): Couldn't find ProcessRecord for pid 2708
I/DEBUG   ( 1141): 
I/DEBUG   ( 1141): backtrace:
I/DEBUG   ( 1141): AM write failure (32 / Broken pipe)
I/DEBUG   ( 1141):     #00  pc 00001500  /system/lib/libz.so (adler32+208)
I/DEBUG   ( 1141):     #01  pc 000101e1  /system/xbin/dexdump (dexSwapAndVerify(unsigned char*, int)+273)
I/DEBUG   ( 1141):     #02  pc 0000746b  /system/xbin/dexdump (dexOpenAndMap(char const*, char const*, MemMapping*, bool)+923)
I/DEBUG   ( 1141):     #03  pc 00006b9a  /system/xbin/dexdump (main+554)
I/DEBUG   ( 1141):     #04  pc 0000d52c  /system/lib/libc.so (__libc_init+108)
I/DEBUG   ( 1141):     #05  pc 00001771  /system/xbin/dexdump (_start+97)
I/DEBUG   ( 1141): 
I/DEBUG   ( 1141): stack:
I/DEBUG   ( 1141):          bf902d70  b779f7bc  /system/bin/linker (__dl__ZN6soinfo16CallConstructorsEv.part.10+316)
I/DEBUG   ( 1141):          bf902d74  b76a5cfc  /system/lib/libm.so
I/DEBUG   ( 1141):          bf902d78  b779b23c  
I/DEBUG   ( 1141):          bf902d7c  00000003  
I/DEBUG   ( 1141):          bf902d80  b77a1c85  /system/bin/linker (__dl__ZL17soinfo_link_imageP6soinfo+2421)
I/DEBUG   ( 1141):          bf902d84  b77c0034  /system/xbin/dexdump
I/DEBUG   ( 1141):          bf902d88  00000008  
I/DEBUG   ( 1141):          bf902d8c  b77c0000  /system/xbin/dexdump
I/DEBUG   ( 1141):          bf902d90  00000000  
I/DEBUG   ( 1141):          bf902d94  b77bdfe4  /system/bin/linker
I/DEBUG   ( 1141):          bf902d98  00000000  
I/DEBUG   ( 1141):          bf902d9c  00000001  
I/DEBUG   ( 1141):          bf902da0  b77b727c  /system/bin/linker
I/DEBUG   ( 1141):          bf902da4  00000000  
I/DEBUG   ( 1141):          bf902da8  b779b474  
I/DEBUG   ( 1141):          bf902dac  b779b358  
I/DEBUG   ( 1141):     #00  bf902db0  000c1ae7  
I/DEBUG   ( 1141):          bf902db4  000c1ae7  
I/DEBUG   ( 1141):          bf902db8  000c1ae7  
I/DEBUG   ( 1141):          bf902dbc  000c1ae7  
I/DEBUG   ( 1141):          bf902dc0  000c1ae7  
I/DEBUG   ( 1141):          bf902dc4  000c1ae7  
I/DEBUG   ( 1141):          bf902dc8  000c1ae7  
I/DEBUG   ( 1141):          bf902dcc  000c1ae7  
I/DEBUG   ( 1141):          bf902dd0  000c1ae7  
I/DEBUG   ( 1141):          bf902dd4  000c1ae7  
I/DEBUG   ( 1141):          bf902dd8  000c1ae7  
I/DEBUG   ( 1141):          bf902ddc  000c1ae7  
I/DEBUG   ( 1141):          bf902de0  a3bbf08d  
I/DEBUG   ( 1141):          bf902de4  b77670bc  
I/DEBUG   ( 1141):          bf902de8  b769d7a9  /system/lib/liblog.so (__android_log_print+9)
I/DEBUG   ( 1141):          bf902dec  b77daf28  /system/xbin/dexdump
I/DEBUG   ( 1141):          ........  ........
I/DEBUG   ( 1141):     #01  bf902e00  00000001  
I/DEBUG   ( 1141):          bf902e04  b75f500c  /data/local/tmp/sample75.dex_repaired.dex
I/DEBUG   ( 1141):          bf902e08  ffe8df44  
I/DEBUG   ( 1141):          bf902e0c  00000000  
I/DEBUG   ( 1141):          bf902e10  00086ba3  
I/DEBUG   ( 1141):          bf902e14  b75f5000  /data/local/tmp/sample75.dex_repaired.dex
I/DEBUG   ( 1141):          bf902e18  b770a325  /system/lib/libc.so (madvise+37)
I/DEBUG   ( 1141):          bf902e1c  00000016  
I/DEBUG   ( 1141):          bf902e20  00000003  
I/DEBUG   ( 1141):          bf902e24  00008000  
I/DEBUG   ( 1141):          bf902e28  b7769fcc  /system/lib/libc.so
I/DEBUG   ( 1141):          bf902e2c  b76e5e2c  /system/lib/libc.so (mmap+188)
I/DEBUG   ( 1141):          bf902e30  b75f5000  /data/local/tmp/sample75.dex_repaired.dex
I/DEBUG   ( 1141):          bf902e34  00086ba3  
I/DEBUG   ( 1141):          bf902e38  0000000c  
I/DEBUG   ( 1141):          bf902e3c  00000000  
I/DEBUG   ( 1141):          ........  ........
I/DEBUG   ( 1141):     #02  bf902eb0  b75f5000  /data/local/tmp/sample75.dex_repaired.dex
I/DEBUG   ( 1141):          bf902eb4  00086ba3  
I/DEBUG   ( 1141):          bf902eb8  00000001  
I/DEBUG   ( 1141):          bf902ebc  bf902fa0  [stack]
I/DEBUG   ( 1141):          bf902ec0  b7750c7c  /system/lib/libc.so
I/DEBUG   ( 1141):          bf902ec4  00000002  
I/DEBUG   ( 1141):          bf902ec8  bf903034  [stack]
I/DEBUG   ( 1141):          bf902ecc  bf903040  [stack]
I/DEBUG   ( 1141):          bf902ed0  00000003  
I/DEBUG   ( 1141):          bf902ed4  00000000  
I/DEBUG   ( 1141):          bf902ed8  00000000  
I/DEBUG   ( 1141):          bf902edc  77044300  
I/DEBUG   ( 1141):          bf902ee0  00000000  
I/DEBUG   ( 1141):          bf902ee4  ffffffff  
I/DEBUG   ( 1141):          bf902ee8  b7717c0b  /system/lib/libc.so (__vfprintf+11)
I/DEBUG   ( 1141):          bf902eec  b7769fcc  /system/lib/libc.so
I/DEBUG   ( 1141):          ........  ........
I/DEBUG   ( 1141): 
I/DEBUG   ( 1141): memory map around fault addr b7767006:
I/DEBUG   ( 1141):     b76ce000-b7767000 r-x /system/lib/libc.so
I/DEBUG   ( 1141):     b7767000-b7768000 --- 
I/DEBUG   ( 1141):     b7768000-b776a000 r-- /system/lib/libc.so
I/BootReceiver( 1560): Copying /data/tombstones/tombstone_03 to DropBox (SYSTEM_TOMBSTONE)
F/CRASH_LOGGER( 2716): SIGSEGV : sample39.dex_repaired.dex 
F/CRASH_LOGGER( 2726): SIGSEGV : sample98.dex_repaired.dex 
W/dalvikvm( 2728): WARNING: Odd length: expected 0, got 549841
F/libc    ( 2728): Fatal signal 11 (SIGSEGV) at 0xb769b006 (code=2), thread 2728 (dexdump)
I/DEBUG   ( 1141): *** *** *** *** *** *** *** *** *** *** *** *** *** *** *** ***
I/DEBUG   ( 1141): Build fingerprint: 'generic_x86/sdk_x86/generic_x86:4.4.2/KK/4174703:eng/test-keys'
I/DEBUG   ( 1141): Revision: '0'
I/DEBUG   ( 1141): pid: 2728, tid: 2728, name: dexdump  >>> /system/xbin/dexdump <<<
I/DEBUG   ( 1141): signal 11 (SIGSEGV), code 2 (SEGV_ACCERR), fault addr b769b006
W/NativeCrashListener( 1560): Couldn't find ProcessRecord for pid 2728
I/DEBUG   ( 1141): 
I/DEBUG   ( 1141): backtrace:
I/DEBUG   ( 1141): AM write failure (32 / Broken pipe)
I/DEBUG   ( 1141):     #00  pc 00001500  /system/lib/libz.so (adler32+208)
I/DEBUG   ( 1141):     #01  pc 000101e1  /system/xbin/dexdump (dexSwapAndVerify(unsigned char*, int)+273)
I/DEBUG   ( 1141):     #02  pc 0000746b  /system/xbin/dexdump (dexOpenAndMap(char const*, char const*, MemMapping*, bool)+923)
I/DEBUG   ( 1141):     #03  pc 00006b9a  /system/xbin/dexdump (main+554)
I/DEBUG   ( 1141):     #04  pc 0000d52c  /system/lib/libc.so (__libc_init+108)
I/DEBUG   ( 1141):     #05  pc 00001771  /system/xbin/dexdump (_start+97)
I/DEBUG   ( 1141): 
I/DEBUG   ( 1141): stack:
I/DEBUG   ( 1141):          bfefb270  b76d37bc  /system/bin/linker (__dl__ZN6soinfo16CallConstructorsEv.part.10+316)
I/DEBUG   ( 1141):          bfefb274  b75d9cfc  /system/lib/libm.so
I/DEBUG   ( 1141):          bfefb278  b76cf23c  
I/DEBUG   ( 1141):          bfefb27c  00000003  
I/DEBUG   ( 1141):          bfefb280  b76d5c85  /system/bin/linker (__dl__ZL17soinfo_link_imageP6soinfo+2421)
I/DEBUG   ( 1141):          bfefb284  b76f4034  /system/xbin/dexdump
I/DEBUG   ( 1141):          bfefb288  00000008  
I/DEBUG   ( 1141):          bfefb28c  b76f4000  /system/xbin/dexdump
I/DEBUG   ( 1141):          bfefb290  00000000  
I/DEBUG   ( 1141):          bfefb294  b76f1fe4  /system/bin/linker
I/DEBUG   ( 1141):          bfefb298  00000000  
I/DEBUG   ( 1141):          bfefb29c  00000001  
I/DEBUG   ( 1141):          bfefb2a0  b76eb27c  /system/bin/linker
I/DEBUG   ( 1141):          bfefb2a4  00000000  
I/DEBUG   ( 1141):          bfefb2a8  b76cf474  
I/DEBUG   ( 1141):          bfefb2ac  b76cf358  
I/DEBUG   ( 1141):     #00  bfefb2b0  000c92d8  
I/DEBUG   ( 1141):          bfefb2b4  000c92d8  
I/DEBUG   ( 1141):          bfefb2b8  000c92d8  
I/DEBUG   ( 1141):          bfefb2bc  000c92d8  
I/DEBUG   ( 1141):          bfefb2c0  000c92d8  
I/DEBUG   ( 1141):          bfefb2c4  000c92d8  
I/DEBUG   ( 1141):          bfefb2c8  000c92d8  
I/DEBUG   ( 1141):          bfefb2cc  000c92d8  
I/DEBUG   ( 1141):          bfefb2d0  000c92d8  
I/DEBUG   ( 1141):          bfefb2d4  000c92d8  
I/DEBUG   ( 1141):          bfefb2d8  000c92d8  
I/DEBUG   ( 1141):          bfefb2dc  000c92d8  
I/DEBUG   ( 1141):          bfefb2e0  ad8ac28a  
I/DEBUG   ( 1141):          bfefb2e4  b769b0bc  
I/DEBUG   ( 1141):          bfefb2e8  b75d17a9  /system/lib/liblog.so (__android_log_print+9)
I/DEBUG   ( 1141):          bfefb2ec  b770ef28  /system/xbin/dexdump
I/DEBUG   ( 1141):          ........  ........
I/DEBUG   ( 1141):     #01  bfefb300  00000001  
I/DEBUG   ( 1141):          bfefb304  b752900c  /data/local/tmp/sample98.dex_repaired.dex
I/DEBUG   ( 1141):          bfefb308  ffe8df44  
I/DEBUG   ( 1141):          bfefb30c  00000000  
I/DEBUG   ( 1141):          bfefb310  000863d1  
I/DEBUG   ( 1141):          bfefb314  b7529000  /data/local/tmp/sample98.dex_repaired.dex
I/DEBUG   ( 1141):          bfefb318  b763e325  /system/lib/libc.so (madvise+37)
I/DEBUG   ( 1141):          bfefb31c  00000016  
I/DEBUG   ( 1141):          bfefb320  00000003  
I/DEBUG   ( 1141):          bfefb324  00008000  
I/DEBUG   ( 1141):          bfefb328  b769dfcc  /system/lib/libc.so
I/DEBUG   ( 1141):          bfefb32c  b7619e2c  /system/lib/libc.so (mmap+188)
I/DEBUG   ( 1141):          bfefb330  b7529000  /data/local/tmp/sample98.dex_repaired.dex
I/DEBUG   ( 1141):          bfefb334  000863d1  
I/DEBUG   ( 1141):          bfefb338  0000000c  
I/DEBUG   ( 1141):          bfefb33c  00000000  
I/DEBUG   ( 1141):          ........  ........
I/DEBUG   ( 1141):     #02  bfefb3b0  b7529000  /data/local/tmp/sample98.dex_repaired.dex
I/DEBUG   ( 1141):          bfefb3b4  000863d1  
I/DEBUG   ( 1141):          bfefb3b8  00000001  
I/DEBUG   ( 1141):          bfefb3bc  bfefb4a0  [stack]
I/DEBUG   ( 1141):          bfefb3c0  b7684c7c  /system/lib/libc.so
I/DEBUG   ( 1141):          bfefb3c4  00000002  
I/DEBUG   ( 1141):          bfefb3c8  bfefb534  [stack]
I/DEBUG   ( 1141):          bfefb3cc  bfefb540  [stack]
I/DEBUG   ( 1141):          bfefb3d0  00000003  
I/DEBUG   ( 1141):          bfefb3d4  00000000  
I/DEBUG   ( 1141):          bfefb3d8  00000000  
I/DEBUG   ( 1141):          bfefb3dc  dc7e3600  
I/DEBUG   ( 1141):          bfefb3e0  00000000  
I/DEBUG   ( 1141):          bfefb3e4  ffffffff  
I/DEBUG   ( 1141):          bfefb3e8  b764bc0b  /system/lib/libc.so (__vfprintf+11)
I/DEBUG   ( 1141):          bfefb3ec  b769dfcc  /system/lib/libc.so
I/DEBUG   ( 1141):          ........  ........
I/DEBUG   ( 1141): 
I/DEBUG   ( 1141): memory map around fault addr b769b006:
I/DEBUG   ( 1141):     b7602000-b769b000 r-x /system/lib/libc.so
I/DEBUG   ( 1141):     b769b000-b769c000 --- 
I/DEBUG   ( 1141):     b769c000-b769e000 r-- /system/lib/libc.so
I/BootReceiver( 1560): Copying /data/tombstones/tombstone_09 to DropBox (SYSTEM_TOMBSTONE)
F/CRASH_LOGGER( 2736): SIGSEGV : sample91.dex_repaired.dex 
W/dalvikvm( 2738): WARNING: Odd length: expected 0, got 558631
F/libc    ( 2738): Fatal signal 11 (SIGSEGV) at 0xb7704006 (code=2), thread 2738 (dexdump)
I/DEBUG   ( 1141): *** *** *** *** *** *** *** *** *** *** *** *** *** *** *** ***
I/DEBUG   ( 1141): Build fingerprint: 'generic_x86/sdk_x86/generic_x86:4.4.2/KK/4174703:eng/test-keys'
I/DEBUG   ( 1141): Revision: '0'
I/DEBUG   ( 1141): pid: 2738, tid: 2738, name: dexdump  >>> /system/xbin/dexdump <<<
I/DEBUG   ( 1141): signal 11 (SIGSEGV), code 2 (SEGV_ACCERR), fault addr b7704006
I/DEBUG   ( 1141): 
I/DEBUG   ( 1141): backtrace:
I/DEBUG   ( 1141): AM write failure (32 / Broken pipe)
I/DEBUG   ( 1141):     #00  pc 00001500  /system/lib/libz.so (adler32+208)
I/DEBUG   ( 1141):     #01  pc 000101e1  /system/xbin/dexdump (dexSwapAndVerify(unsigned char*, int)+273)
I/DEBUG   ( 1141):     #02  pc 0000746b  /system/xbin/dexdump (dexOpenAndMap(char const*, char const*, MemMapping*, bool)+923)
I/DEBUG   ( 1141):     #03  pc 00006b9a  /system/xbin/dexdump (main+554)
I/DEBUG   ( 1141):     #04  pc 0000d52c  /system/lib/libc.so (__libc_init+108)
I/DEBUG   ( 1141):     #05  pc 00001771  /system/xbin/dexdump (_start+97)
I/DEBUG   ( 1141): 
I/DEBUG   ( 1141): stack:
I/DEBUG   ( 1141):          bfff45c0  b773c7bc  /system/bin/linker (__dl__ZN6soinfo16CallConstructorsEv.part.10+316)
I/DEBUG   ( 1141):          bfff45c4  b7642cfc  /system/lib/libm.so
I/DEBUG   ( 1141):          bfff45c8  b773823c  
I/DEBUG   ( 1141):          bfff45cc  00000003  
I/DEBUG   ( 1141):          bfff45d0  b773ec85  /system/bin/linker (__dl__ZL17soinfo_link_imageP6soinfo+2421)
I/DEBUG   ( 1141):          bfff45d4  b775d034  /system/xbin/dexdump
I/DEBUG   ( 1141):          bfff45d8  00000008  
I/DEBUG   ( 1141):          bfff45dc  b775d000  /system/xbin/dexdump
I/DEBUG   ( 1141):          bfff45e0  00000000  
I/DEBUG   ( 1141):          bfff45e4  b775afe4  /system/bin/linker
I/DEBUG   ( 1141):          bfff45e8  00000000  
I/DEBUG   ( 1141):          bfff45ec  00000001  
I/DEBUG   ( 1141):          bfff45f0  b775427c  /system/bin/linker
I/DEBUG   ( 1141):          bfff45f4  00000000  
W/NativeCrashListener( 1560): Couldn't find ProcessRecord for pid 2738
I/DEBUG   ( 1141):          bfff45f8  b7738474  
I/DEBUG   ( 1141):          bfff45fc  b7738358  
I/DEBUG   ( 1141):     #00  bfff4600  00039132  
I/DEBUG   ( 1141):          bfff4604  00039132  
I/DEBUG   ( 1141):          bfff4608  00039132  
I/DEBUG   ( 1141):          bfff460c  00039132  
I/DEBUG   ( 1141):          bfff4610  00039132  
I/DEBUG   ( 1141):          bfff4614  00039132  
I/DEBUG   ( 1141):          bfff4618  00039132  
I/DEBUG   ( 1141):          bfff461c  00039132  
I/DEBUG   ( 1141):          bfff4620  00039132  
I/DEBUG   ( 1141):          bfff4624  00039132  
I/DEBUG   ( 1141):          bfff4628  00039132  
I/DEBUG   ( 1141):          bfff462c  00039132  
I/DEBUG   ( 1141):          bfff4630  1c8751b7  
I/DEBUG   ( 1141):          bfff4634  b7704c1c  
I/DEBUG   ( 1141):          bfff4638  b763a7a9  /system/lib/liblog.so (__android_log_print+9)
I/DEBUG   ( 1141):          bfff463c  b7777f28  /system/xbin/dexdump
I/DEBUG   ( 1141):          ........  ........
I/DEBUG   ( 1141):     #01  bfff4650  00000001  
I/DEBUG   ( 1141):          bfff4654  b759000c  /data/local/tmp/sample91.dex_repaired.dex
I/DEBUG   ( 1141):          bfff4658  ffe8b3e4  
I/DEBUG   ( 1141):          bfff465c  00000000  
I/DEBUG   ( 1141):          bfff4660  00088627  
I/DEBUG   ( 1141):          bfff4664  b7590000  /data/local/tmp/sample91.dex_repaired.dex
I/DEBUG   ( 1141):          bfff4668  b76a7325  /system/lib/libc.so (madvise+37)
I/DEBUG   ( 1141):          bfff466c  00000016  
I/DEBUG   ( 1141):          bfff4670  00000003  
I/DEBUG   ( 1141):          bfff4674  00008000  
I/DEBUG   ( 1141):          bfff4678  b7706fcc  /system/lib/libc.so
I/DEBUG   ( 1141):          bfff467c  b7682e2c  /system/lib/libc.so (mmap+188)
I/DEBUG   ( 1141):          bfff4680  b7590000  /data/local/tmp/sample91.dex_repaired.dex
I/DEBUG   ( 1141):          bfff4684  00088627  
I/DEBUG   ( 1141):          bfff4688  0000000c  
I/DEBUG   ( 1141):          bfff468c  00000000  
I/DEBUG   ( 1141):          ........  ........
I/DEBUG   ( 1141):     #02  bfff4700  b7590000  /data/local/tmp/sample91.dex_repaired.dex
I/DEBUG   ( 1141):          bfff4704  00088627  
I/DEBUG   ( 1141):          bfff4708  00000001  
I/DEBUG   ( 1141):          bfff470c  bfff47f0  [stack]
I/DEBUG   ( 1141):          bfff4710  b76edc7c  /system/lib/libc.so
I/DEBUG   ( 1141):          bfff4714  00000002  
I/DEBUG   ( 1141):          bfff4718  bfff4884  [stack]
I/DEBUG   ( 1141):          bfff471c  bfff4890  [stack]
I/DEBUG   ( 1141):          bfff4720  00000003  
I/DEBUG   ( 1141):          bfff4724  00000000  
I/DEBUG   ( 1141):          bfff4728  00000000  
I/DEBUG   ( 1141):          bfff472c  70b05700  
I/DEBUG   ( 1141):          bfff4730  00000000  
I/DEBUG   ( 1141):          bfff4734  ffffffff  
I/DEBUG   ( 1141):          bfff4738  b76b4c0b  /system/lib/libc.so (__vfprintf+11)
I/DEBUG   ( 1141):          bfff473c  b7706fcc  /system/lib/libc.so
I/DEBUG   ( 1141):          ........  ........
I/DEBUG   ( 1141): 
I/DEBUG   ( 1141): memory map around fault addr b7704006:
I/DEBUG   ( 1141):     b766b000-b7704000 r-x /system/lib/libc.so
I/DEBUG   ( 1141):     b7704000-b7705000 --- 
I/DEBUG   ( 1141):     b7705000-b7707000 r-- /system/lib/libc.so
I/BootReceiver( 1560): Copying /data/tombstones/tombstone_00 to DropBox (SYSTEM_TOMBSTONE)
F/CRASH_LOGGER( 2746): SIGSEGV : sample74.dex_repaired.dex 
W/dalvikvm( 2748): WARNING: Odd length: expected 0, got 551885
F/libc    ( 2748): Fatal signal 11 (SIGSEGV) at 0xb7710006 (code=2), thread 2748 (dexdump)
I/DEBUG   ( 1141): *** *** *** *** *** *** *** *** *** *** *** *** *** *** *** ***
I/DEBUG   ( 1141): Build fingerprint: 'generic_x86/sdk_x86/generic_x86:4.4.2/KK/4174703:eng/test-keys'
I/DEBUG   ( 1141): Revision: '0'
I/DEBUG   ( 1141): pid: 2748, tid: 2748, name: dexdump  >>> /system/xbin/dexdump <<<
I/DEBUG   ( 1141): signal 11 (SIGSEGV), code 2 (SEGV_ACCERR), fault addr b7710006
W/NativeCrashListener( 1560): Couldn't find ProcessRecord for pid 2748
I/DEBUG   ( 1141): 
I/DEBUG   ( 1141): backtrace:
I/DEBUG   ( 1141): AM write failure (32 / Broken pipe)
I/DEBUG   ( 1141):     #00  pc 00001500  /system/lib/libz.so (adler32+208)
I/DEBUG   ( 1141):     #01  pc 000101e1  /system/xbin/dexdump (dexSwapAndVerify(unsigned char*, int)+273)
I/DEBUG   ( 1141):     #02  pc 0000746b  /system/xbin/dexdump (dexOpenAndMap(char const*, char const*, MemMapping*, bool)+923)
I/DEBUG   ( 1141):     #03  pc 00006b9a  /system/xbin/dexdump (main+554)
I/DEBUG   ( 1141):     #04  pc 0000d52c  /system/lib/libc.so (__libc_init+108)
I/DEBUG   ( 1141):     #05  pc 00001771  /system/xbin/dexdump (_start+97)
I/DEBUG   ( 1141): 
I/DEBUG   ( 1141): stack:
I/DEBUG   ( 1141):          bf8d1340  b77487bc  /system/bin/linker (__dl__ZN6soinfo16CallConstructorsEv.part.10+316)
I/DEBUG   ( 1141):          bf8d1344  b764ecfc  /system/lib/libm.so
I/DEBUG   ( 1141):          bf8d1348  b774423c  
I/DEBUG   ( 1141):          bf8d134c  00000003  
I/DEBUG   ( 1141):          bf8d1350  b774ac85  /system/bin/linker (__dl__ZL17soinfo_link_imageP6soinfo+2421)
I/DEBUG   ( 1141):          bf8d1354  b7769034  /system/xbin/dexdump
I/DEBUG   ( 1141):          bf8d1358  00000008  
I/DEBUG   ( 1141):          bf8d135c  b7769000  /system/xbin/dexdump
I/DEBUG   ( 1141):          bf8d1360  00000000  
I/DEBUG   ( 1141):          bf8d1364  b7766fe4  /system/bin/linker
I/DEBUG   ( 1141):          bf8d1368  00000000  
I/DEBUG   ( 1141):          bf8d136c  00000001  
I/DEBUG   ( 1141):          bf8d1370  b776027c  /system/bin/linker
I/DEBUG   ( 1141):          bf8d1374  00000000  
I/DEBUG   ( 1141):          bf8d1378  b7744474  
I/DEBUG   ( 1141):          bf8d137c  b7744358  
I/DEBUG   ( 1141):     #00  bf8d1380  000c1cb2  
I/DEBUG   ( 1141):          bf8d1384  000c1cb2  
I/DEBUG   ( 1141):          bf8d1388  000c1cb2  
I/DEBUG   ( 1141):          bf8d138c  000c1cb2  
I/DEBUG   ( 1141):          bf8d1390  000c1cb2  
I/DEBUG   ( 1141):          bf8d1394  000c1cb2  
I/DEBUG   ( 1141):          bf8d1398  000c1cb2  
I/DEBUG   ( 1141):          bf8d139c  000c1cb2  
I/DEBUG   ( 1141):          bf8d13a0  000c1cb2  
I/DEBUG   ( 1141):          bf8d13a4  000c1cb2  
I/DEBUG   ( 1141):          bf8d13a8  000c1cb2  
I/DEBUG   ( 1141):          bf8d13ac  000c1cb2  
I/DEBUG   ( 1141):          bf8d13b0  a3e0f3d4  
I/DEBUG   ( 1141):          bf8d13b4  b77100bc  
I/DEBUG   ( 1141):          bf8d13b8  b76467a9  /system/lib/liblog.so (__android_log_print+9)
I/DEBUG   ( 1141):          bf8d13bc  b7783f28  /system/xbin/dexdump
I/DEBUG   ( 1141):          ........  ........
I/DEBUG   ( 1141):     #01  bf8d13d0  00000001  
I/DEBUG   ( 1141):          bf8d13d4  b759e00c  /data/local/tmp/sample74.dex_repaired.dex
I/DEBUG   ( 1141):          bf8d13d8  ffe8df44  
I/DEBUG   ( 1141):          bf8d13dc  00000000  
I/DEBUG   ( 1141):          bf8d13e0  00086bcd  
I/DEBUG   ( 1141):          bf8d13e4  b759e000  /data/local/tmp/sample74.dex_repaired.dex
I/DEBUG   ( 1141):          bf8d13e8  b76b3325  /system/lib/libc.so (madvise+37)
I/DEBUG   ( 1141):          bf8d13ec  00000016  
I/DEBUG   ( 1141):          bf8d13f0  00000003  
I/DEBUG   ( 1141):          bf8d13f4  00008000  
I/DEBUG   ( 1141):          bf8d13f8  b7712fcc  /system/lib/libc.so
I/DEBUG   ( 1141):          bf8d13fc  b768ee2c  /system/lib/libc.so (mmap+188)
I/DEBUG   ( 1141):          bf8d1400  b759e000  /data/local/tmp/sample74.dex_repaired.dex
I/DEBUG   ( 1141):          bf8d1404  00086bcd  
I/DEBUG   ( 1141):          bf8d1408  0000000c  
I/DEBUG   ( 1141):          bf8d140c  00000000  
I/DEBUG   ( 1141):          ........  ........
I/DEBUG   ( 1141):     #02  bf8d1480  b759e000  /data/local/tmp/sample74.dex_repaired.dex
I/DEBUG   ( 1141):          bf8d1484  00086bcd  
I/DEBUG   ( 1141):          bf8d1488  00000001  
I/DEBUG   ( 1141):          bf8d148c  bf8d1570  [stack]
I/DEBUG   ( 1141):          bf8d1490  b76f9c7c  /system/lib/libc.so
I/DEBUG   ( 1141):          bf8d1494  00000002  
I/DEBUG   ( 1141):          bf8d1498  bf8d1604  [stack]
I/DEBUG   ( 1141):          bf8d149c  bf8d1610  [stack]
I/DEBUG   ( 1141):          bf8d14a0  00000003  
I/DEBUG   ( 1141):          bf8d14a4  00000000  
I/DEBUG   ( 1141):          bf8d14a8  00000000  
I/DEBUG   ( 1141):          bf8d14ac  321a7600  
I/DEBUG   ( 1141):          bf8d14b0  00000000  
I/DEBUG   ( 1141):          bf8d14b4  ffffffff  
I/DEBUG   ( 1141):          bf8d14b8  b76c0c0b  /system/lib/libc.so (__vfprintf+11)
I/DEBUG   ( 1141):          bf8d14bc  b7712fcc  /system/lib/libc.so
I/DEBUG   ( 1141):          ........  ........
I/DEBUG   ( 1141): 
I/DEBUG   ( 1141): memory map around fault addr b7710006:
I/DEBUG   ( 1141):     b7677000-b7710000 r-x /system/lib/libc.so
I/DEBUG   ( 1141):     b7710000-b7711000 --- 
I/DEBUG   ( 1141):     b7711000-b7713000 r-- /system/lib/libc.so
I/BootReceiver( 1560): Copying /data/tombstones/tombstone_04 to DropBox (SYSTEM_TOMBSTONE)
F/CRASH_LOGGER( 2756): SIGSEGV : sample57.dex_repaired.dex 
W/dalvikvm( 2758): WARNING: Odd length: expected 0, got 551849
F/libc    ( 2758): Fatal signal 11 (SIGSEGV) at 0xb76c4006 (code=2), thread 2758 (dexdump)
I/DEBUG   ( 1141): *** *** *** *** *** *** *** *** *** *** *** *** *** *** *** ***
I/DEBUG   ( 1141): Build fingerprint: 'generic_x86/sdk_x86/generic_x86:4.4.2/KK/4174703:eng/test-keys'
I/DEBUG   ( 1141): Revision: '0'
I/DEBUG   ( 1141): pid: 2758, tid: 2758, name: dexdump  >>> /system/xbin/dexdump <<<
I/DEBUG   ( 1141): signal 11 (SIGSEGV), code 2 (SEGV_ACCERR), fault addr b76c4006
I/DEBUG   ( 1141): 
I/DEBUG   ( 1141): backtrace:
I/DEBUG   ( 1141): AM write failure (32 / Broken pipe)
I/DEBUG   ( 1141):     #00  pc 00001500  /system/lib/libz.so (adler32+208)
I/DEBUG   ( 1141):     #01  pc 000101e1  /system/xbin/dexdump (dexSwapAndVerify(unsigned char*, int)+273)
I/DEBUG   ( 1141):     #02  pc 0000746b  /system/xbin/dexdump (dexOpenAndMap(char const*, char const*, MemMapping*, bool)+923)
I/DEBUG   ( 1141):     #03  pc 00006b9a  /system/xbin/dexdump (main+554)
I/DEBUG   ( 1141):     #04  pc 0000d52c  /system/lib/libc.so (__libc_init+108)
I/DEBUG   ( 1141):     #05  pc 00001771  /system/xbin/dexdump (_start+97)
I/DEBUG   ( 1141): 
I/DEBUG   ( 1141): stack:
I/DEBUG   ( 1141):          bf8b4e50  b76fc7bc  /system/bin/linker (__dl__ZN6soinfo16CallConstructorsEv.part.10+316)
I/DEBUG   ( 1141):          bf8b4e54  b7602cfc  /system/lib/libm.so
I/DEBUG   ( 1141):          bf8b4e58  b76f823c  
I/DEBUG   ( 1141):          bf8b4e5c  00000003  
I/DEBUG   ( 1141):          bf8b4e60  b76fec85  /system/bin/linker (__dl__ZL17soinfo_link_imageP6soinfo+2421)
I/DEBUG   ( 1141):          bf8b4e64  b771d034  /system/xbin/dexdump
I/DEBUG   ( 1141):          bf8b4e68  00000008  
I/DEBUG   ( 1141):          bf8b4e6c  b771d000  /system/xbin/dexdump
I/DEBUG   ( 1141):          bf8b4e70  00000000  
I/DEBUG   ( 1141):          bf8b4e74  b771afe4  /system/bin/linker
I/DEBUG   ( 1141):          bf8b4e78  00000000  
I/DEBUG   ( 1141):          bf8b4e7c  00000001  
I/DEBUG   ( 1141):          bf8b4e80  b771427c  /system/bin/linker
I/DEBUG   ( 1141):          bf8b4e84  00000000  
I/DEBUG   ( 1141):          bf8b4e88  b76f8474  
I/DEBUG   ( 1141):          bf8b4e8c  b76f8358  
I/DEBUG   ( 1141):     #00  bf8b4e90  000c0ffd  
I/DEBUG   ( 1141):          bf8b4e94  000c0ffd  
I/DEBUG   ( 1141):          bf8b4e98  000c0ffd  
I/DEBUG   ( 1141):          bf8b4e9c  000c0ffd  
I/DEBUG   ( 1141):          bf8b4ea0  000c0ffd  
I/DEBUG   ( 1141):          bf8b4ea4  000c0ffd  
I/DEBUG   ( 1141):          bf8b4ea8  000c0ffd  
I/DEBUG   ( 1141):          bf8b4eac  000c0ffd  
I/DEBUG   ( 1141):          bf8b4eb0  000c0ffd  
I/DEBUG   ( 1141):          bf8b4eb4  000c0ffd  
I/DEBUG   ( 1141):          bf8b4eb8  000c0ffd  
I/DEBUG   ( 1141):          bf8b4ebc  000c0ffd  
I/DEBUG   ( 1141):          bf8b4ec0  a2d69bb8  
I/DEBUG   ( 1141):          bf8b4ec4  b76c40bc  
I/DEBUG   ( 1141):          bf8b4ec8  b75fa7a9  /system/lib/liblog.so (__android_log_print+9)
I/DEBUG   ( 1141):          bf8b4ecc  b7737f28  /system/xbin/dexdump
I/DEBUG   ( 1141):          ........  ........
I/DEBUG   ( 1141):     #01  bf8b4ee0  00000001  
I/DEBUG   ( 1141):          bf8b4ee4  b755200c  /data/local/tmp/sample57.dex_repaired.dex
I/DEBUG   ( 1141):          bf8b4ee8  ffe8df44  
I/DEBUG   ( 1141):          bf8b4eec  00000000  
I/DEBUG   ( 1141):          bf8b4ef0  00086ba9  
I/DEBUG   ( 1141):          bf8b4ef4  b7552000  /data/local/tmp/sample57.dex_repaired.dex
I/DEBUG   ( 1141):          bf8b4ef8  b7667325  /system/lib/libc.so (madvise+37)
I/DEBUG   ( 1141):          bf8b4efc  00000016  
I/DEBUG   ( 1141):          bf8b4f00  00000003  
I/DEBUG   ( 1141):          bf8b4f04  00008000  
I/DEBUG   ( 1141):          bf8b4f08  b76c6fcc  /system/lib/libc.so
I/DEBUG   ( 1141):          bf8b4f0c  b7642e2c  /system/lib/libc.so (mmap+188)
I/DEBUG   ( 1141):          bf8b4f10  b7552000  /data/local/tmp/sample57.dex_repaired.dex
I/DEBUG   ( 1141):          bf8b4f14  00086ba9  
I/DEBUG   ( 1141):          bf8b4f18  0000000c  
I/DEBUG   ( 1141):          bf8b4f1c  00000000  
I/DEBUG   ( 1141):          ........  ........
I/DEBUG   ( 1141):     #02  bf8b4f90  b7552000  /data/local/tmp/sample57.dex_repaired.dex
I/DEBUG   ( 1141):          bf8b4f94  00086ba9  
I/DEBUG   ( 1141):          bf8b4f98  00000001  
I/DEBUG   ( 1141):          bf8b4f9c  bf8b5080  [stack]
I/DEBUG   ( 1141):          bf8b4fa0  b76adc7c  /system/lib/libc.so
I/DEBUG   ( 1141):          bf8b4fa4  00000002  
I/DEBUG   ( 1141):          bf8b4fa8  bf8b5114  [stack]
I/DEBUG   ( 1141):          bf8b4fac  bf8b5120  [stack]
I/DEBUG   ( 1141):          bf8b4fb0  00000003  
I/DEBUG   ( 1141):          bf8b4fb4  00000000  
I/DEBUG   ( 1141):          bf8b4fb8  00000000  
I/DEBUG   ( 1141):          bf8b4fbc  58025400  
I/DEBUG   ( 1141):          bf8b4fc0  00000000  
I/DEBUG   ( 1141):          bf8b4fc4  ffffffff  
I/DEBUG   ( 1141):          bf8b4fc8  b7674c0b  /system/lib/libc.so (__vfprintf+11)
I/DEBUG   ( 1141):          bf8b4fcc  b76c6fcc  /system/lib/libc.so
I/DEBUG   ( 1141):          ........  ........
I/DEBUG   ( 1141): 
I/DEBUG   ( 1141): memory map around fault addr b76c4006:
I/DEBUG   ( 1141):     b762b000-b76c4000 r-x /system/lib/libc.so
I/DEBUG   ( 1141):     b76c4000-b76c5000 --- 
I/DEBUG   ( 1141):     b76c5000-b76c7000 r-- /system/lib/libc.so
W/NativeCrashListener( 1560): Couldn't find ProcessRecord for pid 2758
I/BootReceiver( 1560): Copying /data/tombstones/tombstone_05 to DropBox (SYSTEM_TOMBSTONE)
D/dalvikvm( 1560): GC_FOR_ALLOC freed 428K, 14% free 5355K/6160K, paused 15ms, total 15ms
F/CRASH_LOGGER( 2766): SIGSEGV : sample59.dex_repaired.dex 
W/dalvikvm( 2768): WARNING: Odd length: expected 0, got 551843
F/libc    ( 2768): Fatal signal 11 (SIGSEGV) at 0xb7741006 (code=2), thread 2768 (dexdump)
I/DEBUG   ( 1141): *** *** *** *** *** *** *** *** *** *** *** *** *** *** *** ***
I/DEBUG   ( 1141): Build fingerprint: 'generic_x86/sdk_x86/generic_x86:4.4.2/KK/4174703:eng/test-keys'
I/DEBUG   ( 1141): Revision: '0'
I/DEBUG   ( 1141): pid: 2768, tid: 2768, name: dexdump  >>> /system/xbin/dexdump <<<
I/DEBUG   ( 1141): signal 11 (SIGSEGV), code 2 (SEGV_ACCERR), fault addr b7741006
I/DEBUG   ( 1141): 
I/DEBUG   ( 1141): backtrace:
I/DEBUG   ( 1141): AM write failure (32 / Broken pipe)
I/DEBUG   ( 1141):     #00  pc 00001500  /system/lib/libz.so (adler32+208)
I/DEBUG   ( 1141):     #01  pc 000101e1  /system/xbin/dexdump (dexSwapAndVerify(unsigned char*, int)+273)
I/DEBUG   ( 1141):     #02  pc 0000746b  /system/xbin/dexdump (dexOpenAndMap(char const*, char const*, MemMapping*, bool)+923)
I/DEBUG   ( 1141):     #03  pc 00006b9a  /system/xbin/dexdump (main+554)
I/DEBUG   ( 1141):     #04  pc 0000d52c  /system/lib/libc.so (__libc_init+108)
I/DEBUG   ( 1141):     #05  pc 00001771  /system/xbin/dexdump (_start+97)
I/DEBUG   ( 1141): 
I/DEBUG   ( 1141): stack:
I/DEBUG   ( 1141):          bffd1030  b77797bc  /system/bin/linker (__dl__ZN6soinfo16CallConstructorsEv.part.10+316)
I/DEBUG   ( 1141):          bffd1034  b767fcfc  /system/lib/libm.so
I/DEBUG   ( 1141):          bffd1038  b777523c  
I/DEBUG   ( 1141):          bffd103c  00000003  
I/DEBUG   ( 1141):          bffd1040  b777bc85  /system/bin/linker (__dl__ZL17soinfo_link_imageP6soinfo+2421)
I/DEBUG   ( 1141):          bffd1044  b779a034  /system/xbin/dexdump
I/DEBUG   ( 1141):          bffd1048  00000008  
I/DEBUG   ( 1141):          bffd104c  b779a000  /system/xbin/dexdump
I/DEBUG   ( 1141):          bffd1050  00000000  
I/DEBUG   ( 1141):          bffd1054  b7797fe4  /system/bin/linker
I/DEBUG   ( 1141):          bffd1058  00000000  
I/DEBUG   ( 1141):          bffd105c  00000001  
I/DEBUG   ( 1141):          bffd1060  b779127c  /system/bin/linker
I/DEBUG   ( 1141):          bffd1064  00000000  
I/DEBUG   ( 1141):          bffd1068  b7775474  
I/DEBUG   ( 1141):          bffd106c  b7775358  
I/DEBUG   ( 1141):     #00  bffd1070  000c0cf6  
I/DEBUG   ( 1141):          bffd1074  000c0cf6  
I/DEBUG   ( 1141):          bffd1078  000c0cf6  
I/DEBUG   ( 1141):          bffd107c  000c0cf6  
I/DEBUG   ( 1141):          bffd1080  000c0cf6  
I/DEBUG   ( 1141):          bffd1084  000c0cf6  
I/DEBUG   ( 1141):          bffd1088  000c0cf6  
I/DEBUG   ( 1141):          bffd108c  000c0cf6  
I/DEBUG   ( 1141):          bffd1090  000c0cf6  
I/DEBUG   ( 1141):          bffd1094  000c0cf6  
I/DEBUG   ( 1141):          bffd1098  000c0cf6  
I/DEBUG   ( 1141):          bffd109c  000c0cf6  
I/DEBUG   ( 1141):          bffd10a0  a2971668  
I/DEBUG   ( 1141):          bffd10a4  b77410bc  
I/DEBUG   ( 1141):          bffd10a8  b76777a9  /system/lib/liblog.so (__android_log_print+9)
I/DEBUG   ( 1141):          bffd10ac  b77b4f28  /system/xbin/dexdump
I/DEBUG   ( 1141):          ........  ........
I/DEBUG   ( 1141):     #01  bffd10c0  00000001  
I/DEBUG   ( 1141):          bffd10c4  b75cf00c  /data/local/tmp/sample59.dex_repaired.dex
I/DEBUG   ( 1141):          bffd10c8  ffe8df44  
I/DEBUG   ( 1141):          bffd10cc  00000000  
I/DEBUG   ( 1141):          bffd10d0  00086ba3  
I/DEBUG   ( 1141):          bffd10d4  b75cf000  /data/local/tmp/sample59.dex_repaired.dex
I/DEBUG   ( 1141):          bffd10d8  b76e4325  /system/lib/libc.so (madvise+37)
I/DEBUG   ( 1141):          bffd10dc  00000016  
I/DEBUG   ( 1141):          bffd10e0  00000003  
I/DEBUG   ( 1141):          bffd10e4  00008000  
I/DEBUG   ( 1141):          bffd10e8  b7743fcc  /system/lib/libc.so
I/DEBUG   ( 1141):          bffd10ec  b76bfe2c  /system/lib/libc.so (mmap+188)
I/DEBUG   ( 1141):          bffd10f0  b75cf000  /data/local/tmp/sample59.dex_repaired.dex
I/DEBUG   ( 1141):          bffd10f4  00086ba3  
I/DEBUG   ( 1141):          bffd10f8  0000000c  
I/DEBUG   ( 1141):          bffd10fc  00000000  
I/DEBUG   ( 1141):          ........  ........
I/DEBUG   ( 1141):     #02  bffd1170  b75cf000  /data/local/tmp/sample59.dex_repaired.dex
I/DEBUG   ( 1141):          bffd1174  00086ba3  
I/DEBUG   ( 1141):          bffd1178  00000001  
I/DEBUG   ( 1141):          bffd117c  bffd1260  [stack]
I/DEBUG   ( 1141):          bffd1180  b772ac7c  /system/lib/libc.so
I/DEBUG   ( 1141):          bffd1184  00000002  
I/DEBUG   ( 1141):          bffd1188  bffd12f4  [stack]
I/DEBUG   ( 1141):          bffd118c  bffd1300  [stack]
I/DEBUG   ( 1141):          bffd1190  00000003  
I/DEBUG   ( 1141):          bffd1194  00000000  
I/DEBUG   ( 1141):          bffd1198  00000000  
I/DEBUG   ( 1141):          bffd119c  45140f00  
I/DEBUG   ( 1141):          bffd11a0  00000000  
I/DEBUG   ( 1141):          bffd11a4  ffffffff  
I/DEBUG   ( 1141):          bffd11a8  b76f1c0b  /system/lib/libc.so (__vfprintf+11)
I/DEBUG   ( 1141):          bffd11ac  b7743fcc  /system/lib/libc.so
I/DEBUG   ( 1141):          ........  ........
I/DEBUG   ( 1141): 
I/DEBUG   ( 1141): memory map around fault addr b7741006:
I/DEBUG   ( 1141):     b76a8000-b7741000 r-x /system/lib/libc.so
I/DEBUG   ( 1141):     b7741000-b7742000 --- 
I/DEBUG   ( 1141):     b7742000-b7744000 r-- /system/lib/libc.so
W/NativeCrashListener( 1560): Couldn't find ProcessRecord for pid 2768
I/BootReceiver( 1560): Copying /data/tombstones/tombstone_06 to DropBox (SYSTEM_TOMBSTONE)
F/CRASH_LOGGER( 2776): SIGSEGV : sample1.dex_repaired.dex 
W/dalvikvm( 2778): WARNING: Odd length: expected 0, got 552874
F/libc    ( 2778): Fatal signal 11 (SIGSEGV) at 0xb76e8006 (code=2), thread 2778 (dexdump)
I/DEBUG   ( 1141): *** *** *** *** *** *** *** *** *** *** *** *** *** *** *** ***
I/DEBUG   ( 1141): Build fingerprint: 'generic_x86/sdk_x86/generic_x86:4.4.2/KK/4174703:eng/test-keys'
I/DEBUG   ( 1141): Revision: '0'
I/DEBUG   ( 1141): pid: 2778, tid: 2778, name: dexdump  >>> /system/xbin/dexdump <<<
I/DEBUG   ( 1141): signal 11 (SIGSEGV), code 2 (SEGV_ACCERR), fault addr b76e8006
I/DEBUG   ( 1141): 
I/DEBUG   ( 1141): backtrace:
I/DEBUG   ( 1141): AM write failure (32 / Broken pipe)
I/DEBUG   ( 1141):     #00  pc 00001500  /system/lib/libz.so (adler32+208)
I/DEBUG   ( 1141):     #01  pc 000101e1  /system/xbin/dexdump (dexSwapAndVerify(unsigned char*, int)+273)
I/DEBUG   ( 1141):     #02  pc 0000746b  /system/xbin/dexdump (dexOpenAndMap(char const*, char const*, MemMapping*, bool)+923)
I/DEBUG   ( 1141):     #03  pc 00006b9a  /system/xbin/dexdump (main+554)
I/DEBUG   ( 1141):     #04  pc 0000d52c  /system/lib/libc.so (__libc_init+108)
I/DEBUG   ( 1141):     #05  pc 00001771  /system/xbin/dexdump (_start+97)
I/DEBUG   ( 1141): 
I/DEBUG   ( 1141): stack:
